Archive member included to satisfy reference by file (symbol)

../src/ASF/thirdparty/wireless/ble_smart_sdk/lib/cm0/gcc\libblusdk.a(event.o)
                              src/ASF/thirdparty/wireless/ble_smart_sdk/ble_services/ble_mgr/ble_manager.o (at_ble_event_get)
../src/ASF/thirdparty/wireless/ble_smart_sdk/lib/cm0/gcc\libblusdk.a(gap.o)
                              src/ASF/thirdparty/wireless/ble_smart_sdk/ble_services/ble_mgr/ble_manager.o (at_ble_device_name_set)
../src/ASF/thirdparty/wireless/ble_smart_sdk/lib/cm0/gcc\libblusdk.a(gatt_client.o)
                              ../src/ASF/thirdparty/wireless/ble_smart_sdk/lib/cm0/gcc\libblusdk.a(gap.o) (init_gatt_client_module)
../src/ASF/thirdparty/wireless/ble_smart_sdk/lib/cm0/gcc\libblusdk.a(gatt_server.o)
                              ../src/ASF/thirdparty/wireless/ble_smart_sdk/lib/cm0/gcc\libblusdk.a(gap.o) (initi_gatt_server_module)
../src/ASF/thirdparty/wireless/ble_smart_sdk/lib/cm0/gcc\libblusdk.a(l2cc_task.o)
                              ../src/ASF/thirdparty/wireless/ble_smart_sdk/lib/cm0/gcc\libblusdk.a(gap.o) (init_l2cc_task_module)
../src/ASF/thirdparty/wireless/ble_smart_sdk/lib/cm0/gcc\libblusdk.a(security.o)
                              src/ASF/thirdparty/wireless/ble_smart_sdk/ble_services/ble_mgr/ble_manager.o (at_ble_authenticate)
../src/ASF/thirdparty/wireless/ble_smart_sdk/lib/cm0/gcc\libblusdk.a(interface.o)
                              ../src/ASF/thirdparty/wireless/ble_smart_sdk/lib/cm0/gcc\libblusdk.a(gap.o) (rx_callback)
../src/ASF/thirdparty/wireless/ble_smart_sdk/lib/cm0/gcc\libblusdk.a(calib_task.o)
                              ../src/ASF/thirdparty/wireless/ble_smart_sdk/lib/cm0/gcc\libblusdk.a(gap.o) (calib_config)
../src/ASF/thirdparty/wireless/ble_smart_sdk/lib/cm0/gcc\libblusdk.a(dbg_task.o)
                              ../src/ASF/thirdparty/wireless/ble_smart_sdk/lib/cm0/gcc\libblusdk.a(gap.o) (dbg_le_set_bd_addr_req_handler)
../src/ASF/thirdparty/wireless/ble_smart_sdk/lib/cm0/gcc\libblusdk.a(gapc_task.o)
                              ../src/ASF/thirdparty/wireless/ble_smart_sdk/lib/cm0/gcc\libblusdk.a(security.o) (check_ConnData_idx_role)
../src/ASF/thirdparty/wireless/ble_smart_sdk/lib/cm0/gcc\libblusdk.a(gapm_task.o)
                              ../src/ASF/thirdparty/wireless/ble_smart_sdk/lib/cm0/gcc\libblusdk.a(gap.o) (gapm_reset_req_handler)
../src/ASF/thirdparty/wireless/ble_smart_sdk/lib/cm0/gcc\libblusdk.a(gattc_task.o)
                              ../src/ASF/thirdparty/wireless/ble_smart_sdk/lib/cm0/gcc\libblusdk.a(gatt_server.o) (gattc_read_req_ind_parser)
../src/ASF/thirdparty/wireless/ble_smart_sdk/lib/cm0/gcc\libblusdk.a(gattm_task.o)
                              ../src/ASF/thirdparty/wireless/ble_smart_sdk/lib/cm0/gcc\libblusdk.a(gatt_server.o) (gattm_add_svc_req_handler)
../src/ASF/thirdparty/wireless/ble_smart_sdk/lib/cm0/gcc\libblusdk.a(htpt_task.o)
                              ../src/ASF/thirdparty/wireless/ble_smart_sdk/lib/cm0/gcc\libblusdk.a(event.o) (htpt_enable_rsp_handler)
c:/program files (x86)/atmel/studio/7.0/toolchain/arm/arm-gnu-toolchain/bin/../lib/gcc/arm-none-eabi/5.3.1/armv6-m\libgcc.a(_thumb1_case_sqi.o)
                              ../src/ASF/thirdparty/wireless/ble_smart_sdk/lib/cm0/gcc\libblusdk.a(gap.o) (__gnu_thumb1_case_sqi)
c:/program files (x86)/atmel/studio/7.0/toolchain/arm/arm-gnu-toolchain/bin/../lib/gcc/arm-none-eabi/5.3.1/armv6-m\libgcc.a(_thumb1_case_uqi.o)
                              ../src/ASF/thirdparty/wireless/ble_smart_sdk/lib/cm0/gcc\libblusdk.a(gap.o) (__gnu_thumb1_case_uqi)
c:/program files (x86)/atmel/studio/7.0/toolchain/arm/arm-gnu-toolchain/bin/../lib/gcc/arm-none-eabi/5.3.1/armv6-m\libgcc.a(_udivsi3.o)
                              src/ASF/sam0/drivers/uart/uart.o (__aeabi_uidiv)
c:/program files (x86)/atmel/studio/7.0/toolchain/arm/arm-gnu-toolchain/bin/../lib/gcc/arm-none-eabi/5.3.1/armv6-m\libgcc.a(_dvmd_tls.o)
                              c:/program files (x86)/atmel/studio/7.0/toolchain/arm/arm-gnu-toolchain/bin/../lib/gcc/arm-none-eabi/5.3.1/armv6-m\libgcc.a(_udivsi3.o) (__aeabi_idiv0)
c:/program files (x86)/atmel/studio/7.0/toolchain/arm/arm-gnu-toolchain/bin/../lib/gcc/arm-none-eabi/5.3.1/armv6-m\libgcc.a(_fixunsdfsi.o)
                              src/ASF/thirdparty/wireless/ble_smart_sdk/services/uart/console_serial.o (__aeabi_d2uiz)
c:/program files (x86)/atmel/studio/7.0/toolchain/arm/arm-gnu-toolchain/bin/../lib/gcc/arm-none-eabi/5.3.1/armv6-m\libgcc.a(mulsf3.o)
                              ../src/ASF/thirdparty/wireless/ble_smart_sdk/lib/cm0/gcc\libblusdk.a(calib_task.o) (__aeabi_fmul)
c:/program files (x86)/atmel/studio/7.0/toolchain/arm/arm-gnu-toolchain/bin/../lib/gcc/arm-none-eabi/5.3.1/armv6-m\libgcc.a(floatunsisf.o)
                              ../src/ASF/thirdparty/wireless/ble_smart_sdk/lib/cm0/gcc\libblusdk.a(calib_task.o) (__aeabi_ui2f)
[...]
Memory Configuration

Name             Origin             Length             Attributes
ram              0x10008000         0x00017800         xrw
lram             0x1001f800         0x00000800         xrw
*default*        0x00000000         0xffffffff

Linker script and memory map

LOAD c:/program files (x86)/atmel/studio/7.0/toolchain/arm/arm-gnu-toolchain/bin/../lib/gcc/arm-none-eabi/5.3.1/armv6-m/crti.o
LOAD c:/program files (x86)/atmel/studio/7.0/toolchain/arm/arm-gnu-toolchain/bin/../lib/gcc/arm-none-eabi/5.3.1/armv6-m/crtbegin.o
LOAD c:/program files (x86)/atmel/studio/7.0/toolchain/arm/arm-gnu-toolchain/bin/../lib/gcc/arm-none-eabi/5.3.1/../../../../arm-none-eabi/lib/armv6-m/crt0.o
LOAD src/ASF/sam0/drivers/spi/spi.o
LOAD src/ASF/sam0/drivers/spi/spi_callback.o
LOAD src/MemLCD.o
LOAD src/microsoftSansSerif_8pt.o
LOAD src/ASF/common/utils/interrupt/interrupt_sam_nvic.o
LOAD src/ASF/sam0/boards/samb11_xplained_pro/board_init.o
LOAD src/ASF/sam0/drivers/dualtimer/dualtimer.o
LOAD src/ASF/sam0/drivers/gpio/gpio.o
LOAD src/ASF/sam0/drivers/system/system_sam_b.o
LOAD src/ASF/sam0/drivers/timer/timer.o
LOAD src/ASF/sam0/drivers/uart/uart.o
LOAD src/ASF/sam0/utils/cmsis/samb11/source/gcc/startup_samb11.o
LOAD src/ASF/sam0/utils/cmsis/samb11/source/system_samb11.o
LOAD src/ASF/sam0/utils/stdio/read.o
LOAD src/ASF/sam0/utils/stdio/write.o
LOAD src/ASF/sam0/utils/syscalls/gcc/syscalls.o
LOAD src/ASF/thirdparty/wireless/ble_smart_sdk/ble_profiles/cscp/cscp.o
LOAD src/ASF/thirdparty/wireless/ble_smart_sdk/ble_services/ble_mgr/ble_manager.o
LOAD src/ASF/thirdparty/wireless/ble_smart_sdk/ble_services/cscs/cscs.o
LOAD src/ASF/thirdparty/wireless/ble_smart_sdk/services/dualtimer/timer_hw.o
LOAD src/ASF/thirdparty/wireless/ble_smart_sdk/services/gpio/button.o
LOAD src/ASF/thirdparty/wireless/ble_smart_sdk/services/gpio/led.o
LOAD src/ASF/thirdparty/wireless/ble_smart_sdk/services/uart/console_serial.o
LOAD src/ASF/thirdparty/wireless/ble_smart_sdk/src/event_handler.o
LOAD src/ASF/thirdparty/wireless/ble_smart_sdk/src/platform_drv.o
LOAD src/ASF/thirdparty/wireless/ble_smart_sdk/src/port_from_sdk.o
LOAD src/csc_app.o
START GROUP
LOAD ../src/ASF/thirdparty/CMSIS/Lib/GCC\libarm_cortexM0l_math.a
LOAD ../src/ASF/thirdparty/wireless/ble_smart_sdk/lib/cm0/gcc\libblusdk.a
LOAD c:/program files (x86)/atmel/studio/7.0/toolchain/arm/arm-gnu-toolchain/bin/../lib/gcc/arm-none-eabi/5.3.1/../../../../arm-none-eabi/lib/armv6-m\libm.a
END GROUP
START GROUP
LOAD c:/program files (x86)/atmel/studio/7.0/toolchain/arm/arm-gnu-toolchain/bin/../lib/gcc/arm-none-eabi/5.3.1/armv6-m\libgcc.a
LOAD c:/program files (x86)/atmel/studio/7.0/toolchain/arm/arm-gnu-toolchain/bin/../lib/gcc/arm-none-eabi/5.3.1/../../../../arm-none-eabi/lib/armv6-m\libc_nano.a
END GROUP
START GROUP
LOAD c:/program files (x86)/atmel/studio/7.0/toolchain/arm/arm-gnu-toolchain/bin/../lib/gcc/arm-none-eabi/5.3.1/armv6-m\libgcc.a
LOAD c:/program files (x86)/atmel/studio/7.0/toolchain/arm/arm-gnu-toolchain/bin/../lib/gcc/arm-none-eabi/5.3.1/../../../../arm-none-eabi/lib/armv6-m\libc_nano.a
END GROUP
LOAD c:/program files (x86)/atmel/studio/7.0/toolchain/arm/arm-gnu-toolchain/bin/../lib/gcc/arm-none-eabi/5.3.1/armv6-m/crtend.o
LOAD c:/program files (x86)/atmel/studio/7.0/toolchain/arm/arm-gnu-toolchain/bin/../lib/gcc/arm-none-eabi/5.3.1/armv6-m/crtn.o
                0x00000800                STACK_SIZE = DEFINED (STACK_SIZE)?STACK_SIZE:DEFINED (__stack_size__)?__stack_size__:0x800

.text           0x10008000     0xb7fc
                0x10008000                . = ALIGN (0x4)
                0x10008000                _sfixed = .
 *(.test.main .text.app_entry)
 .text.app_entry
                0x10008000       0x88 src/ASF/sam0/utils/cmsis/samb11/source/gcc/startup_samb11.o
                0x10008000                app_entry
 *(.text .text.* .gnu.linkonce.t.*)
 .text          0x10008088       0x60 c:/program files (x86)/atmel/studio/7.0/toolchain/arm/arm-gnu-toolchain/bin/../lib/gcc/arm-none-eabi/5.3.1/armv6-m/crtbegin.o
 .text.spi_slave_inst_get_config_defaults
                0x100080e8        0xc src/ASF/sam0/drivers/spi/spi.o
                0x100080e8                spi_slave_inst_get_config_defaults
 .text.spi_get_config_defaults
                0x100080f4       0x2c src/ASF/sam0/drivers/spi/spi.o
                0x100080f4                spi_get_config_defaults
 .text.spi_attach_slave
                0x10008120       0x40 src/ASF/sam0/drivers/spi/spi.o
                0x10008120                spi_attach_slave
 .text.spi_enable
                0x10008160       0x38 src/ASF/sam0/drivers/spi/spi.o
                0x10008160                spi_enable
 .text.spi_disable
                0x10008198       0x74 src/ASF/sam0/drivers/spi/spi.o
                0x10008198                spi_disable
 .text.spi_reset
                0x1000820c       0x3c src/ASF/sam0/drivers/spi/spi.o
                0x1000820c                spi_reset
 .text.spi_init
                0x10008248      0x1cc src/ASF/sam0/drivers/spi/spi.o
                0x10008248                spi_init
 .text.spi_write
                0x10008414       0x10 src/ASF/sam0/drivers/spi/spi.o
                0x10008414                spi_write
 .text.spi_transceive_buffer_wait
                0x10008424       0x84 src/ASF/sam0/drivers/spi/spi.o
                0x10008424                spi_transceive_buffer_wait
 .text.spi_write_buffer_wait
                0x100084a8       0x10 src/ASF/sam0/drivers/spi/spi.o
                0x100084a8                spi_write_buffer_wait
 .text.spi_rx0_isr_handler
                0x100084b8      0x12c src/ASF/sam0/drivers/spi/spi_callback.o
                0x100084b8                spi_rx0_isr_handler
 .text.spi_tx0_isr_handler
                0x100085e4      0x104 src/ASF/sam0/drivers/spi/spi_callback.o
                0x100085e4                spi_tx0_isr_handler
 .text.spi_rx1_isr_handler
                0x100086e8      0x12c src/ASF/sam0/drivers/spi/spi_callback.o
                0x100086e8                spi_rx1_isr_handler
 .text.spi_tx1_isr_handler
                0x10008814      0x104 src/ASF/sam0/drivers/spi/spi_callback.o
                0x10008814                spi_tx1_isr_handler
 .text.draw_pixel
                0x10008918       0x44 src/MemLCD.o
 .text.delay_us
                0x1000895c       0x24 src/MemLCD.o
 .text.draw_string
                0x10008980      0x2dc src/MemLCD.o
                0x10008980                draw_string
 .text.Setup    0x10008c5c       0x74 src/MemLCD.o
                0x10008c5c                Setup
 .text.Transfer
                0x10008cd0       0xd4 src/MemLCD.o
                0x10008cd0                Transfer
 .text.ClearDisplay
                0x10008da4       0x40 src/MemLCD.o
                0x10008da4                ClearDisplay
 .text.ClearBuffer
                0x10008de4       0x20 src/MemLCD.o
                0x10008de4                ClearBuffer
 .text.dualtimer_isr_handler
                0x10008e04       0x44 src/ASF/sam0/drivers/dualtimer/dualtimer.o
 .text.dualtimer_get_config_defaults
                0x10008e48       0x24 src/ASF/sam0/drivers/dualtimer/dualtimer.o
                0x10008e48                dualtimer_get_config_defaults
 .text.dualtimer_get_value
                0x10008e6c       0x14 src/ASF/sam0/drivers/dualtimer/dualtimer.o
                0x10008e6c                dualtimer_get_value
 .text.dualtimer_set_counter
                0x10008e80       0x28 src/ASF/sam0/drivers/dualtimer/dualtimer.o
                0x10008e80                dualtimer_set_counter
 .text.dualtimer_enable
                0x10008ea8       0x24 src/ASF/sam0/drivers/dualtimer/dualtimer.o
                0x10008ea8                dualtimer_enable
 .text.dualtimer_init
                0x10008ecc      0x104 src/ASF/sam0/drivers/dualtimer/dualtimer.o
                0x10008ecc                dualtimer_init
 .text.dualtimer_register_callback
                0x10008fd0       0x18 src/ASF/sam0/drivers/dualtimer/dualtimer.o
                0x10008fd0                dualtimer_register_callback
 .text.gpio_get_config_defaults
                0x10008fe8       0x10 src/ASF/sam0/drivers/gpio/gpio.o
                0x10008fe8                gpio_get_config_defaults
 .text.gpio_pin_set_config
                0x10008ff8      0x1b8 src/ASF/sam0/drivers/gpio/gpio.o
                0x10008ff8                gpio_pin_set_config
 .text.gpio_pin_set_output_level
                0x100091b0       0x8c src/ASF/sam0/drivers/gpio/gpio.o
                0x100091b0                gpio_pin_set_output_level
 .text.gpio_pin_toggle_output_level
                0x1000923c       0x4c src/ASF/sam0/drivers/gpio/gpio.o
                0x1000923c                gpio_pin_toggle_output_level
 .text.gpio_pinmux_cofiguration
                0x10009288      0x14c src/ASF/sam0/drivers/gpio/gpio.o
                0x10009288                gpio_pinmux_cofiguration
 .text.system_clock_config
                0x100093d4       0x84 src/ASF/sam0/drivers/system/system_sam_b.o
                0x100093d4                system_clock_config
 .text.system_clock_get_value
                0x10009458        0xc src/ASF/sam0/drivers/system/system_sam_b.o
                0x10009458                system_clock_get_value
 .text.system_clock_peripheral_enable
                0x10009464      0x35c src/ASF/sam0/drivers/system/system_sam_b.o
                0x10009464                system_clock_peripheral_enable
 .text.system_clock_peripheral_disable
                0x100097c0      0x36c src/ASF/sam0/drivers/system/system_sam_b.o
                0x100097c0                system_clock_peripheral_disable
 .text.system_peripheral_reset
                0x10009b2c      0x468 src/ASF/sam0/drivers/system/system_sam_b.o
                0x10009b2c                system_peripheral_reset
 .text.system_register_isr
                0x10009f94       0x10 src/ASF/sam0/drivers/system/system_sam_b.o
                0x10009f94                system_register_isr
 .text.uart_rx0_isr_handler
                0x10009fa4       0x88 src/ASF/sam0/drivers/uart/uart.o
 .text.uart_tx0_isr_handler
                0x1000a02c       0x8c src/ASF/sam0/drivers/uart/uart.o
 .text.uart_rx1_isr_handler
                0x1000a0b8       0x88 src/ASF/sam0/drivers/uart/uart.o
 .text.uart_tx1_isr_handler
                0x1000a140       0x8c src/ASF/sam0/drivers/uart/uart.o
 .text.uart_get_config_defaults
                0x1000a1cc       0x2c src/ASF/sam0/drivers/uart/uart.o
                0x1000a1cc                uart_get_config_defaults
 .text.uart_init
                0x1000a1f8      0x1bc src/ASF/sam0/drivers/uart/uart.o
                0x1000a1f8                uart_init
 .text.uart_write_wait
                0x1000a3b4       0x10 src/ASF/sam0/drivers/uart/uart.o
                0x1000a3b4                uart_write_wait
 .text.uart_read_wait
                0x1000a3c4       0x14 src/ASF/sam0/drivers/uart/uart.o
                0x1000a3c4                uart_read_wait
 .text.uart_read_buffer_job
                0x1000a3d8       0x28 src/ASF/sam0/drivers/uart/uart.o
                0x1000a3d8                uart_read_buffer_job
 .text.uart_register_callback
                0x1000a400       0x14 src/ASF/sam0/drivers/uart/uart.o
                0x1000a400                uart_register_callback
 .text.uart_enable_callback
                0x1000a414       0x20 src/ASF/sam0/drivers/uart/uart.o
                0x1000a414                uart_enable_callback
 .text.uart_disable_callback
                0x1000a434       0x20 src/ASF/sam0/drivers/uart/uart.o
                0x1000a434                uart_disable_callback
 .text._read    0x1000a454       0x40 src/ASF/sam0/utils/stdio/read.o
                0x1000a454                _read
 .text._write   0x1000a494       0x50 src/ASF/sam0/utils/stdio/write.o
                0x1000a494                _write
 .text._sbrk    0x1000a4e4       0x24 src/ASF/sam0/utils/syscalls/gcc/syscalls.o
                0x1000a4e4                _sbrk
 .text._close   0x1000a508        0x8 src/ASF/sam0/utils/syscalls/gcc/syscalls.o
                0x1000a508                _close
 .text._fstat   0x1000a510        0xc src/ASF/sam0/utils/syscalls/gcc/syscalls.o
                0x1000a510                _fstat
 .text._isatty  0x1000a51c        0x4 src/ASF/sam0/utils/syscalls/gcc/syscalls.o
                0x1000a51c                _isatty
 .text._lseek   0x1000a520        0x4 src/ASF/sam0/utils/syscalls/gcc/syscalls.o
                0x1000a520                _lseek
 .text.csc_prf_disconnect_event_handler
                0x1000a524       0x10 src/ASF/thirdparty/wireless/ble_smart_sdk/ble_profiles/cscp/cscp.o
                0x1000a524                csc_prf_disconnect_event_handler
 .text.csc_notification_confirmation_handler
                0x1000a534        0x4 src/ASF/thirdparty/wireless/ble_smart_sdk/ble_profiles/cscp/cscp.o
                0x1000a534                csc_notification_confirmation_handler
 .text.csc_prf_service_found_handler
                0x1000a538       0x18 src/ASF/thirdparty/wireless/ble_smart_sdk/ble_profiles/cscp/cscp.o
                0x1000a538                csc_prf_service_found_handler
 .text.csc_prf_characteristic_found_handler
                0x1000a550       0x18 src/ASF/thirdparty/wireless/ble_smart_sdk/ble_profiles/cscp/cscp.o
                0x1000a550                csc_prf_characteristic_found_handler
 .text.csc_prf_descriptor_found_handler
                0x1000a568       0x18 src/ASF/thirdparty/wireless/ble_smart_sdk/ble_profiles/cscp/cscp.o
                0x1000a568                csc_prf_descriptor_found_handler
 .text.csc_prf_notification_handler
                0x1000a580       0x44 src/ASF/thirdparty/wireless/ble_smart_sdk/ble_profiles/cscp/cscp.o
                0x1000a580                csc_prf_notification_handler
 .text.csc_prf_char_changed_handler
                0x1000a5c4        0x4 src/ASF/thirdparty/wireless/ble_smart_sdk/ble_profiles/cscp/cscp.o
                0x1000a5c4                csc_prf_char_changed_handler
 .text.csc_prf_connected_state_handler
                0x1000a5c8       0x7c src/ASF/thirdparty/wireless/ble_smart_sdk/ble_profiles/cscp/cscp.o
                0x1000a5c8                csc_prf_connected_state_handler
 .text.csc_prf_discovery_complete_handler
                0x1000a644       0x98 src/ASF/thirdparty/wireless/ble_smart_sdk/ble_profiles/cscp/cscp.o
                0x1000a644                csc_prf_discovery_complete_handler
 .text.csc_prf_write_notification_handler
                0x1000a6dc       0x60 src/ASF/thirdparty/wireless/ble_smart_sdk/ble_profiles/cscp/cscp.o
                0x1000a6dc                csc_prf_write_notification_handler
 .text.csc_prf_buf_init
                0x1000a73c        0xc src/ASF/thirdparty/wireless/ble_smart_sdk/ble_profiles/cscp/cscp.o
                0x1000a73c                csc_prf_buf_init
 .text.csc_prf_init
                0x1000a748       0x6c src/ASF/thirdparty/wireless/ble_smart_sdk/ble_profiles/cscp/cscp.o
                0x1000a748                csc_prf_init
 .text.csc_prf_send_data
                0x1000a7b4       0x30 src/ASF/thirdparty/wireless/ble_smart_sdk/ble_profiles/cscp/cscp.o
                0x1000a7b4                csc_prf_send_data
 .text.csc_prf_dev_adv
                0x1000a7e4       0x5c src/ASF/thirdparty/wireless/ble_smart_sdk/ble_profiles/cscp/cscp.o
                0x1000a7e4                csc_prf_dev_adv
 .text.notify_recv_ntf_handler
                0x1000a840        0xc src/ASF/thirdparty/wireless/ble_smart_sdk/ble_profiles/cscp/cscp.o
                0x1000a840                notify_recv_ntf_handler
 .text.ble_undefined_event_handler
                0x1000a84c        0x4 src/ASF/thirdparty/wireless/ble_smart_sdk/ble_services/ble_mgr/ble_manager.o
                0x1000a84c                ble_undefined_event_handler
 .text.ble_mtu_changed_indication_handler
                0x1000a850        0x4 src/ASF/thirdparty/wireless/ble_smart_sdk/ble_services/ble_mgr/ble_manager.o
                0x1000a850                ble_mtu_changed_indication_handler
 .text.ble_characteristic_write_cmd_complete_handler
                0x1000a854        0xc src/ASF/thirdparty/wireless/ble_smart_sdk/ble_services/ble_mgr/ble_manager.o
                0x1000a854                ble_characteristic_write_cmd_complete_handler
 .text.ble_conn_param_update
                0x1000a860        0x4 src/ASF/thirdparty/wireless/ble_smart_sdk/ble_services/ble_mgr/ble_manager.o
                0x1000a860                ble_conn_param_update
 .text.ble_scan_report_handler
                0x1000a864       0x28 src/ASF/thirdparty/wireless/ble_smart_sdk/ble_services/ble_mgr/ble_manager.o
                0x1000a864                ble_scan_report_handler
 .text.ble_mtu_changed_cmd_complete_handler
                0x1000a88c       0x30 src/ASF/thirdparty/wireless/ble_smart_sdk/ble_services/ble_mgr/ble_manager.o
                0x1000a88c                ble_mtu_changed_cmd_complete_handler
 .text.ble_disconnected_state_handler
                0x1000a8bc       0x88 src/ASF/thirdparty/wireless/ble_smart_sdk/ble_services/ble_mgr/ble_manager.o
                0x1000a8bc                ble_disconnected_state_handler
 .text.ble_encryption_status_change_handler
                0x1000a944       0xc4 src/ASF/thirdparty/wireless/ble_smart_sdk/ble_services/ble_mgr/ble_manager.o
                0x1000a944                ble_encryption_status_change_handler
 .text.ble_scan_info_handler
                0x1000aa08       0x80 src/ASF/thirdparty/wireless/ble_smart_sdk/ble_services/ble_mgr/ble_manager.o
                0x1000aa08                ble_scan_info_handler
 .text.ble_pair_done_handler
                0x1000aa88      0x120 src/ASF/thirdparty/wireless/ble_smart_sdk/ble_services/ble_mgr/ble_manager.o
                0x1000aa88                ble_pair_done_handler
 .text.ble_conn_param_update_req
                0x1000aba8       0x18 src/ASF/thirdparty/wireless/ble_smart_sdk/ble_services/ble_mgr/ble_manager.o
                0x1000aba8                ble_conn_param_update_req
 .text.ble_slave_security_request_handler
                0x1000abc0      0x1ec src/ASF/thirdparty/wireless/ble_smart_sdk/ble_services/ble_mgr/ble_manager.o
                0x1000abc0                ble_slave_security_request_handler
 .text.ble_pair_request_handler
                0x1000adac      0x154 src/ASF/thirdparty/wireless/ble_smart_sdk/ble_services/ble_mgr/ble_manager.o
                0x1000adac                ble_pair_request_handler
 .text.ble_pair_key_request_handler
                0x1000af00      0x144 src/ASF/thirdparty/wireless/ble_smart_sdk/ble_services/ble_mgr/ble_manager.o
                0x1000af00                ble_pair_key_request_handler
 .text.ble_encryption_request_handler
                0x1000b044       0xec src/ASF/thirdparty/wireless/ble_smart_sdk/ble_services/ble_mgr/ble_manager.o
                0x1000b044                ble_encryption_request_handler
 .text.ble_mgr_events_callback_handler
                0x1000b130       0xd0 src/ASF/thirdparty/wireless/ble_smart_sdk/ble_services/ble_mgr/ble_manager.o
                0x1000b130                ble_mgr_events_callback_handler
 .text.ble_device_init
                0x1000b200      0x2c0 src/ASF/thirdparty/wireless/ble_smart_sdk/ble_services/ble_mgr/ble_manager.o
                0x1000b200                ble_device_init
 .text.ble_send_slave_sec_request
                0x1000b4c0       0x34 src/ASF/thirdparty/wireless/ble_smart_sdk/ble_services/ble_mgr/ble_manager.o
                0x1000b4c0                ble_send_slave_sec_request
 .text.ble_connected_state_handler
                0x1000b4f4      0x23c src/ASF/thirdparty/wireless/ble_smart_sdk/ble_services/ble_mgr/ble_manager.o
                0x1000b4f4                ble_connected_state_handler
 .text.ble_resolv_rand_addr_handler
                0x1000b730       0xec src/ASF/thirdparty/wireless/ble_smart_sdk/ble_services/ble_mgr/ble_manager.o
                0x1000b730                ble_resolv_rand_addr_handler
 .text.ble_event_manager
                0x1000b81c      0x128 src/ASF/thirdparty/wireless/ble_smart_sdk/ble_services/ble_mgr/ble_manager.o
                0x1000b81c                ble_event_manager
 .text.ble_event_task
                0x1000b944       0x58 src/ASF/thirdparty/wireless/ble_smart_sdk/ble_services/ble_mgr/ble_manager.o
                0x1000b944                ble_event_task
 .text.ble_advertisement_data_set
                0x1000b99c       0xa0 src/ASF/thirdparty/wireless/ble_smart_sdk/ble_services/ble_mgr/ble_manager.o
                0x1000b99c                ble_advertisement_data_set
 .text.register_ble_user_event_cb
                0x1000ba3c        0xc src/ASF/thirdparty/wireless/ble_smart_sdk/ble_services/ble_mgr/ble_manager.o
                0x1000ba3c                register_ble_user_event_cb
 .text.csc_serv_init
                0x1000ba48       0x7c src/ASF/thirdparty/wireless/ble_smart_sdk/ble_services/cscs/cscs.o
                0x1000ba48                csc_serv_init
 .text.csc_serv_send_data
                0x1000bac4       0xac src/ASF/thirdparty/wireless/ble_smart_sdk/ble_services/cscs/cscs.o
                0x1000bac4                csc_serv_send_data
 .text.uart_read_complete_callback
                0x1000bb70       0x54 src/ASF/thirdparty/wireless/ble_smart_sdk/services/uart/console_serial.o
 .text.usart_serial_getchar
                0x1000bbc4       0x18 src/ASF/thirdparty/wireless/ble_smart_sdk/services/uart/console_serial.o
 .text.usart_serial_putchar
                0x1000bbdc       0x18 src/ASF/thirdparty/wireless/ble_smart_sdk/services/uart/console_serial.o
 .text.serial_console_init
                0x1000bbf4       0xa8 src/ASF/thirdparty/wireless/ble_smart_sdk/services/uart/console_serial.o
                0x1000bbf4                serial_console_init
 .text._time_start
                0x1000bc9c       0x58 src/ASF/thirdparty/wireless/ble_smart_sdk/services/uart/console_serial.o
                0x1000bc9c                _time_start
 .text._time_done
                0x1000bcf4       0x10 src/ASF/thirdparty/wireless/ble_smart_sdk/services/uart/console_serial.o
                0x1000bcf4                _time_done
 .text.getchar_b11_timeout
                0x1000bd04       0x6c src/ASF/thirdparty/wireless/ble_smart_sdk/services/uart/console_serial.o
                0x1000bd04                getchar_b11_timeout
 .text.register_uart_callback
                0x1000bd70       0x30 src/ASF/thirdparty/wireless/ble_smart_sdk/services/uart/console_serial.o
                0x1000bd70                register_uart_callback
 .text.platform_event_free
                0x1000bda0       0x10 src/ASF/thirdparty/wireless/ble_smart_sdk/src/event_handler.o
                0x1000bda0                platform_event_free
 .text.platform_event_post
                0x1000bdb0       0x38 src/ASF/thirdparty/wireless/ble_smart_sdk/src/event_handler.o
                0x1000bdb0                platform_event_post
 .text.platform_event_get
                0x1000bde8       0x74 src/ASF/thirdparty/wireless/ble_smart_sdk/src/event_handler.o
                0x1000bde8                platform_event_get
 .text.platform_event_init
                0x1000be5c       0x30 src/ASF/thirdparty/wireless/ble_smart_sdk/src/event_handler.o
                0x1000be5c                platform_event_init
 .text.at_ke_msg_send
                0x1000be8c       0x78 src/ASF/thirdparty/wireless/ble_smart_sdk/src/platform_drv.o
 .text.samb11_plf_resume_callback
                0x1000bf04       0x2c src/ASF/thirdparty/wireless/ble_smart_sdk/src/platform_drv.o
                0x1000bf04                samb11_plf_resume_callback
 .text.init_port_list
                0x1000bf30       0x44 src/ASF/thirdparty/wireless/ble_smart_sdk/src/platform_drv.o
                0x1000bf30                init_port_list
 .text.init_clock
                0x1000bf74       0x30 src/ASF/thirdparty/wireless/ble_smart_sdk/src/platform_drv.o
                0x1000bf74                init_clock
 .text.platform_driver_init
                0x1000bfa4      0x244 src/ASF/thirdparty/wireless/ble_smart_sdk/src/platform_drv.o
                0x1000bfa4                platform_driver_init
 .text.platform_register_ble_msg_handler
                0x1000c1e8       0x1c src/ASF/thirdparty/wireless/ble_smart_sdk/src/platform_drv.o
                0x1000c1e8                platform_register_ble_msg_handler
 .text.platform_interface_send
                0x1000c204       0x50 src/ASF/thirdparty/wireless/ble_smart_sdk/src/platform_drv.o
                0x1000c204                platform_interface_send
 .text.send_plf_int_msg_ind
                0x1000c254       0x40 src/ASF/thirdparty/wireless/ble_smart_sdk/src/platform_drv.o
                0x1000c254                send_plf_int_msg_ind
 .text.platform_event_wait
                0x1000c294      0x264 src/ASF/thirdparty/wireless/ble_smart_sdk/src/platform_drv.o
                0x1000c294                platform_event_wait
 .text.acquire_sleep_lock
                0x1000c4f8       0x14 src/ASF/thirdparty/wireless/ble_smart_sdk/src/platform_drv.o
                0x1000c4f8                acquire_sleep_lock
 .text.release_message_lock
                0x1000c50c       0x14 src/ASF/thirdparty/wireless/ble_smart_sdk/src/platform_drv.o
                0x1000c50c                release_message_lock
 .text.release_sleep_lock
                0x1000c520       0x1c src/ASF/thirdparty/wireless/ble_smart_sdk/src/platform_drv.o
                0x1000c520                release_sleep_lock
 .text.gpio1_combined_isr_handler
                0x1000c53c       0x70 src/ASF/thirdparty/wireless/ble_smart_sdk/src/port_from_sdk.o
                0x1000c53c                gpio1_combined_isr_handler
 .text.gpio0_combined_isr_handler
                0x1000c5ac       0x6c src/ASF/thirdparty/wireless/ble_smart_sdk/src/port_from_sdk.o
                0x1000c5ac                gpio0_combined_isr_handler
 .text.PORT1_COMB_Handler
                0x1000c618       0x44 src/ASF/thirdparty/wireless/ble_smart_sdk/src/port_from_sdk.o
                0x1000c618                PORT1_COMB_Handler
 .text.wakeup_int_unregister_callback
                0x1000c65c       0x18 src/ASF/thirdparty/wireless/ble_smart_sdk/src/port_from_sdk.o
                0x1000c65c                wakeup_int_unregister_callback
 .text.wakeup_active_event_callback
                0x1000c674       0x5c src/ASF/thirdparty/wireless/ble_smart_sdk/src/port_from_sdk.o
                0x1000c674                wakeup_active_event_callback
 .text.app_connected_event_handler
                0x1000c6d0        0x4 src/csc_app.o
 .text.app_disconnected_event_handler
                0x1000c6d4       0x10 src/csc_app.o
 .text.uart_rx_callback
                0x1000c6e4       0x88 src/csc_app.o
 .text.csc_app_send_buf
                0x1000c76c       0x40 src/csc_app.o
 .text.csc_prf_report_ntf_cb
                0x1000c7ac       0x9c src/csc_app.o
 .text.dualtimer_callback2
                0x1000c848       0x10 src/csc_app.o
 .text.main     0x1000c858      0x174 src/csc_app.o
                0x1000c858                main
 .text.internal_event_post
                0x1000c9cc       0x5c ../src/ASF/thirdparty/wireless/ble_smart_sdk/lib/cm0/gcc\libblusdk.a(event.o)
                0x1000c9cc                internal_event_post
 .text.internal_event_init
                0x1000ca28       0x2c ../src/ASF/thirdparty/wireless/ble_smart_sdk/lib/cm0/gcc\libblusdk.a(event.o)
                0x1000ca28                internal_event_init
 .text.special_events_handler
                0x1000ca54       0x90 ../src/ASF/thirdparty/wireless/ble_smart_sdk/lib/cm0/gcc\libblusdk.a(event.o)
                0x1000ca54                special_events_handler
 .text.at_ble_event_get
                0x1000cae4      0x6d8 ../src/ASF/thirdparty/wireless/ble_smart_sdk/lib/cm0/gcc\libblusdk.a(event.o)
                0x1000cae4                at_ble_event_get
 .text.internal_event_flush
                0x1000d1bc       0x44 ../src/ASF/thirdparty/wireless/ble_smart_sdk/lib/cm0/gcc\libblusdk.a(event.o)
                0x1000d1bc                internal_event_flush
 .text.internal_conn_flush
                0x1000d200       0x54 ../src/ASF/thirdparty/wireless/ble_smart_sdk/lib/cm0/gcc\libblusdk.a(event.o)
                0x1000d200                internal_conn_flush
 .text.at_ble_device_name_set
                0x1000d254       0x34 ../src/ASF/thirdparty/wireless/ble_smart_sdk/lib/cm0/gcc\libblusdk.a(gap.o)
                0x1000d254                at_ble_device_name_set
 .text.at_ble_addr_get
                0x1000d288       0x24 ../src/ASF/thirdparty/wireless/ble_smart_sdk/lib/cm0/gcc\libblusdk.a(gap.o)
                0x1000d288                at_ble_addr_get
 .text.at_ble_set_dev_config
                0x1000d2ac       0x90 ../src/ASF/thirdparty/wireless/ble_smart_sdk/lib/cm0/gcc\libblusdk.a(gap.o)
                0x1000d2ac                at_ble_set_dev_config
 .text.at_ble_init
                0x1000d33c      0x1b4 ../src/ASF/thirdparty/wireless/ble_smart_sdk/lib/cm0/gcc\libblusdk.a(gap.o)
                0x1000d33c                at_ble_init
 .text.at_ble_addr_set
                0x1000d4f0       0x54 ../src/ASF/thirdparty/wireless/ble_smart_sdk/lib/cm0/gcc\libblusdk.a(gap.o)
                0x1000d4f0                at_ble_addr_set
 .text.at_ble_adv_data_set
                0x1000d544       0x84 ../src/ASF/thirdparty/wireless/ble_smart_sdk/lib/cm0/gcc\libblusdk.a(gap.o)
                0x1000d544                at_ble_adv_data_set
 .text.at_ble_adv_start
                0x1000d5c8      0x13c ../src/ASF/thirdparty/wireless/ble_smart_sdk/lib/cm0/gcc\libblusdk.a(gap.o)
                0x1000d5c8                at_ble_adv_start
 .text.at_ble_scan_stop
                0x1000d704       0x20 ../src/ASF/thirdparty/wireless/ble_smart_sdk/lib/cm0/gcc\libblusdk.a(gap.o)
                0x1000d704                at_ble_scan_stop
 .text.at_ble_disconnect
                0x1000d724       0x20 ../src/ASF/thirdparty/wireless/ble_smart_sdk/lib/cm0/gcc\libblusdk.a(gap.o)
                0x1000d724                at_ble_disconnect
 .text.at_ble_conn_update_reply
                0x1000d744        0xc ../src/ASF/thirdparty/wireless/ble_smart_sdk/lib/cm0/gcc\libblusdk.a(gap.o)
                0x1000d744                at_ble_conn_update_reply
 .text.at_ble_random_address_resolve
                0x1000d750       0x28 ../src/ASF/thirdparty/wireless/ble_smart_sdk/lib/cm0/gcc\libblusdk.a(gap.o)
                0x1000d750                at_ble_random_address_resolve
 .text.at_ble_uuid_type2len
                0x1000d778       0x14 ../src/ASF/thirdparty/wireless/ble_smart_sdk/lib/cm0/gcc\libblusdk.a(gap.o)
                0x1000d778                at_ble_uuid_type2len
 .text.at_ble_uuid_len2type
                0x1000d78c       0x14 ../src/ASF/thirdparty/wireless/ble_smart_sdk/lib/cm0/gcc\libblusdk.a(gap.o)
                0x1000d78c                at_ble_uuid_len2type
 .text.init_gatt_client_module
                0x1000d7a0        0xc ../src/ASF/thirdparty/wireless/ble_smart_sdk/lib/cm0/gcc\libblusdk.a(gatt_client.o)
                0x1000d7a0                init_gatt_client_module
 .text.at_ble_primary_service_discover_by_uuid
                0x1000d7ac       0x58 ../src/ASF/thirdparty/wireless/ble_smart_sdk/lib/cm0/gcc\libblusdk.a(gatt_client.o)
                0x1000d7ac                at_ble_primary_service_discover_by_uuid
 .text.at_ble_characteristic_discover_all
                0x1000d804       0x28 ../src/ASF/thirdparty/wireless/ble_smart_sdk/lib/cm0/gcc\libblusdk.a(gatt_client.o)
                0x1000d804                at_ble_characteristic_discover_all
 .text.at_ble_descriptor_discover_all
                0x1000d82c       0x28 ../src/ASF/thirdparty/wireless/ble_smart_sdk/lib/cm0/gcc\libblusdk.a(gatt_client.o)
                0x1000d82c                at_ble_descriptor_discover_all
 .text.at_ble_characteristic_write
                0x1000d854       0x4c ../src/ASF/thirdparty/wireless/ble_smart_sdk/lib/cm0/gcc\libblusdk.a(gatt_client.o)
                0x1000d854                at_ble_characteristic_write
 .text.db_searchATT
                0x1000d8a0       0x40 ../src/ASF/thirdparty/wireless/ble_smart_sdk/lib/cm0/gcc\libblusdk.a(gatt_server.o)
 .text.att_permissions
                0x1000d8e0       0x58 ../src/ASF/thirdparty/wireless/ble_smart_sdk/lib/cm0/gcc\libblusdk.a(gatt_server.o)
 .text.char_permissions
                0x1000d938       0x9c ../src/ASF/thirdparty/wireless/ble_smart_sdk/lib/cm0/gcc\libblusdk.a(gatt_server.o)
 .text.presentation_format_define
                0x1000d9d4       0x2c ../src/ASF/thirdparty/wireless/ble_smart_sdk/lib/cm0/gcc\libblusdk.a(gatt_server.o)
 .text.db_addATT
                0x1000da00       0xb8 ../src/ASF/thirdparty/wireless/ble_smart_sdk/lib/cm0/gcc\libblusdk.a(gatt_server.o)
 .text.user_description_define
                0x1000dab8       0x50 ../src/ASF/thirdparty/wireless/ble_smart_sdk/lib/cm0/gcc\libblusdk.a(gatt_server.o)
 .text.at_ble_read_authorize_reply.part.1
                0x1000db08       0x30 ../src/ASF/thirdparty/wireless/ble_smart_sdk/lib/cm0/gcc\libblusdk.a(gatt_server.o)
 .text.internal_at_ble_service_define
                0x1000db38      0x3bc ../src/ASF/thirdparty/wireless/ble_smart_sdk/lib/cm0/gcc\libblusdk.a(gatt_server.o)
 .text.initi_gatt_server_module
                0x1000def4       0x3c ../src/ASF/thirdparty/wireless/ble_smart_sdk/lib/cm0/gcc\libblusdk.a(gatt_server.o)
                0x1000def4                initi_gatt_server_module
 .text.db_init  0x1000df30       0x44 ../src/ASF/thirdparty/wireless/ble_smart_sdk/lib/cm0/gcc\libblusdk.a(gatt_server.o)
                0x1000df30                db_init
 .text.at_ble_primary_service_define
                0x1000df74       0x20 ../src/ASF/thirdparty/wireless/ble_smart_sdk/lib/cm0/gcc\libblusdk.a(gatt_server.o)
                0x1000df74                at_ble_primary_service_define
 .text.at_ble_characteristic_value_set
                0x1000df94       0x3c ../src/ASF/thirdparty/wireless/ble_smart_sdk/lib/cm0/gcc\libblusdk.a(gatt_server.o)
                0x1000df94                at_ble_characteristic_value_set
 .text.at_ble_characteristic_value_get
                0x1000dfd0       0x40 ../src/ASF/thirdparty/wireless/ble_smart_sdk/lib/cm0/gcc\libblusdk.a(gatt_server.o)
                0x1000dfd0                at_ble_characteristic_value_get
 .text.at_ble_write_authorize_reply
                0x1000e010       0x88 ../src/ASF/thirdparty/wireless/ble_smart_sdk/lib/cm0/gcc\libblusdk.a(gatt_server.o)
                0x1000e010                at_ble_write_authorize_reply
 .text.gatts_handle_read_req
                0x1000e098       0x30 ../src/ASF/thirdparty/wireless/ble_smart_sdk/lib/cm0/gcc\libblusdk.a(gatt_server.o)
                0x1000e098                gatts_handle_read_req
 .text.gatts_handle_att_info_req
                0x1000e0c8       0x3c ../src/ASF/thirdparty/wireless/ble_smart_sdk/lib/cm0/gcc\libblusdk.a(gatt_server.o)
                0x1000e0c8                gatts_handle_att_info_req
 .text.gatts_handle_write_req
                0x1000e104       0x30 ../src/ASF/thirdparty/wireless/ble_smart_sdk/lib/cm0/gcc\libblusdk.a(gatt_server.o)
                0x1000e104                gatts_handle_write_req
 .text.at_ble_notification_send
                0x1000e134       0x74 ../src/ASF/thirdparty/wireless/ble_smart_sdk/lib/cm0/gcc\libblusdk.a(gatt_server.o)
                0x1000e134                at_ble_notification_send
 .text.init_l2cc_task_module
                0x1000e1a8        0xc ../src/ASF/thirdparty/wireless/ble_smart_sdk/lib/cm0/gcc\libblusdk.a(l2cc_task.o)
                0x1000e1a8                init_l2cc_task_module
 .text.l2cc_data_send_rsp_handler
                0x1000e1b4       0x2c ../src/ASF/thirdparty/wireless/ble_smart_sdk/lib/cm0/gcc\libblusdk.a(l2cc_task.o)
                0x1000e1b4                l2cc_data_send_rsp_handler
 .text.l2cc_data_received_handler
                0x1000e1e0       0x30 ../src/ASF/thirdparty/wireless/ble_smart_sdk/lib/cm0/gcc\libblusdk.a(l2cc_task.o)
                0x1000e1e0                l2cc_data_received_handler
 .text.at_ble_authenticate
                0x1000e210      0x130 ../src/ASF/thirdparty/wireless/ble_smart_sdk/lib/cm0/gcc\libblusdk.a(security.o)
                0x1000e210                at_ble_authenticate
 .text.at_ble_pair_key_reply
                0x1000e340       0x7c ../src/ASF/thirdparty/wireless/ble_smart_sdk/lib/cm0/gcc\libblusdk.a(security.o)
                0x1000e340                at_ble_pair_key_reply
 .text.at_ble_send_slave_sec_request
                0x1000e3bc       0x40 ../src/ASF/thirdparty/wireless/ble_smart_sdk/lib/cm0/gcc\libblusdk.a(security.o)
                0x1000e3bc                at_ble_send_slave_sec_request
 .text.at_ble_encryption_start
                0x1000e3fc       0x78 ../src/ASF/thirdparty/wireless/ble_smart_sdk/lib/cm0/gcc\libblusdk.a(security.o)
                0x1000e3fc                at_ble_encryption_start
 .text.at_ble_encryption_request_reply
                0x1000e474       0x34 ../src/ASF/thirdparty/wireless/ble_smart_sdk/lib/cm0/gcc\libblusdk.a(security.o)
                0x1000e474                at_ble_encryption_request_reply
 .text.rx_callback
                0x1000e4a8       0x98 ../src/ASF/thirdparty/wireless/ble_smart_sdk/lib/cm0/gcc\libblusdk.a(interface.o)
                0x1000e4a8                rx_callback
 .text.interface_send
                0x1000e540       0x10 ../src/ASF/thirdparty/wireless/ble_smart_sdk/lib/cm0/gcc\libblusdk.a(interface.o)
                0x1000e540                interface_send
 .text.interface_init
                0x1000e550       0x48 ../src/ASF/thirdparty/wireless/ble_smart_sdk/lib/cm0/gcc\libblusdk.a(interface.o)
                0x1000e550                interface_init
 .text.platform_cmd_cmpl_signal
                0x1000e598        0xc ../src/ASF/thirdparty/wireless/ble_smart_sdk/lib/cm0/gcc\libblusdk.a(interface.o)
                0x1000e598                platform_cmd_cmpl_signal
 .text.platform_cmd_cmpl_wait
                0x1000e5a4       0x2c ../src/ASF/thirdparty/wireless/ble_smart_sdk/lib/cm0/gcc\libblusdk.a(interface.o)
                0x1000e5a4                platform_cmd_cmpl_wait
 .text.start_timer
                0x1000e5d0        0x2 ../src/ASF/thirdparty/wireless/ble_smart_sdk/lib/cm0/gcc\libblusdk.a(interface.o)
                0x1000e5d0                start_timer
 .text.stop_timer
                0x1000e5d2        0x2 ../src/ASF/thirdparty/wireless/ble_smart_sdk/lib/cm0/gcc\libblusdk.a(interface.o)
                0x1000e5d2                stop_timer
 .text.dbg_le_set_bd_addr_req_handler
                0x1000e5d4       0x7c ../src/ASF/thirdparty/wireless/ble_smart_sdk/lib/cm0/gcc\libblusdk.a(dbg_task.o)
                0x1000e5d4                dbg_le_set_bd_addr_req_handler
 .text.gapc_get_dev_info_cfm.constprop.1
                0x1000e650       0xc0 ../src/ASF/thirdparty/wireless/ble_smart_sdk/lib/cm0/gcc\libblusdk.a(gapc_task.o)
 .text.check_ConnData_idx_role
                0x1000e710       0x3c ../src/ASF/thirdparty/wireless/ble_smart_sdk/lib/cm0/gcc\libblusdk.a(gapc_task.o)
                0x1000e710                check_ConnData_idx_role
 .text.check_ConnData_emptyEntry
                0x1000e74c       0x28 ../src/ASF/thirdparty/wireless/ble_smart_sdk/lib/cm0/gcc\libblusdk.a(gapc_task.o)
                0x1000e74c                check_ConnData_emptyEntry
 .text.gapc_cmp_evt
                0x1000e774       0xd0 ../src/ASF/thirdparty/wireless/ble_smart_sdk/lib/cm0/gcc\libblusdk.a(gapc_task.o)
                0x1000e774                gapc_cmp_evt
 .text.gapc_connection_cfm_handler
                0x1000e844       0xc4 ../src/ASF/thirdparty/wireless/ble_smart_sdk/lib/cm0/gcc\libblusdk.a(gapc_task.o)
                0x1000e844                gapc_connection_cfm_handler
 .text.gapc_con_req_ind
                0x1000e908       0xe0 ../src/ASF/thirdparty/wireless/ble_smart_sdk/lib/cm0/gcc\libblusdk.a(gapc_task.o)
                0x1000e908                gapc_con_req_ind
 .text.gapc_disconnect_cmd_handler
                0x1000e9e8       0x44 ../src/ASF/thirdparty/wireless/ble_smart_sdk/lib/cm0/gcc\libblusdk.a(gapc_task.o)
                0x1000e9e8                gapc_disconnect_cmd_handler
 .text.gapc_disconnect_ind
                0x1000ea2c       0x34 ../src/ASF/thirdparty/wireless/ble_smart_sdk/lib/cm0/gcc\libblusdk.a(gapc_task.o)
                0x1000ea2c                gapc_disconnect_ind
 .text.gapc_bond_cmd_handler
                0x1000ea60       0x68 ../src/ASF/thirdparty/wireless/ble_smart_sdk/lib/cm0/gcc\libblusdk.a(gapc_task.o)
                0x1000ea60                gapc_bond_cmd_handler
 .text.gapc_bond_ind
                0x1000eac8       0xd8 ../src/ASF/thirdparty/wireless/ble_smart_sdk/lib/cm0/gcc\libblusdk.a(gapc_task.o)
                0x1000eac8                gapc_bond_ind
 .text.gapc_bond_req_ind
                0x1000eba0       0xe0 ../src/ASF/thirdparty/wireless/ble_smart_sdk/lib/cm0/gcc\libblusdk.a(gapc_task.o)
                0x1000eba0                gapc_bond_req_ind
 .text.gapc_bond_cfm_handler_pair_resp
                0x1000ec80       0x7c ../src/ASF/thirdparty/wireless/ble_smart_sdk/lib/cm0/gcc\libblusdk.a(gapc_task.o)
                0x1000ec80                gapc_bond_cfm_handler_pair_resp
 .text.gapc_bond_cfm_handler_key_exch
                0x1000ecfc       0x50 ../src/ASF/thirdparty/wireless/ble_smart_sdk/lib/cm0/gcc\libblusdk.a(gapc_task.o)
                0x1000ecfc                gapc_bond_cfm_handler_key_exch
 .text.gapc_security_cmd_handler
                0x1000ed4c       0x40 ../src/ASF/thirdparty/wireless/ble_smart_sdk/lib/cm0/gcc\libblusdk.a(gapc_task.o)
                0x1000ed4c                gapc_security_cmd_handler
 .text.gapc_encrypt_cmd_handler
                0x1000ed8c       0x9c ../src/ASF/thirdparty/wireless/ble_smart_sdk/lib/cm0/gcc\libblusdk.a(gapc_task.o)
                0x1000ed8c                gapc_encrypt_cmd_handler
 .text.gapc_encrypt_req_ind
                0x1000ee28       0x20 ../src/ASF/thirdparty/wireless/ble_smart_sdk/lib/cm0/gcc\libblusdk.a(gapc_task.o)
                0x1000ee28                gapc_encrypt_req_ind
 .text.gapc_encrypt_cfm_handler
                0x1000ee48       0x80 ../src/ASF/thirdparty/wireless/ble_smart_sdk/lib/cm0/gcc\libblusdk.a(gapc_task.o)
                0x1000ee48                gapc_encrypt_cfm_handler
 .text.gapc_encrypt_ind
                0x1000eec8        0xe ../src/ASF/thirdparty/wireless/ble_smart_sdk/lib/cm0/gcc\libblusdk.a(gapc_task.o)
                0x1000eec8                gapc_encrypt_ind
 *fill*         0x1000eed6        0x2 
 .text.gapc_param_update_cfm_handler
                0x1000eed8       0x4c ../src/ASF/thirdparty/wireless/ble_smart_sdk/lib/cm0/gcc\libblusdk.a(gapc_task.o)
                0x1000eed8                gapc_param_update_cfm_handler
 .text.gapc_param_updated_ind
                0x1000ef24       0x2a ../src/ASF/thirdparty/wireless/ble_smart_sdk/lib/cm0/gcc\libblusdk.a(gapc_task.o)
                0x1000ef24                gapc_param_updated_ind
 .text.gapc_param_updated_req_ind
                0x1000ef4e       0x30 ../src/ASF/thirdparty/wireless/ble_smart_sdk/lib/cm0/gcc\libblusdk.a(gapc_task.o)
                0x1000ef4e                gapc_param_updated_req_ind
 *fill*         0x1000ef7e        0x2 
 .text.gapc_dev_info_req_ind_handler
                0x1000ef80       0x28 ../src/ASF/thirdparty/wireless/ble_smart_sdk/lib/cm0/gcc\libblusdk.a(gapc_task.o)
                0x1000ef80                gapc_dev_info_req_ind_handler
 .text.gapc_sec_req_ind
                0x1000efa8       0x16 ../src/ASF/thirdparty/wireless/ble_smart_sdk/lib/cm0/gcc\libblusdk.a(gapc_task.o)
                0x1000efa8                gapc_sec_req_ind
 .text.gapc_sign_counter_ind_handler
                0x1000efbe       0x34 ../src/ASF/thirdparty/wireless/ble_smart_sdk/lib/cm0/gcc\libblusdk.a(gapc_task.o)
                0x1000efbe                gapc_sign_counter_ind_handler
 *fill*         0x1000eff2        0x2 
 .text.gapc_peer_att_info_ind_handler
                0x1000eff4       0x7c ../src/ASF/thirdparty/wireless/ble_smart_sdk/lib/cm0/gcc\libblusdk.a(gapc_task.o)
                0x1000eff4                gapc_peer_att_info_ind_handler
 .text.gapc_con_channel_map_ind_handler
                0x1000f070       0x18 ../src/ASF/thirdparty/wireless/ble_smart_sdk/lib/cm0/gcc\libblusdk.a(gapc_task.o)
                0x1000f070                gapc_con_channel_map_ind_handler
 .text.gapc_lecb_connected
                0x1000f088       0x2e ../src/ASF/thirdparty/wireless/ble_smart_sdk/lib/cm0/gcc\libblusdk.a(gapc_task.o)
                0x1000f088                gapc_lecb_connected
 .text.gapc_lecb_disconnected
                0x1000f0b6       0x16 ../src/ASF/thirdparty/wireless/ble_smart_sdk/lib/cm0/gcc\libblusdk.a(gapc_task.o)
                0x1000f0b6                gapc_lecb_disconnected
 .text.gapc_lecb_connect_req_ind
                0x1000f0cc       0x2a ../src/ASF/thirdparty/wireless/ble_smart_sdk/lib/cm0/gcc\libblusdk.a(gapc_task.o)
                0x1000f0cc                gapc_lecb_connect_req_ind
 .text.gapc_lecb_add_credit_resp_handler
                0x1000f0f6       0x20 ../src/ASF/thirdparty/wireless/ble_smart_sdk/lib/cm0/gcc\libblusdk.a(gapc_task.o)
                0x1000f0f6                gapc_lecb_add_credit_resp_handler
 *fill*         0x1000f116        0x2 
 .text.gapm_reset_req_handler
                0x1000f118       0x70 ../src/ASF/thirdparty/wireless/ble_smart_sdk/lib/cm0/gcc\libblusdk.a(gapm_task.o)
                0x1000f118                gapm_reset_req_handler
 .text.gapm_set_dev_config_cmd_handler
                0x1000f188      0x108 ../src/ASF/thirdparty/wireless/ble_smart_sdk/lib/cm0/gcc\libblusdk.a(gapm_task.o)
                0x1000f188                gapm_set_dev_config_cmd_handler
 .text.gapm_get_dev_config_cmd_handler
                0x1000f290       0xe0 ../src/ASF/thirdparty/wireless/ble_smart_sdk/lib/cm0/gcc\libblusdk.a(gapm_task.o)
                0x1000f290                gapm_get_dev_config_cmd_handler
 .text.gapm_cancel_cmd_handler
                0x1000f370       0x70 ../src/ASF/thirdparty/wireless/ble_smart_sdk/lib/cm0/gcc\libblusdk.a(gapm_task.o)
                0x1000f370                gapm_cancel_cmd_handler
 .text.gapm_dev_bdaddr_ind_handler
                0x1000f3e0       0x1c ../src/ASF/thirdparty/wireless/ble_smart_sdk/lib/cm0/gcc\libblusdk.a(gapm_task.o)
                0x1000f3e0                gapm_dev_bdaddr_ind_handler
 .text.gapm_cmp_evt
                0x1000f3fc      0x148 ../src/ASF/thirdparty/wireless/ble_smart_sdk/lib/cm0/gcc\libblusdk.a(gapm_task.o)
                0x1000f3fc                gapm_cmp_evt
 .text.gapm_start_adv_cmd_handler
                0x1000f544      0x120 ../src/ASF/thirdparty/wireless/ble_smart_sdk/lib/cm0/gcc\libblusdk.a(gapm_task.o)
                0x1000f544                gapm_start_adv_cmd_handler
 .text.get_gap_local_addr_type
                0x1000f664       0x18 ../src/ASF/thirdparty/wireless/ble_smart_sdk/lib/cm0/gcc\libblusdk.a(gapm_task.o)
                0x1000f664                get_gap_local_addr_type
 .text.gapm_adv_report_evt_handler
                0x1000f67c       0x88 ../src/ASF/thirdparty/wireless/ble_smart_sdk/lib/cm0/gcc\libblusdk.a(gapm_task.o)
                0x1000f67c                gapm_adv_report_evt_handler
 .text.gapm_resolv_addr_cmd_handler
                0x1000f704       0x68 ../src/ASF/thirdparty/wireless/ble_smart_sdk/lib/cm0/gcc\libblusdk.a(gapm_task.o)
                0x1000f704                gapm_resolv_addr_cmd_handler
 .text.gapm_addr_solved_ind_handler
                0x1000f76c       0x24 ../src/ASF/thirdparty/wireless/ble_smart_sdk/lib/cm0/gcc\libblusdk.a(gapm_task.o)
                0x1000f76c                gapm_addr_solved_ind_handler
 .text.gapm_profile_added_ind_handler
                0x1000f790       0x20 ../src/ASF/thirdparty/wireless/ble_smart_sdk/lib/cm0/gcc\libblusdk.a(gapm_task.o)
                0x1000f790                gapm_profile_added_ind_handler
 .text.gattc_read_req_ind_parser
                0x1000f7b0        0xc ../src/ASF/thirdparty/wireless/ble_smart_sdk/lib/cm0/gcc\libblusdk.a(gattc_task.o)
                0x1000f7b0                gattc_read_req_ind_parser
 .text.gattc_write_req_ind_parser
                0x1000f7bc       0x38 ../src/ASF/thirdparty/wireless/ble_smart_sdk/lib/cm0/gcc\libblusdk.a(gattc_task.o)
                0x1000f7bc                gattc_write_req_ind_parser
 .text.gattc_att_info_req_parser
                0x1000f7f4        0xc ../src/ASF/thirdparty/wireless/ble_smart_sdk/lib/cm0/gcc\libblusdk.a(gattc_task.o)
                0x1000f7f4                gattc_att_info_req_parser
 .text.gattc_read_cfm
                0x1000f800       0x6c ../src/ASF/thirdparty/wireless/ble_smart_sdk/lib/cm0/gcc\libblusdk.a(gattc_task.o)
                0x1000f800                gattc_read_cfm
 .text.gattc_write_cfm
                0x1000f86c       0x44 ../src/ASF/thirdparty/wireless/ble_smart_sdk/lib/cm0/gcc\libblusdk.a(gattc_task.o)
                0x1000f86c                gattc_write_cfm
 .text.gattc_att_info_cfm
                0x1000f8b0       0x48 ../src/ASF/thirdparty/wireless/ble_smart_sdk/lib/cm0/gcc\libblusdk.a(gattc_task.o)
                0x1000f8b0                gattc_att_info_cfm
 .text.gattc_send_evt_cmd_handler
                0x1000f8f8       0x78 ../src/ASF/thirdparty/wireless/ble_smart_sdk/lib/cm0/gcc\libblusdk.a(gattc_task.o)
                0x1000f8f8                gattc_send_evt_cmd_handler
 .text.gattc_disc_cmd_handler
                0x1000f970       0x90 ../src/ASF/thirdparty/wireless/ble_smart_sdk/lib/cm0/gcc\libblusdk.a(gattc_task.o)
                0x1000f970                gattc_disc_cmd_handler
 .text.gattc_write_cmd_handler
                0x1000fa00       0x88 ../src/ASF/thirdparty/wireless/ble_smart_sdk/lib/cm0/gcc\libblusdk.a(gattc_task.o)
                0x1000fa00                gattc_write_cmd_handler
 .text.gattc_event_cfm_handler
                0x1000fa88       0x40 ../src/ASF/thirdparty/wireless/ble_smart_sdk/lib/cm0/gcc\libblusdk.a(gattc_task.o)
                0x1000fa88                gattc_event_cfm_handler
 .text.gattc_disc_svc_ind_parser
                0x1000fac8       0x3c ../src/ASF/thirdparty/wireless/ble_smart_sdk/lib/cm0/gcc\libblusdk.a(gattc_task.o)
                0x1000fac8                gattc_disc_svc_ind_parser
 .text.gattc_disc_svc_incl_ind_parser
                0x1000fb04       0x48 ../src/ASF/thirdparty/wireless/ble_smart_sdk/lib/cm0/gcc\libblusdk.a(gattc_task.o)
                0x1000fb04                gattc_disc_svc_incl_ind_parser
 .text.gattc_disc_char_ind_parser
                0x1000fb4c       0x44 ../src/ASF/thirdparty/wireless/ble_smart_sdk/lib/cm0/gcc\libblusdk.a(gattc_task.o)
                0x1000fb4c                gattc_disc_char_ind_parser
 .text.gattc_disc_char_desc_ind_parser
                0x1000fb90       0x34 ../src/ASF/thirdparty/wireless/ble_smart_sdk/lib/cm0/gcc\libblusdk.a(gattc_task.o)
                0x1000fb90                gattc_disc_char_desc_ind_parser
 .text.gattc_event_ind_and_notification_parser
                0x1000fbc4       0x54 ../src/ASF/thirdparty/wireless/ble_smart_sdk/lib/cm0/gcc\libblusdk.a(gattc_task.o)
                0x1000fbc4                gattc_event_ind_and_notification_parser
 .text.gattc_complete_evt_handler
                0x1000fc18       0x78 ../src/ASF/thirdparty/wireless/ble_smart_sdk/lib/cm0/gcc\libblusdk.a(gattc_task.o)
                0x1000fc18                gattc_complete_evt_handler
 .text.gattc_event_mtu_changed_ind_parser
                0x1000fc90       0x10 ../src/ASF/thirdparty/wireless/ble_smart_sdk/lib/cm0/gcc\libblusdk.a(gattc_task.o)
                0x1000fc90                gattc_event_mtu_changed_ind_parser
 .text.gattc_read_ind_parser
                0x1000fca0       0x40 ../src/ASF/thirdparty/wireless/ble_smart_sdk/lib/cm0/gcc\libblusdk.a(gattc_task.o)
                0x1000fca0                gattc_read_ind_parser
 .text.gattc_svc_changed_cfg_ind_parser
                0x1000fce0       0x10 ../src/ASF/thirdparty/wireless/ble_smart_sdk/lib/cm0/gcc\libblusdk.a(gattc_task.o)
                0x1000fce0                gattc_svc_changed_cfg_ind_parser
 .text.init_gattc_task_module
                0x1000fcf0       0x14 ../src/ASF/thirdparty/wireless/ble_smart_sdk/lib/cm0/gcc\libblusdk.a(gattc_task.o)
                0x1000fcf0                init_gattc_task_module
 .text.gattm_add_svc_req_handler
                0x1000fd04      0x10c ../src/ASF/thirdparty/wireless/ble_smart_sdk/lib/cm0/gcc\libblusdk.a(gattm_task.o)
                0x1000fd04                gattm_add_svc_req_handler
 .text.gattm_add_attribute_req_handler
                0x1000fe10       0x70 ../src/ASF/thirdparty/wireless/ble_smart_sdk/lib/cm0/gcc\libblusdk.a(gattm_task.o)
                0x1000fe10                gattm_add_attribute_req_handler
 .text.gattm_att_set_value_req_handler
                0x1000fe80       0x8c ../src/ASF/thirdparty/wireless/ble_smart_sdk/lib/cm0/gcc\libblusdk.a(gattm_task.o)
                0x1000fe80                gattm_att_set_value_req_handler
 .text.gattm_att_get_value_req_handler
                0x1000ff0c       0x9c ../src/ASF/thirdparty/wireless/ble_smart_sdk/lib/cm0/gcc\libblusdk.a(gattm_task.o)
                0x1000ff0c                gattm_att_get_value_req_handler
 .text.htpt_enable_rsp_handler
                0x1000ffa8        0xa ../src/ASF/thirdparty/wireless/ble_smart_sdk/lib/cm0/gcc\libblusdk.a(htpt_task.o)
                0x1000ffa8                htpt_enable_rsp_handler
 .text.htpt_temp_send_rsp_handler
                0x1000ffb2        0x6 ../src/ASF/thirdparty/wireless/ble_smart_sdk/lib/cm0/gcc\libblusdk.a(htpt_task.o)
                0x1000ffb2                htpt_temp_send_rsp_handler
 .text.htpt_meas_intv_upd_rsp_handler
                0x1000ffb8        0x6 ../src/ASF/thirdparty/wireless/ble_smart_sdk/lib/cm0/gcc\libblusdk.a(htpt_task.o)
                0x1000ffb8                htpt_meas_intv_upd_rsp_handler
 .text.htpt_meas_intv_chg_req_ind_handler
                0x1000ffbe        0xc ../src/ASF/thirdparty/wireless/ble_smart_sdk/lib/cm0/gcc\libblusdk.a(htpt_task.o)
                0x1000ffbe                htpt_meas_intv_chg_req_ind_handler
 .text.htpt_cfg_indntf_ind_handler
                0x1000ffca        0xa ../src/ASF/thirdparty/wireless/ble_smart_sdk/lib/cm0/gcc\libblusdk.a(htpt_task.o)
                0x1000ffca                htpt_cfg_indntf_ind_handler
 .text          0x1000ffd4       0x14 c:/program files (x86)/atmel/studio/7.0/toolchain/arm/arm-gnu-toolchain/bin/../lib/gcc/arm-none-eabi/5.3.1/armv6-m\libgcc.a(_thumb1_case_sqi.o)
                0x1000ffd4                __gnu_thumb1_case_sqi
 .text          0x1000ffe8       0x14 c:/program files (x86)/atmel/studio/7.0/toolchain/arm/arm-gnu-toolchain/bin/../lib/gcc/arm-none-eabi/5.3.1/armv6-m\libgcc.a(_thumb1_case_uqi.o)
                0x1000ffe8                __gnu_thumb1_case_uqi
 .text          0x1000fffc      0x114 c:/program files (x86)/atmel/studio/7.0/toolchain/arm/arm-gnu-toolchain/bin/../lib/gcc/arm-none-eabi/5.3.1/armv6-m\libgcc.a(_udivsi3.o)
                0x1000fffc                __aeabi_uidiv
                0x1000fffc                __udivsi3
                0x10010108                __aeabi_uidivmod
 .text          0x10010110        0x4 c:/program files (x86)/atmel/studio/7.0/toolchain/arm/arm-gnu-toolchain/bin/../lib/gcc/arm-none-eabi/5.3.1/armv6-m\libgcc.a(_dvmd_tls.o)
                0x10010110                __aeabi_idiv0
                0x10010110                __aeabi_ldiv0
 .text          0x10010114       0x3c c:/program files (x86)/atmel/studio/7.0/toolchain/arm/arm-gnu-toolchain/bin/../lib/gcc/arm-none-eabi/5.3.1/armv6-m\libgcc.a(_fixunsdfsi.o)
                0x10010114                __aeabi_d2uiz
                0x10010114                __fixunsdfsi
 .text          0x10010150      0x4f4 c:/program files (x86)/atmel/studio/7.0/toolchain/arm/arm-gnu-toolchain/bin/../lib/gcc/arm-none-eabi/5.3.1/armv6-m\libgcc.a(muldf3.o)
                0x10010150                __aeabi_dmul
 .text          0x10010644      0x6a8 c:/program files (x86)/atmel/studio/7.0/toolchain/arm/arm-gnu-toolchain/bin/../lib/gcc/arm-none-eabi/5.3.1/armv6-m\libgcc.a(subdf3.o)
                0x10010644                __aeabi_dsub
 .text          0x10010cec       0x6c c:/program files (x86)/atmel/studio/7.0/toolchain/arm/arm-gnu-toolchain/bin/../lib/gcc/arm-none-eabi/5.3.1/armv6-m\libgcc.a(fixdfsi.o)
                0x10010cec                __aeabi_d2iz
 .text          0x10010d58       0x70 c:/program files (x86)/atmel/studio/7.0/toolchain/arm/arm-gnu-toolchain/bin/../lib/gcc/arm-none-eabi/5.3.1/armv6-m\libgcc.a(floatunsidf.o)
                0x10010d58                __aeabi_ui2d
 .text          0x10010dc8       0x7c c:/program files (x86)/atmel/studio/7.0/toolchain/arm/arm-gnu-toolchain/bin/../lib/gcc/arm-none-eabi/5.3.1/armv6-m\libgcc.a(_arm_cmpdf2.o)
                0x10010dc8                __aeabi_cdrcmple
                0x10010dd8                __aeabi_cdcmple
                0x10010dd8                __aeabi_cdcmpeq
                0x10010de8                __aeabi_dcmpeq
                0x10010df4                __aeabi_dcmplt
                0x10010e08                __aeabi_dcmple
                0x10010e1c                __aeabi_dcmpgt
                0x10010e30                __aeabi_dcmpge
 .text          0x10010e44       0x3c c:/program files (x86)/atmel/studio/7.0/toolchain/arm/arm-gnu-toolchain/bin/../lib/gcc/arm-none-eabi/5.3.1/armv6-m\libgcc.a(_clzsi2.o)
                0x10010e44                __clzsi2
 .text          0x10010e80       0x80 c:/program files (x86)/atmel/studio/7.0/toolchain/arm/arm-gnu-toolchain/bin/../lib/gcc/arm-none-eabi/5.3.1/armv6-m\libgcc.a(eqdf2.o)
                0x10010e80                __nedf2
                0x10010e80                __eqdf2
 .text          0x10010f00       0xc8 c:/program files (x86)/atmel/studio/7.0/toolchain/arm/arm-gnu-toolchain/bin/../lib/gcc/arm-none-eabi/5.3.1/armv6-m\libgcc.a(gedf2.o)
                0x10010f00                __gedf2
                0x10010f00                __gtdf2
 .text          0x10010fc8       0xd4 c:/program files (x86)/atmel/studio/7.0/toolchain/arm/arm-gnu-toolchain/bin/../lib/gcc/arm-none-eabi/5.3.1/armv6-m\libgcc.a(ledf2.o)
                0x10010fc8                __ledf2
                0x10010fc8                __ltdf2
 .text.__libc_init_array
                0x1001109c       0x4c c:/program files (x86)/atmel/studio/7.0/toolchain/arm/arm-gnu-toolchain/bin/../lib/gcc/arm-none-eabi/5.3.1/../../../../arm-none-eabi/lib/armv6-m\libc_nano.a(lib_a-init.o)
                0x1001109c                __libc_init_array
 .text.memcmp   0x100110e8       0x1e c:/program files (x86)/atmel/studio/7.0/toolchain/arm/arm-gnu-toolchain/bin/../lib/gcc/arm-none-eabi/5.3.1/../../../../arm-none-eabi/lib/armv6-m\libc_nano.a(lib_a-memcmp.o)
                0x100110e8                memcmp
 .text.memcpy   0x10011106       0x12 c:/program files (x86)/atmel/studio/7.0/toolchain/arm/arm-gnu-toolchain/bin/../lib/gcc/arm-none-eabi/5.3.1/../../../../arm-none-eabi/lib/armv6-m\libc_nano.a(lib_a-memcpy-stub.o)
                0x10011106                memcpy
 .text.memset   0x10011118       0x10 c:/program files (x86)/atmel/studio/7.0/toolchain/arm/arm-gnu-toolchain/bin/../lib/gcc/arm-none-eabi/5.3.1/../../../../arm-none-eabi/lib/armv6-m\libc_nano.a(lib_a-memset.o)
                0x10011118                memset
 .text.printf   0x10011128       0x34 c:/program files (x86)/atmel/studio/7.0/toolchain/arm/arm-gnu-toolchain/bin/../lib/gcc/arm-none-eabi/5.3.1/../../../../arm-none-eabi/lib/armv6-m\libc_nano.a(lib_a-printf.o)
                0x10011128                iprintf
                0x10011128                printf
 .text.putchar  0x1001115c       0x28 c:/program files (x86)/atmel/studio/7.0/toolchain/arm/arm-gnu-toolchain/bin/../lib/gcc/arm-none-eabi/5.3.1/../../../../arm-none-eabi/lib/armv6-m\libc_nano.a(lib_a-putchar.o)
                0x1001115c                putchar
 .text._puts_r  0x10011184       0xc4 c:/program files (x86)/atmel/studio/7.0/toolchain/arm/arm-gnu-toolchain/bin/../lib/gcc/arm-none-eabi/5.3.1/../../../../arm-none-eabi/lib/armv6-m\libc_nano.a(lib_a-puts.o)
                0x10011184                _puts_r
 .text.puts     0x10011248       0x14 c:/program files (x86)/atmel/studio/7.0/toolchain/arm/arm-gnu-toolchain/bin/../lib/gcc/arm-none-eabi/5.3.1/../../../../arm-none-eabi/lib/armv6-m\libc_nano.a(lib_a-puts.o)
                0x10011248                puts
 .text.rand     0x1001125c       0x78 c:/program files (x86)/atmel/studio/7.0/toolchain/arm/arm-gnu-toolchain/bin/../lib/gcc/arm-none-eabi/5.3.1/../../../../arm-none-eabi/lib/armv6-m\libc_nano.a(lib_a-rand.o)
                0x1001125c                rand
 .text.setbuf   0x100112d4       0x12 c:/program files (x86)/atmel/studio/7.0/toolchain/arm/arm-gnu-toolchain/bin/../lib/gcc/arm-none-eabi/5.3.1/../../../../arm-none-eabi/lib/armv6-m\libc_nano.a(lib_a-setbuf.o)
                0x100112d4                setbuf
 *fill*         0x100112e6        0x2 
 .text.setvbuf  0x100112e8      0x160 c:/program files (x86)/atmel/studio/7.0/toolchain/arm/arm-gnu-toolchain/bin/../lib/gcc/arm-none-eabi/5.3.1/../../../../arm-none-eabi/lib/armv6-m\libc_nano.a(lib_a-setvbuf.o)
                0x100112e8                setvbuf
 .text.__swbuf_r
                0x10011448       0xb0 c:/program files (x86)/atmel/studio/7.0/toolchain/arm/arm-gnu-toolchain/bin/../lib/gcc/arm-none-eabi/5.3.1/../../../../arm-none-eabi/lib/armv6-m\libc_nano.a(lib_a-wbuf.o)
                0x10011448                __swbuf_r
 .text.__swsetup_r
                0x100114f8       0xec c:/program files (x86)/atmel/studio/7.0/toolchain/arm/arm-gnu-toolchain/bin/../lib/gcc/arm-none-eabi/5.3.1/../../../../arm-none-eabi/lib/armv6-m\libc_nano.a(lib_a-wsetup.o)
                0x100114f8                __swsetup_r
 .text.__sflush_r
                0x100115e4      0x10c c:/program files (x86)/atmel/studio/7.0/toolchain/arm/arm-gnu-toolchain/bin/../lib/gcc/arm-none-eabi/5.3.1/../../../../arm-none-eabi/lib/armv6-m\libc_nano.a(lib_a-fflush.o)
                0x100115e4                __sflush_r
 .text._fflush_r
                0x100116f0       0x58 c:/program files (x86)/atmel/studio/7.0/toolchain/arm/arm-gnu-toolchain/bin/../lib/gcc/arm-none-eabi/5.3.1/../../../../arm-none-eabi/lib/armv6-m\libc_nano.a(lib_a-fflush.o)
                0x100116f0                _fflush_r
 .text._cleanup_r
                0x10011748       0x10 c:/program files (x86)/atmel/studio/7.0/toolchain/arm/arm-gnu-toolchain/bin/../lib/gcc/arm-none-eabi/5.3.1/../../../../arm-none-eabi/lib/armv6-m\libc_nano.a(lib_a-findfp.o)
                0x10011748                _cleanup_r
 .text.std.isra.0
                0x10011758       0x48 c:/program files (x86)/atmel/studio/7.0/toolchain/arm/arm-gnu-toolchain/bin/../lib/gcc/arm-none-eabi/5.3.1/../../../../arm-none-eabi/lib/armv6-m\libc_nano.a(lib_a-findfp.o)
 .text.__sfmoreglue
                0x100117a0       0x2c c:/program files (x86)/atmel/studio/7.0/toolchain/arm/arm-gnu-toolchain/bin/../lib/gcc/arm-none-eabi/5.3.1/../../../../arm-none-eabi/lib/armv6-m\libc_nano.a(lib_a-findfp.o)
                0x100117a0                __sfmoreglue
 .text.__sinit  0x100117cc       0x68 c:/program files (x86)/atmel/studio/7.0/toolchain/arm/arm-gnu-toolchain/bin/../lib/gcc/arm-none-eabi/5.3.1/../../../../arm-none-eabi/lib/armv6-m\libc_nano.a(lib_a-findfp.o)
                0x100117cc                __sinit
 .text.__sfp    0x10011834       0x7c c:/program files (x86)/atmel/studio/7.0/toolchain/arm/arm-gnu-toolchain/bin/../lib/gcc/arm-none-eabi/5.3.1/../../../../arm-none-eabi/lib/armv6-m\libc_nano.a(lib_a-findfp.o)
                0x10011834                __sfp
 .text._fwalk_reent
                0x100118b0       0x42 c:/program files (x86)/atmel/studio/7.0/toolchain/arm/arm-gnu-toolchain/bin/../lib/gcc/arm-none-eabi/5.3.1/../../../../arm-none-eabi/lib/armv6-m\libc_nano.a(lib_a-fwalk.o)
                0x100118b0                _fwalk_reent
 *fill*         0x100118f2        0x2 
 .text.__swhatbuf_r
                0x100118f4       0x4c c:/program files (x86)/atmel/studio/7.0/toolchain/arm/arm-gnu-toolchain/bin/../lib/gcc/arm-none-eabi/5.3.1/../../../../arm-none-eabi/lib/armv6-m\libc_nano.a(lib_a-makebuf.o)
                0x100118f4                __swhatbuf_r
 .text.__smakebuf_r
                0x10011940       0x7c c:/program files (x86)/atmel/studio/7.0/toolchain/arm/arm-gnu-toolchain/bin/../lib/gcc/arm-none-eabi/5.3.1/../../../../arm-none-eabi/lib/armv6-m\libc_nano.a(lib_a-makebuf.o)
                0x10011940                __smakebuf_r
 .text.malloc   0x100119bc       0x14 c:/program files (x86)/atmel/studio/7.0/toolchain/arm/arm-gnu-toolchain/bin/../lib/gcc/arm-none-eabi/5.3.1/../../../../arm-none-eabi/lib/armv6-m\libc_nano.a(lib_a-malloc.o)
                0x100119bc                malloc
 .text._free_r  0x100119d0       0x8c c:/program files (x86)/atmel/studio/7.0/toolchain/arm/arm-gnu-toolchain/bin/../lib/gcc/arm-none-eabi/5.3.1/../../../../arm-none-eabi/lib/armv6-m\libc_nano.a(lib_a-nano-freer.o)
                0x100119d0                _free_r
 .text._malloc_r
                0x10011a5c       0xac c:/program files (x86)/atmel/studio/7.0/toolchain/arm/arm-gnu-toolchain/bin/../lib/gcc/arm-none-eabi/5.3.1/../../../../arm-none-eabi/lib/armv6-m\libc_nano.a(lib_a-nano-mallocr.o)
                0x10011a5c                _malloc_r
 .text.__sfputc_r
                0x10011b08       0x2a c:/program files (x86)/atmel/studio/7.0/toolchain/arm/arm-gnu-toolchain/bin/../lib/gcc/arm-none-eabi/5.3.1/../../../../arm-none-eabi/lib/armv6-m\libc_nano.a(lib_a-nano-vfprintf.o)
 .text.__sfputs_r
                0x10011b32       0x24 c:/program files (x86)/atmel/studio/7.0/toolchain/arm/arm-gnu-toolchain/bin/../lib/gcc/arm-none-eabi/5.3.1/../../../../arm-none-eabi/lib/armv6-m\libc_nano.a(lib_a-nano-vfprintf.o)
                0x10011b32                __sfputs_r
 *fill*         0x10011b56        0x2 
 .text._vfprintf_r
                0x10011b58      0x238 c:/program files (x86)/atmel/studio/7.0/toolchain/arm/arm-gnu-toolchain/bin/../lib/gcc/arm-none-eabi/5.3.1/../../../../arm-none-eabi/lib/armv6-m\libc_nano.a(lib_a-nano-vfprintf.o)
                0x10011b58                _vfprintf_r
                0x10011b58                _vfiprintf_r
 .text._printf_common
                0x10011d90       0xdc c:/program files (x86)/atmel/studio/7.0/toolchain/arm/arm-gnu-toolchain/bin/../lib/gcc/arm-none-eabi/5.3.1/../../../../arm-none-eabi/lib/armv6-m\libc_nano.a(lib_a-nano-vfprintf_i.o)
                0x10011d90                _printf_common
 .text._printf_i
                0x10011e6c      0x244 c:/program files (x86)/atmel/studio/7.0/toolchain/arm/arm-gnu-toolchain/bin/../lib/gcc/arm-none-eabi/5.3.1/../../../../arm-none-eabi/lib/armv6-m\libc_nano.a(lib_a-nano-vfprintf_i.o)
                0x10011e6c                _printf_i
 .text._putc_r  0x100120b0       0x6c c:/program files (x86)/atmel/studio/7.0/toolchain/arm/arm-gnu-toolchain/bin/../lib/gcc/arm-none-eabi/5.3.1/../../../../arm-none-eabi/lib/armv6-m\libc_nano.a(lib_a-putc.o)
                0x100120b0                _putc_r
 .text._sbrk_r  0x1001211c       0x24 c:/program files (x86)/atmel/studio/7.0/toolchain/arm/arm-gnu-toolchain/bin/../lib/gcc/arm-none-eabi/5.3.1/../../../../arm-none-eabi/lib/armv6-m\libc_nano.a(lib_a-sbrkr.o)
                0x1001211c                _sbrk_r
 .text.__sread  0x10012140       0x28 c:/program files (x86)/atmel/studio/7.0/toolchain/arm/arm-gnu-toolchain/bin/../lib/gcc/arm-none-eabi/5.3.1/../../../../arm-none-eabi/lib/armv6-m\libc_nano.a(lib_a-stdio.o)
                0x10012140                __sread
 .text.__swrite
                0x10012168       0x38 c:/program files (x86)/atmel/studio/7.0/toolchain/arm/arm-gnu-toolchain/bin/../lib/gcc/arm-none-eabi/5.3.1/../../../../arm-none-eabi/lib/armv6-m\libc_nano.a(lib_a-stdio.o)
                0x10012168                __swrite
 .text.__sseek  0x100121a0       0x2c c:/program files (x86)/atmel/studio/7.0/toolchain/arm/arm-gnu-toolchain/bin/../lib/gcc/arm-none-eabi/5.3.1/../../../../arm-none-eabi/lib/armv6-m\libc_nano.a(lib_a-stdio.o)
                0x100121a0                __sseek
 .text.__sclose
                0x100121cc        0xc c:/program files (x86)/atmel/studio/7.0/toolchain/arm/arm-gnu-toolchain/bin/../lib/gcc/arm-none-eabi/5.3.1/../../../../arm-none-eabi/lib/armv6-m\libc_nano.a(lib_a-stdio.o)
                0x100121cc                __sclose
 .text._write_r
                0x100121d8       0x28 c:/program files (x86)/atmel/studio/7.0/toolchain/arm/arm-gnu-toolchain/bin/../lib/gcc/arm-none-eabi/5.3.1/../../../../arm-none-eabi/lib/armv6-m\libc_nano.a(lib_a-writer.o)
                0x100121d8                _write_r
 .text._close_r
                0x10012200       0x24 c:/program files (x86)/atmel/studio/7.0/toolchain/arm/arm-gnu-toolchain/bin/../lib/gcc/arm-none-eabi/5.3.1/../../../../arm-none-eabi/lib/armv6-m\libc_nano.a(lib_a-closer.o)
                0x10012200                _close_r
 .text._fstat_r
                0x10012224       0x24 c:/program files (x86)/atmel/studio/7.0/toolchain/arm/arm-gnu-toolchain/bin/../lib/gcc/arm-none-eabi/5.3.1/../../../../arm-none-eabi/lib/armv6-m\libc_nano.a(lib_a-fstatr.o)
                0x10012224                _fstat_r
 .text._isatty_r
                0x10012248       0x24 c:/program files (x86)/atmel/studio/7.0/toolchain/arm/arm-gnu-toolchain/bin/../lib/gcc/arm-none-eabi/5.3.1/../../../../arm-none-eabi/lib/armv6-m\libc_nano.a(lib_a-isattyr.o)
                0x10012248                _isatty_r
 .text._lseek_r
                0x1001226c       0x28 c:/program files (x86)/atmel/studio/7.0/toolchain/arm/arm-gnu-toolchain/bin/../lib/gcc/arm-none-eabi/5.3.1/../../../../arm-none-eabi/lib/armv6-m\libc_nano.a(lib_a-lseekr.o)
                0x1001226c                _lseek_r
 .text.memchr   0x10012294       0x16 c:/program files (x86)/atmel/studio/7.0/toolchain/arm/arm-gnu-toolchain/bin/../lib/gcc/arm-none-eabi/5.3.1/../../../../arm-none-eabi/lib/armv6-m\libc_nano.a(lib_a-memchr-stub.o)
                0x10012294                memchr
 *fill*         0x100122aa        0x2 
 .text._read_r  0x100122ac       0x28 c:/program files (x86)/atmel/studio/7.0/toolchain/arm/arm-gnu-toolchain/bin/../lib/gcc/arm-none-eabi/5.3.1/../../../../arm-none-eabi/lib/armv6-m\libc_nano.a(lib_a-readr.o)
                0x100122ac                _read_r
 .text          0x100122d4       0x58 c:/program files (x86)/atmel/studio/7.0/toolchain/arm/arm-gnu-toolchain/bin/../lib/gcc/arm-none-eabi/5.3.1/armv6-m\libgcc.a(_muldi3.o)
                0x100122d4                __muldi3
                0x100122d4                __aeabi_lmul
 *(.glue_7t)
 .glue_7t       0x1001232c        0x0 linker stubs
 *(.glue_7)
 .glue_7        0x1001232c        0x0 linker stubs
 *(.rodata .rodata* .gnu.linkonce.r.*)
 .rodata.BLACK  0x1001232c        0x1 src/MemLCD.o
                0x1001232c                BLACK
 .rodata.WHITE  0x1001232d        0x1 src/MemLCD.o
                0x1001232d                WHITE
 *fill*         0x1001232e        0x2 
 .rodata.microsoftSansSerif_8ptFontInfo
                0x10012330        0xc src/microsoftSansSerif_8pt.o
                0x10012330                microsoftSansSerif_8ptFontInfo
 .rodata.microsoftSansSerif_8ptBitmaps
                0x1001233c      0x490 src/microsoftSansSerif_8pt.o
                0x1001233c                microsoftSansSerif_8ptBitmaps
 .rodata.microsoftSansSerif_8ptDescriptors
                0x100127cc      0x17c src/microsoftSansSerif_8pt.o
                0x100127cc                microsoftSansSerif_8ptDescriptors
 .rodata.system_clock_peripheral_enable
                0x10012948       0xd8 src/ASF/sam0/drivers/system/system_sam_b.o
 .rodata.system_clock_peripheral_disable
                0x10012a20       0xd8 src/ASF/sam0/drivers/system/system_sam_b.o
 .rodata.system_peripheral_reset
                0x10012af8      0x110 src/ASF/sam0/drivers/system/system_sam_b.o
 .rodata        0x10012c08       0x11 src/ASF/thirdparty/wireless/ble_smart_sdk/ble_profiles/cscp/cscp.o
 *fill*         0x10012c19        0x3 
 .rodata.csc_gatt_client_handle
                0x10012c1c       0x28 src/ASF/thirdparty/wireless/ble_smart_sdk/ble_profiles/cscp/cscp.o
 .rodata.csc_gap_handle
                0x10012c44       0x4c src/ASF/thirdparty/wireless/ble_smart_sdk/ble_profiles/cscp/cscp.o
 .rodata.str1.4
                0x10012c90      0x10c src/ASF/thirdparty/wireless/ble_smart_sdk/ble_profiles/cscp/cscp.o
 .rodata.csc_gatt_server_handle
                0x10012d9c       0x28 src/ASF/thirdparty/wireless/ble_smart_sdk/ble_profiles/cscp/cscp.o
 .rodata.ble_disconnected_state_handler
                0x10012dc4       0x20 src/ASF/thirdparty/wireless/ble_smart_sdk/ble_services/ble_mgr/ble_manager.o
 .rodata.ble_mgr_events_callback_handler
                0x10012de4       0x1c src/ASF/thirdparty/wireless/ble_smart_sdk/ble_services/ble_mgr/ble_manager.o
 .rodata.ble_event_manager
                0x10012e00       0xf0 src/ASF/thirdparty/wireless/ble_smart_sdk/ble_services/ble_mgr/ble_manager.o
 .rodata        0x10012ef0       0x2d src/ASF/thirdparty/wireless/ble_smart_sdk/ble_services/ble_mgr/ble_manager.o
 *fill*         0x10012f1d        0x3 
 .rodata.ble_mgr_gatt_server_handle
                0x10012f20       0x28 src/ASF/thirdparty/wireless/ble_smart_sdk/ble_services/ble_mgr/ble_manager.o
 .rodata.str1.4
                0x10012f48      0x612 src/ASF/thirdparty/wireless/ble_smart_sdk/ble_services/ble_mgr/ble_manager.o
                                0x616 (size before relaxing)
 *fill*         0x1001355a        0x2 
 .rodata.ble_mgr_gap_handle
                0x1001355c       0x4c src/ASF/thirdparty/wireless/ble_smart_sdk/ble_services/ble_mgr/ble_manager.o
 .rodata        0x100135a8       0x25 src/ASF/thirdparty/wireless/ble_smart_sdk/ble_services/cscs/cscs.o
 *fill*         0x100135cd        0x3 
 .rodata.str1.4
                0x100135d0       0x89 src/ASF/thirdparty/wireless/ble_smart_sdk/ble_services/cscs/cscs.o
                                 0x8d (size before relaxing)
 *fill*         0x10013659        0x3 
 .rodata.str1.4
                0x1001365c       0x2c src/csc_app.o
                                 0x30 (size before relaxing)
 .rodata.app_gap_handle
                0x10013688       0x4c src/csc_app.o
 .rodata        0x100136d4        0xb ../src/ASF/thirdparty/wireless/ble_smart_sdk/lib/cm0/gcc\libblusdk.a(gap.o)
 .rodata.CSWTCH.45
                0x100136df        0x3 ../src/ASF/thirdparty/wireless/ble_smart_sdk/lib/cm0/gcc\libblusdk.a(gap.o)
 .rodata.CSWTCH.47
                0x100136e2        0xf ../src/ASF/thirdparty/wireless/ble_smart_sdk/lib/cm0/gcc\libblusdk.a(gap.o)
 .rodata.client_conf_uuid
                0x100136f1        0x2 ../src/ASF/thirdparty/wireless/ble_smart_sdk/lib/cm0/gcc\libblusdk.a(gatt_server.o)
                0x100136f1                client_conf_uuid
 .rodata.presentation_format_uuid
                0x100136f3        0x2 ../src/ASF/thirdparty/wireless/ble_smart_sdk/lib/cm0/gcc\libblusdk.a(gatt_server.o)
                0x100136f3                presentation_format_uuid
 .rodata.user_desc_uuid
                0x100136f5        0x2 ../src/ASF/thirdparty/wireless/ble_smart_sdk/lib/cm0/gcc\libblusdk.a(gatt_server.o)
                0x100136f5                user_desc_uuid
 .rodata.server_conf_uuid
                0x100136f7        0x2 ../src/ASF/thirdparty/wireless/ble_smart_sdk/lib/cm0/gcc\libblusdk.a(gatt_server.o)
                0x100136f7                server_conf_uuid
 .rodata.extended_props_uuid
                0x100136f9        0x2 ../src/ASF/thirdparty/wireless/ble_smart_sdk/lib/cm0/gcc\libblusdk.a(gatt_server.o)
                0x100136f9                extended_props_uuid
 .rodata.include_uuid
                0x100136fb        0x2 ../src/ASF/thirdparty/wireless/ble_smart_sdk/lib/cm0/gcc\libblusdk.a(gatt_server.o)
                0x100136fb                include_uuid
 .rodata.char_uuid
                0x100136fd        0x2 ../src/ASF/thirdparty/wireless/ble_smart_sdk/lib/cm0/gcc\libblusdk.a(gatt_server.o)
                0x100136fd                char_uuid
 *fill*         0x100136ff        0x1 
 .rodata        0x10013700       0x40 c:/program files (x86)/atmel/studio/7.0/toolchain/arm/arm-gnu-toolchain/bin/../lib/gcc/arm-none-eabi/5.3.1/armv6-m\libgcc.a(muldf3.o)
 .rodata.str1.1
                0x10013740        0x2 c:/program files (x86)/atmel/studio/7.0/toolchain/arm/arm-gnu-toolchain/bin/../lib/gcc/arm-none-eabi/5.3.1/../../../../arm-none-eabi/lib/armv6-m\libc_nano.a(lib_a-impure.o)
 *fill*         0x10013742        0x2 
 .rodata._global_impure_ptr
                0x10013744        0x4 c:/program files (x86)/atmel/studio/7.0/toolchain/arm/arm-gnu-toolchain/bin/../lib/gcc/arm-none-eabi/5.3.1/../../../../arm-none-eabi/lib/armv6-m\libc_nano.a(lib_a-impure.o)
                0x10013744                _global_impure_ptr
 .rodata.__sf_fake_stdin
                0x10013748       0x20 c:/program files (x86)/atmel/studio/7.0/toolchain/arm/arm-gnu-toolchain/bin/../lib/gcc/arm-none-eabi/5.3.1/../../../../arm-none-eabi/lib/armv6-m\libc_nano.a(lib_a-findfp.o)
                0x10013748                __sf_fake_stdin
 .rodata.__sf_fake_stdout
                0x10013768       0x20 c:/program files (x86)/atmel/studio/7.0/toolchain/arm/arm-gnu-toolchain/bin/../lib/gcc/arm-none-eabi/5.3.1/../../../../arm-none-eabi/lib/armv6-m\libc_nano.a(lib_a-findfp.o)
                0x10013768                __sf_fake_stdout
 .rodata.__sf_fake_stderr
                0x10013788       0x20 c:/program files (x86)/atmel/studio/7.0/toolchain/arm/arm-gnu-toolchain/bin/../lib/gcc/arm-none-eabi/5.3.1/../../../../arm-none-eabi/lib/armv6-m\libc_nano.a(lib_a-findfp.o)
                0x10013788                __sf_fake_stderr
 .rodata.str1.1
                0x100137a8       0x11 c:/program files (x86)/atmel/studio/7.0/toolchain/arm/arm-gnu-toolchain/bin/../lib/gcc/arm-none-eabi/5.3.1/../../../../arm-none-eabi/lib/armv6-m\libc_nano.a(lib_a-nano-vfprintf.o)
 .rodata.str1.1
                0x100137b9       0x22 c:/program files (x86)/atmel/studio/7.0/toolchain/arm/arm-gnu-toolchain/bin/../lib/gcc/arm-none-eabi/5.3.1/../../../../arm-none-eabi/lib/armv6-m\libc_nano.a(lib_a-nano-vfprintf_i.o)
 *(.ARM.extab* .gnu.linkonce.armextab.*)
                0x100137dc                . = ALIGN (0x4)
 *fill*         0x100137db        0x1 
 *(.init)
 .init          0x100137dc        0x4 c:/program files (x86)/atmel/studio/7.0/toolchain/arm/arm-gnu-toolchain/bin/../lib/gcc/arm-none-eabi/5.3.1/armv6-m/crti.o
                0x100137dc                _init
 .init          0x100137e0        0x8 c:/program files (x86)/atmel/studio/7.0/toolchain/arm/arm-gnu-toolchain/bin/../lib/gcc/arm-none-eabi/5.3.1/armv6-m/crtn.o
                0x100137e8                . = ALIGN (0x4)
                0x100137e8                __preinit_array_start = .
 *(.preinit_array)
                0x100137e8                __preinit_array_end = .
                0x100137e8                . = ALIGN (0x4)
                0x100137e8                __init_array_start = .
 *(SORT(.init_array.*))
 *(.init_array)
 .init_array    0x100137e8        0x4 c:/program files (x86)/atmel/studio/7.0/toolchain/arm/arm-gnu-toolchain/bin/../lib/gcc/arm-none-eabi/5.3.1/armv6-m/crtbegin.o
                0x100137ec                __init_array_end = .
                0x100137ec                . = ALIGN (0x4)
 *crtbegin.o(.ctors)
 *(EXCLUDE_FILE(*crtend.o) .ctors)
 *(SORT(.ctors.*))
 *crtend.o(.ctors)
                0x100137ec                . = ALIGN (0x4)
 *(.fini)
 .fini          0x100137ec        0x4 c:/program files (x86)/atmel/studio/7.0/toolchain/arm/arm-gnu-toolchain/bin/../lib/gcc/arm-none-eabi/5.3.1/armv6-m/crti.o
                0x100137ec                _fini
 .fini          0x100137f0        0x8 c:/program files (x86)/atmel/studio/7.0/toolchain/arm/arm-gnu-toolchain/bin/../lib/gcc/arm-none-eabi/5.3.1/armv6-m/crtn.o
                0x100137f8                . = ALIGN (0x4)
                0x100137f8                __fini_array_start = .
 *(.fini_array)
 .fini_array    0x100137f8        0x4 c:/program files (x86)/atmel/studio/7.0/toolchain/arm/arm-gnu-toolchain/bin/../lib/gcc/arm-none-eabi/5.3.1/armv6-m/crtbegin.o
 *(SORT(.fini_array.*))
                0x100137fc                __fini_array_end = .
 *crtbegin.o(.dtors)
 *(EXCLUDE_FILE(*crtend.o) .dtors)
 *(SORT(.dtors.*))
 *crtend.o(.dtors)
                0x100137fc                . = ALIGN (0x4)
                0x100137fc                _efixed = .

.vfp11_veneer   0x100137fc        0x0
 .vfp11_veneer  0x100137fc        0x0 linker stubs

.v4_bx          0x100137fc        0x0
 .v4_bx         0x100137fc        0x0 linker stubs

.iplt           0x100137fc        0x0
 .iplt          0x100137fc        0x0 c:/program files (x86)/atmel/studio/7.0/toolchain/arm/arm-gnu-toolchain/bin/../lib/gcc/arm-none-eabi/5.3.1/armv6-m/crtbegin.o

.eh_frame       0x100137fc        0x0
 .eh_frame      0x100137fc        0x0 c:/program files (x86)/atmel/studio/7.0/toolchain/arm/arm-gnu-toolchain/bin/../lib/gcc/arm-none-eabi/5.3.1/armv6-m/crtbegin.o

.rel.dyn        0x100137fc        0x0
 .rel.iplt      0x100137fc        0x0 c:/program files (x86)/atmel/studio/7.0/toolchain/arm/arm-gnu-toolchain/bin/../lib/gcc/arm-none-eabi/5.3.1/armv6-m/crtbegin.o

.jcr            0x100137fc        0x0
 .jcr           0x100137fc        0x0 c:/program files (x86)/atmel/studio/7.0/toolchain/arm/arm-gnu-toolchain/bin/../lib/gcc/arm-none-eabi/5.3.1/armv6-m/crtbegin.o

.igot.plt       0x100137fc        0x0
 .igot.plt      0x100137fc        0x0 c:/program files (x86)/atmel/studio/7.0/toolchain/arm/arm-gnu-toolchain/bin/../lib/gcc/arm-none-eabi/5.3.1/armv6-m/crtbegin.o
                0x100137fc                . = ALIGN (0x4)
                0x100137fc                _etext = .

.relocate       0x100137fc       0x6c
                0x100137fc                . = ALIGN (0x4)
                0x100137fc                _srelocate = .
 *(.ramfunc .ramfunc.*)
 *(.data .data.*)
 .data.app_exec
                0x100137fc        0x1 src/csc_app.o
                0x100137fc                app_exec
 .data.l2cap_avail_buffers
                0x100137fd        0x1 ../src/ASF/thirdparty/wireless/ble_smart_sdk/lib/cm0/gcc\libblusdk.a(l2cc_task.o)
                0x100137fd                l2cap_avail_buffers
 *fill*         0x100137fe        0x2 
 .data.dummy_buffer
                0x10013800        0x4 ../src/ASF/thirdparty/wireless/ble_smart_sdk/lib/cm0/gcc\libblusdk.a(interface.o)
                0x10013800                dummy_buffer
 .data.impure_data
                0x10013804       0x60 c:/program files (x86)/atmel/studio/7.0/toolchain/arm/arm-gnu-toolchain/bin/../lib/gcc/arm-none-eabi/5.3.1/../../../../arm-none-eabi/lib/armv6-m\libc_nano.a(lib_a-impure.o)
 .data._impure_ptr
                0x10013864        0x4 c:/program files (x86)/atmel/studio/7.0/toolchain/arm/arm-gnu-toolchain/bin/../lib/gcc/arm-none-eabi/5.3.1/../../../../arm-none-eabi/lib/armv6-m\libc_nano.a(lib_a-impure.o)
                0x10013864                _impure_ptr
                0x10013868                . = ALIGN (0x4)
                0x10013868                _erelocate = .

.bss            0x10013868     0x4970
                0x10013868                . = ALIGN (0x4)
                0x10013868                _sbss = .
                0x10013868                _szero = .
 *(.bss .bss.*)
 .bss           0x10013868       0x1c c:/program files (x86)/atmel/studio/7.0/toolchain/arm/arm-gnu-toolchain/bin/../lib/gcc/arm-none-eabi/5.3.1/armv6-m/crtbegin.o
 .bss.flag_direction_both
                0x10013884        0x2 src/ASF/sam0/drivers/spi/spi_callback.o
 .bss.dummy_write
                0x10013886        0x2 src/ASF/sam0/drivers/spi/spi_callback.o
 .bss.dualtimer_callback_timer1
                0x10013888        0x4 src/ASF/sam0/drivers/dualtimer/dualtimer.o
 .bss.dualtimer_callback_timer2
                0x1001388c        0x4 src/ASF/sam0/drivers/dualtimer/dualtimer.o
 .bss.heap.5286
                0x10013890        0x4 src/ASF/sam0/utils/syscalls/gcc/syscalls.o
 .bss.event_pool_memory
                0x10013894      0x400 src/ASF/thirdparty/wireless/ble_smart_sdk/ble_services/ble_mgr/ble_manager.o
                0x10013894                event_pool_memory
 .bss.att_db_data
                0x10013c94      0x4e0 src/ASF/thirdparty/wireless/ble_smart_sdk/ble_services/ble_mgr/ble_manager.o
                0x10013c94                att_db_data
 .bss.ble_user_event_cb
                0x10014174        0x4 src/ASF/thirdparty/wireless/ble_smart_sdk/ble_services/ble_mgr/ble_manager.o
                0x10014174                ble_user_event_cb
 .bss.scan_response_count
                0x10014178        0x1 src/ASF/thirdparty/wireless/ble_smart_sdk/ble_services/ble_mgr/ble_manager.o
                0x10014178                scan_response_count
 *fill*         0x10014179        0x3 
 .bss.ble_peripheral_dev_address
                0x1001417c        0x7 src/ASF/thirdparty/wireless/ble_smart_sdk/ble_services/ble_mgr/ble_manager.o
 .bss.ulp_status
                0x10014183        0x1 src/ASF/thirdparty/wireless/ble_smart_sdk/ble_services/ble_mgr/ble_manager.o
                0x10014183                ulp_status
 .bss.event_params_memory
                0x10014184     0x1000 src/ASF/thirdparty/wireless/ble_smart_sdk/ble_services/ble_mgr/ble_manager.o
                0x10014184                event_params_memory
 .bss.tick      0x10015184        0x4 src/ASF/thirdparty/wireless/ble_smart_sdk/services/uart/console_serial.o
                0x10015184                tick
 .bss.read_status
                0x10015188        0x1 src/ASF/thirdparty/wireless/ble_smart_sdk/services/uart/console_serial.o
                0x10015188                read_status
 *fill*         0x10015189        0x3 
 .bss.string_input
                0x1001518c        0x1 src/ASF/thirdparty/wireless/ble_smart_sdk/services/uart/console_serial.o
                0x1001518c                string_input
 *fill*         0x1001518d        0x3 
 .bss.user_callback_func
                0x10015190        0x4 src/ASF/thirdparty/wireless/ble_smart_sdk/services/uart/console_serial.o
                0x10015190                user_callback_func
 .bss.platform_event_pending_list
                0x10015194        0x4 src/ASF/thirdparty/wireless/ble_smart_sdk/src/event_handler.o
 .bss.platform_event_free_list
                0x10015198        0x4 src/ASF/thirdparty/wireless/ble_smart_sdk/src/event_handler.o
 .bss.platform_event_pool
                0x1001519c       0x78 src/ASF/thirdparty/wireless/ble_smart_sdk/src/event_handler.o
 .bss.rcv_msg.12903
                0x10015214        0x4 src/ASF/thirdparty/wireless/ble_smart_sdk/src/platform_drv.o
 .bss.ke_free   0x10015218        0x4 src/ASF/thirdparty/wireless/ble_smart_sdk/src/platform_drv.o
 .bss.gapm_get_id_from_task
                0x1001521c        0x4 src/ASF/thirdparty/wireless/ble_smart_sdk/src/platform_drv.o
 .bss.gapm_get_task_from_id
                0x10015220        0x4 src/ASF/thirdparty/wireless/ble_smart_sdk/src/platform_drv.o
 .bss.os_sem_up
                0x10015224        0x4 src/ASF/thirdparty/wireless/ble_smart_sdk/src/platform_drv.o
 .bss.pwr_wait_BLE_out_of_reset
                0x10015228        0x4 src/ASF/thirdparty/wireless/ble_smart_sdk/src/platform_drv.o
 .bss.platform_initialized
                0x1001522c        0x1 src/ASF/thirdparty/wireless/ble_smart_sdk/src/platform_drv.o
                0x1001522c                platform_initialized
 *fill*         0x1001522d        0x3 
 .bss.pwr_disable_arm_wakeup
                0x10015230        0x4 src/ASF/thirdparty/wireless/ble_smart_sdk/src/platform_drv.o
 .bss.gstrFwSem
                0x10015234        0x4 src/ASF/thirdparty/wireless/ble_smart_sdk/src/platform_drv.o
 .bss.os_sem_down
                0x10015238        0x4 src/ASF/thirdparty/wireless/ble_smart_sdk/src/platform_drv.o
 .bss.pwr_enable_arm_wakeup
                0x1001523c        0x4 src/ASF/thirdparty/wireless/ble_smart_sdk/src/platform_drv.o
 .bss.NMI_MsgQueueRecv
                0x10015240        0x4 src/ASF/thirdparty/wireless/ble_smart_sdk/src/platform_drv.o
 .bss.ke_msg_send
                0x10015244        0x4 src/ASF/thirdparty/wireless/ble_smart_sdk/src/platform_drv.o
 .bss.ble_stack_message_handler
                0x10015248        0x4 src/ASF/thirdparty/wireless/ble_smart_sdk/src/platform_drv.o
 .bss.pwr_arm_wakeup_req
                0x1001524c        0x4 src/ASF/thirdparty/wireless/ble_smart_sdk/src/platform_drv.o
 .bss.ke_msg_hdr.12904
                0x10015250        0x4 src/ASF/thirdparty/wireless/ble_smart_sdk/src/platform_drv.o
 .bss.ke_msg_alloc
                0x10015254        0x4 src/ASF/thirdparty/wireless/ble_smart_sdk/src/platform_drv.o
 .bss.InternalAppMsgQHandle
                0x10015258        0x4 src/ASF/thirdparty/wireless/ble_smart_sdk/src/platform_drv.o
 .bss.send_length
                0x1001525c        0x2 src/csc_app.o
                0x1001525c                send_length
 *fill*         0x1001525e        0x2 
 .bss.spare_event
                0x10015260       0x10 ../src/ASF/thirdparty/wireless/ble_smart_sdk/lib/cm0/gcc\libblusdk.a(event.o)
 .bss.spare_event_busy
                0x10015270        0x1 ../src/ASF/thirdparty/wireless/ble_smart_sdk/lib/cm0/gcc\libblusdk.a(event.o)
 *fill*         0x10015271        0x3 
 .bss.event_pending_list
                0x10015274        0x4 ../src/ASF/thirdparty/wireless/ble_smart_sdk/lib/cm0/gcc\libblusdk.a(event.o)
 .bss.event_free_list
                0x10015278        0x4 ../src/ASF/thirdparty/wireless/ble_smart_sdk/lib/cm0/gcc\libblusdk.a(event.o)
 .bss.u16GattcSeqNo
                0x1001527c        0x2 ../src/ASF/thirdparty/wireless/ble_smart_sdk/lib/cm0/gcc\libblusdk.a(gatt_client.o)
 *fill*         0x1001527e        0x2 
 .bss.pu8valuesBuffer
                0x10015280        0x4 ../src/ASF/thirdparty/wireless/ble_smart_sdk/lib/cm0/gcc\libblusdk.a(gatt_server.o)
                0x10015280                pu8valuesBuffer
 .bss.unNull    0x10015284        0x1 ../src/ASF/thirdparty/wireless/ble_smart_sdk/lib/cm0/gcc\libblusdk.a(gatt_server.o)
                0x10015284                unNull
 *fill*         0x10015285        0x3 
 .bss.ptstrattDb
                0x10015288        0x4 ../src/ASF/thirdparty/wireless/ble_smart_sdk/lib/cm0/gcc\libblusdk.a(gatt_server.o)
                0x10015288                ptstrattDb
 .bss.pu8valuesBufferEnd
                0x1001528c        0x4 ../src/ASF/thirdparty/wireless/ble_smart_sdk/lib/cm0/gcc\libblusdk.a(gatt_server.o)
                0x1001528c                pu8valuesBufferEnd
 .bss.u32numberOfValues
                0x10015290        0x4 ../src/ASF/thirdparty/wireless/ble_smart_sdk/lib/cm0/gcc\libblusdk.a(gatt_server.o)
                0x10015290                u32numberOfValues
 .bss.u32dbMemorySize
                0x10015294        0x4 ../src/ASF/thirdparty/wireless/ble_smart_sdk/lib/cm0/gcc\libblusdk.a(gatt_server.o)
                0x10015294                u32dbMemorySize
 .bss.service_setup_buffer
                0x10015298        0x4 ../src/ASF/thirdparty/wireless/ble_smart_sdk/lib/cm0/gcc\libblusdk.a(gatt_server.o)
                0x10015298                service_setup_buffer
 .bss.event_param_buff
                0x1001529c        0x4 ../src/ASF/thirdparty/wireless/ble_smart_sdk/lib/cm0/gcc\libblusdk.a(interface.o)
                0x1001529c                event_param_buff
 .bss.event_param_buff_length
                0x100152a0        0x4 ../src/ASF/thirdparty/wireless/ble_smart_sdk/lib/cm0/gcc\libblusdk.a(interface.o)
                0x100152a0                event_param_buff_length
 .bss.cmd_cmpl_flag
                0x100152a4        0x4 ../src/ASF/thirdparty/wireless/ble_smart_sdk/lib/cm0/gcc\libblusdk.a(interface.o)
 .bss.dummy_key.7283
                0x100152a8       0x10 ../src/ASF/thirdparty/wireless/ble_smart_sdk/lib/cm0/gcc\libblusdk.a(gapc_task.o)
 .bss.dummy_key.7401
                0x100152b8       0x10 ../src/ASF/thirdparty/wireless/ble_smart_sdk/lib/cm0/gcc\libblusdk.a(gapc_task.o)
 .bss.dummy_key.7419
                0x100152c8       0x10 ../src/ASF/thirdparty/wireless/ble_smart_sdk/lib/cm0/gcc\libblusdk.a(gapc_task.o)
 .bss.peer_key_info
                0x100152d8       0x46 ../src/ASF/thirdparty/wireless/ble_smart_sdk/lib/cm0/gcc\libblusdk.a(gapc_task.o)
 .bss.g_seq_num_tx
                0x1001531e        0x2 ../src/ASF/thirdparty/wireless/ble_smart_sdk/lib/cm0/gcc\libblusdk.a(gattc_task.o)
 .bss.Seq_NUM   0x10015320        0x2 ../src/ASF/thirdparty/wireless/ble_smart_sdk/lib/cm0/gcc\libblusdk.a(gattc_task.o)
                0x10015320                Seq_NUM
 *fill*         0x10015322        0x2 
 .bss.u32usedBuffers
                0x10015324        0x4 ../src/ASF/thirdparty/wireless/ble_smart_sdk/lib/cm0/gcc\libblusdk.a(gattm_task.o)
                0x10015324                u32usedBuffers
 .bss.__malloc_sbrk_start
                0x10015328        0x4 c:/program files (x86)/atmel/studio/7.0/toolchain/arm/arm-gnu-toolchain/bin/../lib/gcc/arm-none-eabi/5.3.1/../../../../arm-none-eabi/lib/armv6-m\libc_nano.a(lib_a-nano-mallocr.o)
                0x10015328                __malloc_sbrk_start
 .bss.__malloc_free_list
                0x1001532c        0x4 c:/program files (x86)/atmel/studio/7.0/toolchain/arm/arm-gnu-toolchain/bin/../lib/gcc/arm-none-eabi/5.3.1/../../../../arm-none-eabi/lib/armv6-m\libc_nano.a(lib_a-nano-mallocr.o)
                0x1001532c                __malloc_free_list
 *(COMMON)
 COMMON         0x10015330        0x8 src/ASF/sam0/drivers/spi/spi_callback.o
                0x10015330                _spi_instances
 COMMON         0x10015338        0x4 src/ASF/sam0/drivers/system/system_sam_b.o
                0x10015338                system_clock_value
 COMMON         0x1001533c        0x8 src/ASF/sam0/drivers/uart/uart.o
                0x1001533c                _uart_instances
 COMMON         0x10015344        0x4 src/ASF/sam0/utils/stdio/read.o