Archive member included to satisfy reference by file (symbol)

c:/program files (x86)/atmel/studio/7.0/toolchain/arm/arm-gnu-toolchain/bin/../lib/gcc/arm-none-eabi/5.3.1/../../../../arm-none-eabi/lib/armv6-m\libc_nano.a(lib_a-exit.o)
                              c:/program files (x86)/atmel/studio/7.0/toolchain/arm/arm-gnu-toolchain/bin/../lib/gcc/arm-none-eabi/5.3.1/../../../../arm-none-eabi/lib/armv6-m/crt0.o (exit)
c:/program files (x86)/atmel/studio/7.0/toolchain/arm/arm-gnu-toolchain/bin/../lib/gcc/arm-none-eabi/5.3.1/../../../../arm-none-eabi/lib/armv6-m\libc_nano.a(lib_a-impure.o)
                              c:/program files (x86)/atmel/studio/7.0/toolchain/arm/arm-gnu-toolchain/bin/../lib/gcc/arm-none-eabi/5.3.1/../../../../arm-none-eabi/lib/armv6-m\libc_nano.a(lib_a-exit.o) (_global_impure_ptr)
c:/program files (x86)/atmel/studio/7.0/toolchain/arm/arm-gnu-toolchain/bin/../lib/gcc/arm-none-eabi/5.3.1/../../../../arm-none-eabi/lib/armv6-m\libc_nano.a(lib_a-init.o)
                              c:/program files (x86)/atmel/studio/7.0/toolchain/arm/arm-gnu-toolchain/bin/../lib/gcc/arm-none-eabi/5.3.1/../../../../arm-none-eabi/lib/armv6-m/crt0.o (__libc_init_array)
c:/program files (x86)/atmel/studio/7.0/toolchain/arm/arm-gnu-toolchain/bin/../lib/gcc/arm-none-eabi/5.3.1/../../../../arm-none-eabi/lib/armv6-m\libc_nano.a(lib_a-memset.o)
                              c:/program files (x86)/atmel/studio/7.0/toolchain/arm/arm-gnu-toolchain/bin/../lib/gcc/arm-none-eabi/5.3.1/../../../../arm-none-eabi/lib/armv6-m/crt0.o (memset)

Allocating common symbols
Common symbol       size              file

system_clock_value  0x4               src/ASF/sam0/drivers/system/system_sam_b.o
module              0x30              src/main_sam_b.o
_gpio_instances     0xd8              src/ASF/sam0/drivers/gpio/gpio.o
_spi_instances      0x8               src/ASF/sam0/drivers/spi/spi_callback.o
frameBuffer         0x1800            src/main_sam_b.o

Discarded input sections

 .text          0x00000000        0x0 c:/program files (x86)/atmel/studio/7.0/toolchain/arm/arm-gnu-toolchain/bin/../lib/gcc/arm-none-eabi/5.3.1/armv6-m/crti.o
 .data          0x00000000        0x0 c:/program files (x86)/atmel/studio/7.0/toolchain/arm/arm-gnu-toolchain/bin/../lib/gcc/arm-none-eabi/5.3.1/armv6-m/crti.o
 .bss           0x00000000        0x0 c:/program files (x86)/atmel/studio/7.0/toolchain/arm/arm-gnu-toolchain/bin/../lib/gcc/arm-none-eabi/5.3.1/armv6-m/crti.o
 .data          0x00000000        0x4 c:/program files (x86)/atmel/studio/7.0/toolchain/arm/arm-gnu-toolchain/bin/../lib/gcc/arm-none-eabi/5.3.1/armv6-m/crtbegin.o
 .text          0x00000000       0x78 c:/program files (x86)/atmel/studio/7.0/toolchain/arm/arm-gnu-toolchain/bin/../lib/gcc/arm-none-eabi/5.3.1/../../../../arm-none-eabi/lib/armv6-m/crt0.o
 .data          0x00000000        0x0 c:/program files (x86)/atmel/studio/7.0/toolchain/arm/arm-gnu-toolchain/bin/../lib/gcc/arm-none-eabi/5.3.1/../../../../arm-none-eabi/lib/armv6-m/crt0.o
 .bss           0x00000000        0x0 c:/program files (x86)/atmel/studio/7.0/toolchain/arm/arm-gnu-toolchain/bin/../lib/gcc/arm-none-eabi/5.3.1/../../../../arm-none-eabi/lib/armv6-m/crt0.o
 .ARM.extab     0x00000000        0x0 c:/program files (x86)/atmel/studio/7.0/toolchain/arm/arm-gnu-toolchain/bin/../lib/gcc/arm-none-eabi/5.3.1/../../../../arm-none-eabi/lib/armv6-m/crt0.o
 .ARM.exidx     0x00000000        0x8 c:/program files (x86)/atmel/studio/7.0/toolchain/arm/arm-gnu-toolchain/bin/../lib/gcc/arm-none-eabi/5.3.1/../../../../arm-none-eabi/lib/armv6-m/crt0.o
 .ARM.attributes
                0x00000000       0x1b c:/program files (x86)/atmel/studio/7.0/toolchain/arm/arm-gnu-toolchain/bin/../lib/gcc/arm-none-eabi/5.3.1/../../../../arm-none-eabi/lib/armv6-m/crt0.o
 .group         0x00000000        0x8 src/ASF/sam0/drivers/dualtimer/dualtimer.o
 .group         0x00000000        0x8 src/ASF/sam0/drivers/dualtimer/dualtimer.o
 .group         0x00000000        0x8 src/ASF/sam0/drivers/dualtimer/dualtimer.o
 .group         0x00000000        0x8 src/ASF/sam0/drivers/dualtimer/dualtimer.o
 .group         0x00000000        0x8 src/ASF/sam0/drivers/dualtimer/dualtimer.o
 .group         0x00000000        0x8 src/ASF/sam0/drivers/dualtimer/dualtimer.o
 .group         0x00000000        0x8 src/ASF/sam0/drivers/dualtimer/dualtimer.o
 .group         0x00000000        0x8 src/ASF/sam0/drivers/dualtimer/dualtimer.o
 .group         0x00000000        0x8 src/ASF/sam0/drivers/dualtimer/dualtimer.o
 .group         0x00000000        0x8 src/ASF/sam0/drivers/dualtimer/dualtimer.o
 .group         0x00000000        0x8 src/ASF/sam0/drivers/dualtimer/dualtimer.o
 .group         0x00000000        0x8 src/ASF/sam0/drivers/dualtimer/dualtimer.o
 .group         0x00000000        0x8 src/ASF/sam0/drivers/dualtimer/dualtimer.o
 .group         0x00000000        0x8 src/ASF/sam0/drivers/dualtimer/dualtimer.o
[...]
Memory Configuration

Name             Origin             Length             Attributes
ram              0x10008000         0x00017800         xrw
lram             0x1001f800         0x00000800         xrw
*default*        0x00000000         0xffffffff

Linker script and memory map

LOAD c:/program files (x86)/atmel/studio/7.0/toolchain/arm/arm-gnu-toolchain/bin/../lib/gcc/arm-none-eabi/5.3.1/armv6-m/crti.o
LOAD c:/program files (x86)/atmel/studio/7.0/toolchain/arm/arm-gnu-toolchain/bin/../lib/gcc/arm-none-eabi/5.3.1/armv6-m/crtbegin.o
LOAD c:/program files (x86)/atmel/studio/7.0/toolchain/arm/arm-gnu-toolchain/bin/../lib/gcc/arm-none-eabi/5.3.1/../../../../arm-none-eabi/lib/armv6-m/crt0.o
LOAD src/ASF/sam0/drivers/dualtimer/dualtimer.o
LOAD src/font/microsoftSansSerif_8pt/microsoftSansSerif_8pt.o
LOAD src/MemoryLCD/MemLCD.o
LOAD src/ASF/common/utils/interrupt/interrupt_sam_nvic.o
LOAD src/ASF/sam0/boards/samb11_xplained_pro/board_init.o
LOAD src/ASF/sam0/drivers/gpio/gpio.o
LOAD src/ASF/sam0/drivers/spi/spi.o
LOAD src/ASF/sam0/drivers/spi/spi_callback.o
LOAD src/ASF/sam0/drivers/spi_flash/spi_flash.o
LOAD src/ASF/sam0/drivers/system/system_sam_b.o
LOAD src/ASF/sam0/drivers/timer/timer.o
LOAD src/ASF/sam0/utils/cmsis/samb11/source/gcc/startup_samb11.o
LOAD src/ASF/sam0/utils/cmsis/samb11/source/system_samb11.o
LOAD src/ASF/sam0/utils/syscalls/gcc/syscalls.o
LOAD src/main_sam_b.o
START GROUP
LOAD ../src/ASF/thirdparty/CMSIS/Lib/GCC\libarm_cortexM0l_math.a
LOAD c:/program files (x86)/atmel/studio/7.0/toolchain/arm/arm-gnu-toolchain/bin/../lib/gcc/arm-none-eabi/5.3.1/../../../../arm-none-eabi/lib/armv6-m\libm.a
END GROUP
START GROUP
LOAD c:/program files (x86)/atmel/studio/7.0/toolchain/arm/arm-gnu-toolchain/bin/../lib/gcc/arm-none-eabi/5.3.1/armv6-m\libgcc.a
LOAD c:/program files (x86)/atmel/studio/7.0/toolchain/arm/arm-gnu-toolchain/bin/../lib/gcc/arm-none-eabi/5.3.1/../../../../arm-none-eabi/lib/armv6-m\libc_nano.a
END GROUP
START GROUP
LOAD c:/program files (x86)/atmel/studio/7.0/toolchain/arm/arm-gnu-toolchain/bin/../lib/gcc/arm-none-eabi/5.3.1/armv6-m\libgcc.a
LOAD c:/program files (x86)/atmel/studio/7.0/toolchain/arm/arm-gnu-toolchain/bin/../lib/gcc/arm-none-eabi/5.3.1/../../../../arm-none-eabi/lib/armv6-m\libc_nano.a
END GROUP
LOAD c:/program files (x86)/atmel/studio/7.0/toolchain/arm/arm-gnu-toolchain/bin/../lib/gcc/arm-none-eabi/5.3.1/armv6-m/crtend.o
LOAD c:/program files (x86)/atmel/studio/7.0/toolchain/arm/arm-gnu-toolchain/bin/../lib/gcc/arm-none-eabi/5.3.1/armv6-m/crtn.o
                0x00000800                STACK_SIZE = DEFINED (STACK_SIZE)?STACK_SIZE:DEFINED (__stack_size__)?__stack_size__:0x800

.text           0x10008000     0x2b14
                0x10008000                . = ALIGN (0x4)
                0x10008000                _sfixed = .
 *(.test.main .text.app_entry)
 .text.app_entry
                0x10008000       0x88 src/ASF/sam0/utils/cmsis/samb11/source/gcc/startup_samb11.o
                0x10008000                app_entry
 *(.text .text.* .gnu.linkonce.t.*)
 .text          0x10008088       0x60 c:/program files (x86)/atmel/studio/7.0/toolchain/arm/arm-gnu-toolchain/bin/../lib/gcc/arm-none-eabi/5.3.1/armv6-m/crtbegin.o
 .text.dualtimer_isr_handler
                0x100080e8       0x44 src/ASF/sam0/drivers/dualtimer/dualtimer.o
 .text.dualtimer_get_config_defaults
                0x1000812c       0x24 src/ASF/sam0/drivers/dualtimer/dualtimer.o
                0x1000812c                dualtimer_get_config_defaults
 .text.dualtimer_get_value
                0x10008150       0x14 src/ASF/sam0/drivers/dualtimer/dualtimer.o
                0x10008150                dualtimer_get_value
 .text.dualtimer_set_counter
                0x10008164       0x28 src/ASF/sam0/drivers/dualtimer/dualtimer.o
                0x10008164                dualtimer_set_counter
 .text.dualtimer_enable
                0x1000818c       0x24 src/ASF/sam0/drivers/dualtimer/dualtimer.o
                0x1000818c                dualtimer_enable
 .text.dualtimer_init
                0x100081b0      0x104 src/ASF/sam0/drivers/dualtimer/dualtimer.o
                0x100081b0                dualtimer_init
 .text.draw_pixel
                0x100082b4       0x44 src/MemoryLCD/MemLCD.o
 .text.delay_us
                0x100082f8       0x24 src/MemoryLCD/MemLCD.o
 .text.draw_string
                0x1000831c      0x2dc src/MemoryLCD/MemLCD.o
                0x1000831c                draw_string
 .text.Setup    0x100085f8       0x74 src/MemoryLCD/MemLCD.o
                0x100085f8                Setup
 .text.Transfer
                0x1000866c       0xd4 src/MemoryLCD/MemLCD.o
                0x1000866c                Transfer
 .text.ClearBuffer
                0x10008740       0x20 src/MemoryLCD/MemLCD.o
                0x10008740                ClearBuffer
 .text.gpio_get_config_defaults
                0x10008760       0x10 src/ASF/sam0/drivers/gpio/gpio.o
                0x10008760                gpio_get_config_defaults
 .text.gpio_pin_set_config
                0x10008770      0x1b8 src/ASF/sam0/drivers/gpio/gpio.o
                0x10008770                gpio_pin_set_config
 .text.gpio_pin_set_output_level
                0x10008928       0x8c src/ASF/sam0/drivers/gpio/gpio.o
                0x10008928                gpio_pin_set_output_level
 .text.gpio_pin_toggle_output_level
                0x100089b4       0x4c src/ASF/sam0/drivers/gpio/gpio.o
                0x100089b4                gpio_pin_toggle_output_level
 .text.gpio_pinmux_cofiguration
                0x10008a00      0x14c src/ASF/sam0/drivers/gpio/gpio.o
                0x10008a00                gpio_pinmux_cofiguration
 .text.spi_slave_inst_get_config_defaults
                0x10008b4c        0xc src/ASF/sam0/drivers/spi/spi.o
                0x10008b4c                spi_slave_inst_get_config_defaults
 .text.spi_get_config_defaults
                0x10008b58       0x2c src/ASF/sam0/drivers/spi/spi.o
                0x10008b58                spi_get_config_defaults
 .text.spi_attach_slave
                0x10008b84       0x40 src/ASF/sam0/drivers/spi/spi.o
                0x10008b84                spi_attach_slave
 .text.spi_enable
                0x10008bc4       0x38 src/ASF/sam0/drivers/spi/spi.o
                0x10008bc4                spi_enable
 .text.spi_disable
                0x10008bfc       0x74 src/ASF/sam0/drivers/spi/spi.o
                0x10008bfc                spi_disable
 .text.spi_reset
                0x10008c70       0x3c src/ASF/sam0/drivers/spi/spi.o
                0x10008c70                spi_reset
 .text.spi_init
                0x10008cac      0x1cc src/ASF/sam0/drivers/spi/spi.o
                0x10008cac                spi_init
 .text.spi_write
                0x10008e78       0x10 src/ASF/sam0/drivers/spi/spi.o
                0x10008e78                spi_write
 .text.spi_transceive_buffer_wait
                0x10008e88       0x84 src/ASF/sam0/drivers/spi/spi.o
                0x10008e88                spi_transceive_buffer_wait
 .text.spi_write_buffer_wait
                0x10008f0c       0x10 src/ASF/sam0/drivers/spi/spi.o
                0x10008f0c                spi_write_buffer_wait
 .text.spi_rx0_isr_handler
                0x10008f1c      0x12c src/ASF/sam0/drivers/spi/spi_callback.o
                0x10008f1c                spi_rx0_isr_handler
 .text.spi_tx0_isr_handler
                0x10009048      0x104 src/ASF/sam0/drivers/spi/spi_callback.o
                0x10009048                spi_tx0_isr_handler
 .text.spi_rx1_isr_handler
                0x1000914c      0x12c src/ASF/sam0/drivers/spi/spi_callback.o
                0x1000914c                spi_rx1_isr_handler
 .text.spi_tx1_isr_handler
                0x10009278      0x104 src/ASF/sam0/drivers/spi/spi_callback.o
                0x10009278                spi_tx1_isr_handler
 .text.system_clock_config
                0x1000937c       0x84 src/ASF/sam0/drivers/system/system_sam_b.o
                0x1000937c                system_clock_config
 .text.system_clock_peripheral_enable
                0x10009400      0x35c src/ASF/sam0/drivers/system/system_sam_b.o
                0x10009400                system_clock_peripheral_enable
 .text.system_clock_peripheral_disable
                0x1000975c      0x36c src/ASF/sam0/drivers/system/system_sam_b.o
                0x1000975c                system_clock_peripheral_disable
 .text.system_peripheral_reset
                0x10009ac8      0x468 src/ASF/sam0/drivers/system/system_sam_b.o
                0x10009ac8                system_peripheral_reset
 .text.system_register_isr
                0x10009f30       0x10 src/ASF/sam0/drivers/system/system_sam_b.o
                0x10009f30                system_register_isr
 .text.timer_get_config_defaults
                0x10009f40        0xc src/ASF/sam0/drivers/timer/timer.o
                0x10009f40                timer_get_config_defaults
 .text.timer_clear_interrupt_status
                0x10009f4c       0x14 src/ASF/sam0/drivers/timer/timer.o
                0x10009f4c                timer_clear_interrupt_status
 .text.timer_isr_handler
                0x10009f60       0x24 src/ASF/sam0/drivers/timer/timer.o
 .text.timer_enable
                0x10009f84       0x10 src/ASF/sam0/drivers/timer/timer.o
                0x10009f84                timer_enable
 .text.timer_register_callback
                0x10009f94        0xc src/ASF/sam0/drivers/timer/timer.o
                0x10009f94                timer_register_callback
 .text.timer_init
                0x10009fa0       0x3c src/ASF/sam0/drivers/timer/timer.o
                0x10009fa0                timer_init
 .text.timer_callback
                0x10009fdc       0x10 src/main_sam_b.o
 .text.main     0x10009fec      0x198 src/main_sam_b.o
                0x10009fec                main
 .text.__libc_init_array
                0x1000a184       0x4c c:/program files (x86)/atmel/studio/7.0/toolchain/arm/arm-gnu-toolchain/bin/../lib/gcc/arm-none-eabi/5.3.1/../../../../arm-none-eabi/lib/armv6-m\libc_nano.a(lib_a-init.o)
                0x1000a184                __libc_init_array
 *(.glue_7t)
 .glue_7t       0x1000a1d0        0x0 linker stubs
 *(.glue_7)
 .glue_7        0x1000a1d0        0x0 linker stubs
 *(.rodata .rodata* .gnu.linkonce.r.*)
 .rodata.microsoftSansSerif_8ptFontInfo
                0x1000a1d0        0xc src/font/microsoftSansSerif_8pt/microsoftSansSerif_8pt.o
                0x1000a1d0                microsoftSansSerif_8ptFontInfo
 .rodata.microsoftSansSerif_8ptBitmaps
                0x1000a1dc      0x490 src/font/microsoftSansSerif_8pt/microsoftSansSerif_8pt.o
                0x1000a1dc                microsoftSansSerif_8ptBitmaps
 .rodata.microsoftSansSerif_8ptDescriptors
                0x1000a66c      0x17c src/font/microsoftSansSerif_8pt/microsoftSansSerif_8pt.o
                0x1000a66c                microsoftSansSerif_8ptDescriptors
 .rodata.GREEN  0x1000a7e8        0x1 src/MemoryLCD/MemLCD.o
                0x1000a7e8                GREEN
 .rodata.BLUE   0x1000a7e9        0x1 src/MemoryLCD/MemLCD.o
                0x1000a7e9                BLUE
 .rodata.RED    0x1000a7ea        0x1 src/MemoryLCD/MemLCD.o
                0x1000a7ea                RED
 .rodata.BLACK  0x1000a7eb        0x1 src/MemoryLCD/MemLCD.o
                0x1000a7eb                BLACK
 .rodata.CYAN   0x1000a7ec        0x1 src/MemoryLCD/MemLCD.o
                0x1000a7ec                CYAN
 .rodata.WHITE  0x1000a7ed        0x1 src/MemoryLCD/MemLCD.o
                0x1000a7ed                WHITE
 *fill*         0x1000a7ee        0x2 
 .rodata.system_clock_peripheral_enable
                0x1000a7f0       0xd8 src/ASF/sam0/drivers/system/system_sam_b.o
 .rodata.system_clock_peripheral_disable
                0x1000a8c8       0xd8 src/ASF/sam0/drivers/system/system_sam_b.o
 .rodata.system_peripheral_reset
                0x1000a9a0      0x110 src/ASF/sam0/drivers/system/system_sam_b.o
 .rodata.str1.4
                0x1000aab0       0x44 src/main_sam_b.o
                                 0x43 (size before relaxing)
 *(.ARM.extab* .gnu.linkonce.armextab.*)
                0x1000aaf4                . = ALIGN (0x4)
 *(.init)
 .init          0x1000aaf4        0x4 c:/program files (x86)/atmel/studio/7.0/toolchain/arm/arm-gnu-toolchain/bin/../lib/gcc/arm-none-eabi/5.3.1/armv6-m/crti.o
                0x1000aaf4                _init
 .init          0x1000aaf8        0x8 c:/program files (x86)/atmel/studio/7.0/toolchain/arm/arm-gnu-toolchain/bin/../lib/gcc/arm-none-eabi/5.3.1/armv6-m/crtn.o
                0x1000ab00                . = ALIGN (0x4)
                0x1000ab00                __preinit_array_start = .
 *(.preinit_array)
                0x1000ab00                __preinit_array_end = .
                0x1000ab00                . = ALIGN (0x4)
                0x1000ab00                __init_array_start = .
 *(SORT(.init_array.*))
 *(.init_array)
 .init_array    0x1000ab00        0x4 c:/program files (x86)/atmel/studio/7.0/toolchain/arm/arm-gnu-toolchain/bin/../lib/gcc/arm-none-eabi/5.3.1/armv6-m/crtbegin.o
                0x1000ab04                __init_array_end = .
                0x1000ab04                . = ALIGN (0x4)
 *crtbegin.o(.ctors)
 *(EXCLUDE_FILE(*crtend.o) .ctors)
 *(SORT(.ctors.*))
 *crtend.o(.ctors)
                0x1000ab04                . = ALIGN (0x4)
 *(.fini)
 .fini          0x1000ab04        0x4 c:/program files (x86)/atmel/studio/7.0/toolchain/arm/arm-gnu-toolchain/bin/../lib/gcc/arm-none-eabi/5.3.1/armv6-m/crti.o
                0x1000ab04                _fini
 .fini          0x1000ab08        0x8 c:/program files (x86)/atmel/studio/7.0/toolchain/arm/arm-gnu-toolchain/bin/../lib/gcc/arm-none-eabi/5.3.1/armv6-m/crtn.o
                0x1000ab10                . = ALIGN (0x4)
                0x1000ab10                __fini_array_start = .
 *(.fini_array)
 .fini_array    0x1000ab10        0x4 c:/program files (x86)/atmel/studio/7.0/toolchain/arm/arm-gnu-toolchain/bin/../lib/gcc/arm-none-eabi/5.3.1/armv6-m/crtbegin.o
 *(SORT(.fini_array.*))
                0x1000ab14                __fini_array_end = .
 *crtbegin.o(.dtors)
 *(EXCLUDE_FILE(*crtend.o) .dtors)
 *(SORT(.dtors.*))
 *crtend.o(.dtors)
                0x1000ab14                . = ALIGN (0x4)
                0x1000ab14                _efixed = .

.vfp11_veneer   0x1000ab14        0x0
 .vfp11_veneer  0x1000ab14        0x0 linker stubs

.v4_bx          0x1000ab14        0x0
 .v4_bx         0x1000ab14        0x0 linker stubs

.iplt           0x1000ab14        0x0
 .iplt          0x1000ab14        0x0 c:/program files (x86)/atmel/studio/7.0/toolchain/arm/arm-gnu-toolchain/bin/../lib/gcc/arm-none-eabi/5.3.1/armv6-m/crtbegin.o

.eh_frame       0x1000ab14        0x0
 .eh_frame      0x1000ab14        0x0 c:/program files (x86)/atmel/studio/7.0/toolchain/arm/arm-gnu-toolchain/bin/../lib/gcc/arm-none-eabi/5.3.1/armv6-m/crtbegin.o

.rel.dyn        0x1000ab14        0x0
 .rel.iplt      0x1000ab14        0x0 c:/program files (x86)/atmel/studio/7.0/toolchain/arm/arm-gnu-toolchain/bin/../lib/gcc/arm-none-eabi/5.3.1/armv6-m/crtbegin.o

.jcr            0x1000ab14        0x0
 .jcr           0x1000ab14        0x0 c:/program files (x86)/atmel/studio/7.0/toolchain/arm/arm-gnu-toolchain/bin/../lib/gcc/arm-none-eabi/5.3.1/armv6-m/crtbegin.o

.igot.plt       0x1000ab14        0x0
 .igot.plt      0x1000ab14        0x0 c:/program files (x86)/atmel/studio/7.0/toolchain/arm/arm-gnu-toolchain/bin/../lib/gcc/arm-none-eabi/5.3.1/armv6-m/crtbegin.o
                0x1000ab14                . = ALIGN (0x4)
                0x1000ab14                _etext = .

.relocate       0x1000ab14        0x0
                0x1000ab14                . = ALIGN (0x4)
                0x1000ab14                _srelocate = .
 *(.ramfunc .ramfunc.*)
 *(.data .data.*)
                0x1000ab14                . = ALIGN (0x4)
                0x1000ab14                _erelocate = .

.bss            0x1000ab14     0x1868
                0x1000ab14                . = ALIGN (0x4)
                0x1000ab14                _sbss = .
                0x1000ab14                _szero = .
 *(.bss .bss.*)
 .bss           0x1000ab14       0x1c c:/program files (x86)/atmel/studio/7.0/toolchain/arm/arm-gnu-toolchain/bin/../lib/gcc/arm-none-eabi/5.3.1/armv6-m/crtbegin.o
 .bss.dualtimer_callback_timer1
                0x1000ab30        0x4 src/ASF/sam0/drivers/dualtimer/dualtimer.o
 .bss.dualtimer_callback_timer2
                0x1000ab34        0x4 src/ASF/sam0/drivers/dualtimer/dualtimer.o
 .bss.flag_direction_both
                0x1000ab38        0x2 src/ASF/sam0/drivers/spi/spi_callback.o
 .bss.dummy_write
                0x1000ab3a        0x2 src/ASF/sam0/drivers/spi/spi_callback.o
 .bss.timer_callback
                0x1000ab3c        0x4 src/ASF/sam0/drivers/timer/timer.o
 *(COMMON)
 COMMON         0x1000ab40        0x8 src/ASF/sam0/drivers/spi/spi_callback.o
                0x1000ab40                _spi_instances
 COMMON         0x1000ab48        0x4 src/ASF/sam0/drivers/system/system_sam_b.o
                0x1000ab48                system_clock_value
 COMMON         0x1000ab4c     0x1830 src/main_sam_b.o
                0x1000ab4c                module
                0x1000ab7c                frameBuffer
                0x1000c37c                . = ALIGN (0x4)
                0x1000c37c                _ebss = .
                0x1000c37c                _ezero = .

.stack          0x1000c37c      0x804
                0x1000c380                . = ALIGN (0x8)
 *fill*         0x1000c37c        0x4 
                0x1000c380                _sstack = .
                0x1000cb80                . = (. + STACK_SIZE)
 *fill*         0x1000c380      0x800 
                0x1000cb80                . = ALIGN (0x8)
                0x1000cb80                _estack = .
                [!provide]                PROVIDE (__exidx_start, .)

.ARM.exidx
 *(.ARM.exidx* .gnu.linkonce.armexidx.*)
                [!provide]                PROVIDE (__exidx_end, .)
                0x1000cb80                . = ALIGN (0x4)
                0x1000cb80                _end = .
OUTPUT(SmartwatchT.elf elf32-littlearm)

.ARM.attributes
                0x00000000       0x28
 .ARM.attributes
                0x00000000       0x1e c:/program files (x86)/atmel/studio/7.0/toolchain/arm/arm-gnu-toolchain/bin/../lib/gcc/arm-none-eabi/5.3.1/armv6-m/crti.o
 .ARM.attributes
                0x0000001e       0x2c c:/program files (x86)/atmel/studio/7.0/toolchain/arm/arm-gnu-toolchain/bin/../lib/gcc/arm-none-eabi/5.3.1/armv6-m/crtbegin.o
 .ARM.attributes
                0x0000004a       0x31 src/ASF/sam0/drivers/dualtimer/dualtimer.o
 .ARM.attributes
                0x0000007b       0x31 src/font/microsoftSansSerif_8pt/microsoftSansSerif_8pt.o
 .ARM.attributes
                0x000000ac       0x31 src/MemoryLCD/MemLCD.o
 .ARM.attributes
                0x000000dd       0x31 src/ASF/sam0/drivers/gpio/gpio.o
 .ARM.attributes
                0x0000010e       0x31 src/ASF/sam0/drivers/spi/spi.o
 .ARM.attributes
                0x0000013f       0x31 src/ASF/sam0/drivers/spi/spi_callback.o
 .ARM.attributes
                0x00000170       0x31 src/ASF/sam0/drivers/system/system_sam_b.o
 .ARM.attributes
                0x000001a1       0x31 src/ASF/sam0/drivers/timer/timer.o
 .ARM.attributes
                0x000001d2       0x31 src/ASF/sam0/utils/cmsis/samb11/source/gcc/startup_samb11.o
 .ARM.attributes
                0x00000203       0x31 src/main_sam_b.o
 .ARM.attributes
                0x00000234       0x2c c:/program files (x86)/atmel/studio/7.0/toolchain/arm/arm-gnu-toolchain/bin/../lib/gcc/arm-none-eabi/5.3.1/../../../../arm-none-eabi/lib/armv6-m\libc_nano.a(lib_a-init.o)
 .ARM.attributes
                0x00000260       0x1e c:/program files (x86)/atmel/studio/7.0/toolchain/arm/arm-gnu-toolchain/bin/../lib/gcc/arm-none-eabi/5.3.1/armv6-m/crtn.o

.comment        0x00000000       0x59
 .comment       0x00000000       0x59 src/ASF/sam0/drivers/dualtimer/dualtimer.o
                                 0x5a (size before relaxing)
 .comment       0x00000059       0x5a src/font/microsoftSansSerif_8pt/microsoftSansSerif_8pt.o
 .comment       0x00000059       0x5a src/MemoryLCD/MemLCD.o
 .comment       0x00000059       0x5a src/ASF/sam0/drivers/gpio/gpio.o
 .comment       0x00000059       0x5a src/ASF/sam0/drivers/spi/spi.o
 .comment       0x00000059       0x5a src/ASF/sam0/drivers/spi/spi_callback.o
 .comment       0x00000059       0x5a src/ASF/sam0/drivers/system/system_sam_b.o
 .comment       0x00000059       0x5a src/ASF/sam0/drivers/timer/timer.o
 .comment       0x00000059       0x5a src/ASF/sam0/utils/cmsis/samb11/source/gcc/startup_samb11.o
 .comment       0x00000059       0x5a src/main_sam_b.o

.debug_info     0x00000000    0x1acd8
 .debug_info    0x00000000     0x60cd src/ASF/sam0/drivers/dualtimer/dualtimer.o
 .debug_info    0x000060cd      0x271 src/font/microsoftSansSerif_8pt/microsoftSansSerif_8pt.o
 .debug_info    0x0000633e     0x194a src/MemoryLCD/MemLCD.o
 .debug_info    0x00007c88     0x786b src/ASF/sam0/drivers/gpio/gpio.o
 .debug_info    0x0000f4f3     0x1d35 src/ASF/sam0/drivers/spi/spi.o
 .debug_info    0x00011228     0x133b src/ASF/sam0/drivers/spi/spi_callback.o
 .debug_info    0x00012563     0x63b4 src/ASF/sam0/drivers/system/system_sam_b.o
 .debug_info    0x00018917      0xdc7 src/ASF/sam0/drivers/timer/timer.o
 .debug_info    0x000196de      0x113 src/ASF/sam0/utils/cmsis/samb11/source/gcc/startup_samb11.o
 .debug_info    0x000197f1     0x14e7 src/main_sam_b.o

.debug_abbrev   0x00000000     0x19fb
 .debug_abbrev  0x00000000      0x2e4 src/ASF/sam0/drivers/dualtimer/dualtimer.o
 .debug_abbrev  0x000002e4       0xe0 src/font/microsoftSansSerif_8pt/microsoftSansSerif_8pt.o
 .debug_abbrev  0x000003c4      0x376 src/MemoryLCD/MemLCD.o
 .debug_abbrev  0x0000073a      0x360 src/ASF/sam0/drivers/gpio/gpio.o
 .debug_abbrev  0x00000a9a      0x364 src/ASF/sam0/drivers/spi/spi.o
 .debug_abbrev  0x00000dfe      0x360 src/ASF/sam0/drivers/spi/spi_callback.o
 .debug_abbrev  0x0000115e      0x2b5 src/ASF/sam0/drivers/system/system_sam_b.o
 .debug_abbrev  0x00001413      0x277 src/ASF/sam0/drivers/timer/timer.o
 .debug_abbrev  0x0000168a       0x86 src/ASF/sam0/utils/cmsis/samb11/source/gcc/startup_samb11.o
 .debug_abbrev  0x00001710      0x2eb src/main_sam_b.o

.debug_loc      0x00000000     0x2fb2
 .debug_loc     0x00000000      0x203 src/ASF/sam0/drivers/dualtimer/dualtimer.o
 .debug_loc     0x00000203      0x9d1 src/MemoryLCD/MemLCD.o
 .debug_loc     0x00000bd4      0xa61 src/ASF/sam0/drivers/gpio/gpio.o
 .debug_loc     0x00001635      0x9d3 src/ASF/sam0/drivers/spi/spi.o
 .debug_loc     0x00002008      0x816 src/ASF/sam0/drivers/spi/spi_callback.o
 .debug_loc     0x0000281e      0x6a7 src/ASF/sam0/drivers/system/system_sam_b.o
 .debug_loc     0x00002ec5       0x6c src/ASF/sam0/drivers/timer/timer.o
 .debug_loc     0x00002f31       0x20 src/ASF/sam0/utils/cmsis/samb11/source/gcc/startup_samb11.o
 .debug_loc     0x00002f51       0x61 src/main_sam_b.o

.debug_aranges  0x00000000      0x420
 .debug_aranges
                0x00000000       0x78 src/ASF/sam0/drivers/dualtimer/dualtimer.o
 .debug_aranges
                0x00000078       0x18 src/font/microsoftSansSerif_8pt/microsoftSansSerif_8pt.o
 .debug_aranges
                0x00000090       0x60 src/MemoryLCD/MemLCD.o
 .debug_aranges
                0x000000f0       0x90 src/ASF/sam0/drivers/gpio/gpio.o
 .debug_aranges
                0x00000180       0x98 src/ASF/sam0/drivers/spi/spi.o
 .debug_aranges
                0x00000218       0x70 src/ASF/sam0/drivers/spi/spi_callback.o
 .debug_aranges
                0x00000288       0xe0 src/ASF/sam0/drivers/system/system_sam_b.o
 .debug_aranges
                0x00000368       0x70 src/ASF/sam0/drivers/timer/timer.o
 .debug_aranges
                0x000003d8       0x20 src/ASF/sam0/utils/cmsis/samb11/source/gcc/startup_samb11.o
 .debug_aranges
                0x000003f8       0x28 src/main_sam_b.o

.debug_ranges   0x00000000      0x420
 .debug_ranges  0x00000000       0x68 src/ASF/sam0/drivers/dualtimer/dualtimer.o
 .debug_ranges  0x00000068       0xf8 src/MemoryLCD/MemLCD.o
 .debug_ranges  0x00000160       0x80 src/ASF/sam0/drivers/gpio/gpio.o
 .debug_ranges  0x000001e0       0x88 src/ASF/sam0/drivers/spi/spi.o
 .debug_ranges  0x00000268       0x60 src/ASF/sam0/drivers/spi/spi_callback.o
 .debug_ranges  0x000002c8       0xd0 src/ASF/sam0/drivers/system/system_sam_b.o
 .debug_ranges  0x00000398       0x60 src/ASF/sam0/drivers/timer/timer.o
 .debug_ranges  0x000003f8       0x10 src/ASF/sam0/utils/cmsis/samb11/source/gcc/startup_samb11.o
 .debug_ranges  0x00000408       0x18 src/main_sam_b.o

.debug_macro    0x00000000    0x1d619
 .debug_macro   0x00000000      0x47a src/ASF/sam0/drivers/dualtimer/dualtimer.o
 .debug_macro   0x0000047a      0x83e src/ASF/sam0/drivers/dualtimer/dualtimer.o
 .debug_macro   0x00000cb8      0x16d src/ASF/sam0/drivers/dualtimer/dualtimer.o
 .debug_macro   0x00000e25      0x652 src/ASF/sam0/drivers/dualtimer/dualtimer.o
 .debug_macro   0x00001477       0x22 src/ASF/sam0/drivers/dualtimer/dualtimer.o
 .debug_macro   0x00001499       0x87 src/ASF/sam0/drivers/dualtimer/dualtimer.o
 .debug_macro   0x00001520       0x44 src/ASF/sam0/drivers/dualtimer/dualtimer.o
 .debug_macro   0x00001564       0xfd src/ASF/sam0/drivers/dualtimer/dualtimer.o
 .debug_macro   0x00001661       0x22 src/ASF/sam0/drivers/dualtimer/dualtimer.o
 .debug_macro   0x00001683      0x1df src/ASF/sam0/drivers/dualtimer/dualtimer.o
 .debug_macro   0x00001862       0x10 src/ASF/sam0/drivers/dualtimer/dualtimer.o
 .debug_macro   0x00001872       0x76 src/ASF/sam0/drivers/dualtimer/dualtimer.o
 .debug_macro   0x000018e8       0x16 src/ASF/sam0/drivers/dualtimer/dualtimer.o
 .debug_macro   0x000018fe      0x6e5 src/ASF/sam0/drivers/dualtimer/dualtimer.o
 .debug_macro   0x00001fe3      0xde2 src/ASF/sam0/drivers/dualtimer/dualtimer.o
 .debug_macro   0x00002dc5       0x22 src/ASF/sam0/drivers/dualtimer/dualtimer.o
 .debug_macro   0x00002de7       0x40 src/ASF/sam0/drivers/dualtimer/dualtimer.o
 .debug_macro   0x00002e27       0x3a src/ASF/sam0/drivers/dualtimer/dualtimer.o
 .debug_macro   0x00002e61       0x1f src/ASF/sam0/drivers/dualtimer/dualtimer.o
 .debug_macro   0x00002e80      0x242 src/ASF/sam0/drivers/dualtimer/dualtimer.o
 .debug_macro   0x000030c2      0x3b8 src/ASF/sam0/drivers/dualtimer/dualtimer.o
 .debug_macro   0x0000347a      0x7ea src/ASF/sam0/drivers/dualtimer/dualtimer.o
 .debug_macro   0x00003c64     0x2324 src/ASF/sam0/drivers/dualtimer/dualtimer.o
 .debug_macro   0x00005f88      0x4d4 src/ASF/sam0/drivers/dualtimer/dualtimer.o
 .debug_macro   0x0000645c      0x516 src/ASF/sam0/drivers/dualtimer/dualtimer.o
 .debug_macro   0x00006972      0x5e3 src/ASF/sam0/drivers/dualtimer/dualtimer.o
 .debug_macro   0x00006f55      0x4ab src/ASF/sam0/drivers/dualtimer/dualtimer.o
 .debug_macro   0x00007400      0xe22 src/ASF/sam0/drivers/dualtimer/dualtimer.o
 .debug_macro   0x00008222     0x895c src/ASF/sam0/drivers/dualtimer/dualtimer.o
 .debug_macro   0x00010b7e      0x2bb src/ASF/sam0/drivers/dualtimer/dualtimer.o
 .debug_macro   0x00010e39      0x107 src/ASF/sam0/drivers/dualtimer/dualtimer.o
 .debug_macro   0x00010f40      0x791 src/ASF/sam0/drivers/dualtimer/dualtimer.o
 .debug_macro   0x000116d1     0x1520 src/ASF/sam0/drivers/dualtimer/dualtimer.o
 .debug_macro   0x00012bf1      0x4d1 src/ASF/sam0/drivers/dualtimer/dualtimer.o
 .debug_macro   0x000130c2      0x4ac src/ASF/sam0/drivers/dualtimer/dualtimer.o
 .debug_macro   0x0001356e      0xe0c src/ASF/sam0/drivers/dualtimer/dualtimer.o
 .debug_macro   0x0001437a      0x4bd src/ASF/sam0/drivers/dualtimer/dualtimer.o
 .debug_macro   0x00014837      0x453 src/ASF/sam0/drivers/dualtimer/dualtimer.o
 .debug_macro   0x00014c8a      0x318 src/ASF/sam0/drivers/dualtimer/dualtimer.o
 .debug_macro   0x00014fa2       0x6a src/ASF/sam0/drivers/dualtimer/dualtimer.o
 .debug_macro   0x0001500c       0xb2 src/ASF/sam0/drivers/dualtimer/dualtimer.o
 .debug_macro   0x000150be      0x24f src/ASF/sam0/drivers/dualtimer/dualtimer.o
 .debug_macro   0x0001530d       0x5e src/ASF/sam0/drivers/dualtimer/dualtimer.o
 .debug_macro   0x0001536b       0x5e src/ASF/sam0/drivers/dualtimer/dualtimer.o
 .debug_macro   0x000153c9       0x46 src/ASF/sam0/drivers/dualtimer/dualtimer.o
 .debug_macro   0x0001540f       0x46 src/ASF/sam0/drivers/dualtimer/dualtimer.o
 .debug_macro   0x00015455       0x58 src/ASF/sam0/drivers/dualtimer/dualtimer.o
 .debug_macro   0x000154ad       0x58 src/ASF/sam0/drivers/dualtimer/dualtimer.o
 .debug_macro   0x00015505       0x88 src/ASF/sam0/drivers/dualtimer/dualtimer.o
 .debug_macro   0x0001558d       0x88 src/ASF/sam0/drivers/dualtimer/dualtimer.o
 .debug_macro   0x00015615      0x17f src/ASF/sam0/drivers/dualtimer/dualtimer.o
 .debug_macro   0x00015794      0x31a src/ASF/sam0/drivers/dualtimer/dualtimer.o
 .debug_macro   0x00015aae       0x22 src/ASF/sam0/drivers/dualtimer/dualtimer.o
 .debug_macro   0x00015ad0       0x1c src/ASF/sam0/drivers/dualtimer/dualtimer.o
 .debug_macro   0x00015aec       0x6a src/ASF/sam0/drivers/dualtimer/dualtimer.o
 .debug_macro   0x00015b56       0x76 src/ASF/sam0/drivers/dualtimer/dualtimer.o
 .debug_macro   0x00015bcc       0x94 src/ASF/sam0/drivers/dualtimer/dualtimer.o
 .debug_macro   0x00015c60       0x94 src/ASF/sam0/drivers/dualtimer/dualtimer.o
 .debug_macro   0x00015cf4       0x94 src/ASF/sam0/drivers/dualtimer/dualtimer.o
 .debug_macro   0x00015d88       0x64 src/ASF/sam0/drivers/dualtimer/dualtimer.o
 .debug_macro   0x00015dec       0xf7 src/ASF/sam0/drivers/dualtimer/dualtimer.o
 .debug_macro   0x00015ee3       0x5e src/ASF/sam0/drivers/dualtimer/dualtimer.o
 .debug_macro   0x00015f41       0x70 src/ASF/sam0/drivers/dualtimer/dualtimer.o
 .debug_macro   0x00015fb1       0x5e src/ASF/sam0/drivers/dualtimer/dualtimer.o
 .debug_macro   0x0001600f      0x1bd src/ASF/sam0/drivers/dualtimer/dualtimer.o
 .debug_macro   0x000161cc     0x3477 src/ASF/sam0/drivers/dualtimer/dualtimer.o
 .debug_macro   0x00019643       0x43 src/ASF/sam0/drivers/dualtimer/dualtimer.o
 .debug_macro   0x00019686       0x52 src/ASF/sam0/drivers/dualtimer/dualtimer.o
 .debug_macro   0x000196d8       0x35 src/ASF/sam0/drivers/dualtimer/dualtimer.o
 .debug_macro   0x0001970d       0x9c src/ASF/sam0/drivers/dualtimer/dualtimer.o
 .debug_macro   0x000197a9       0x16 src/ASF/sam0/drivers/dualtimer/dualtimer.o
 .debug_macro   0x000197bf       0x35 src/ASF/sam0/drivers/dualtimer/dualtimer.o
 .debug_macro   0x000197f4      0x330 src/ASF/sam0/drivers/dualtimer/dualtimer.o
 .debug_macro   0x00019b24       0x10 src/ASF/sam0/drivers/dualtimer/dualtimer.o
 .debug_macro   0x00019b34       0x52 src/ASF/sam0/drivers/dualtimer/dualtimer.o
 .debug_macro   0x00019b86       0x16 src/ASF/sam0/drivers/dualtimer/dualtimer.o
 .debug_macro   0x00019b9c       0x43 src/ASF/sam0/drivers/dualtimer/dualtimer.o
 .debug_macro   0x00019bdf      0x187 src/ASF/sam0/drivers/dualtimer/dualtimer.o
 .debug_macro   0x00019d66       0x22 src/ASF/sam0/drivers/dualtimer/dualtimer.o
 .debug_macro   0x00019d88       0x3a src/ASF/sam0/drivers/dualtimer/dualtimer.o
 .debug_macro   0x00019dc2       0x10 src/ASF/sam0/drivers/dualtimer/dualtimer.o
 .debug_macro   0x00019dd2       0x40 src/ASF/sam0/drivers/dualtimer/dualtimer.o
 .debug_macro   0x00019e12       0x6c src/ASF/sam0/drivers/dualtimer/dualtimer.o
 .debug_macro   0x00019e7e       0x16 src/ASF/sam0/drivers/dualtimer/dualtimer.o
 .debug_macro   0x00019e94      0x182 src/ASF/sam0/drivers/dualtimer/dualtimer.o
 .debug_macro   0x0001a016       0x16 src/ASF/sam0/drivers/dualtimer/dualtimer.o
 .debug_macro   0x0001a02c       0x16 src/ASF/sam0/drivers/dualtimer/dualtimer.o
 .debug_macro   0x0001a042       0x29 src/ASF/sam0/drivers/dualtimer/dualtimer.o
 .debug_macro   0x0001a06b       0x51 src/ASF/sam0/drivers/dualtimer/dualtimer.o
 .debug_macro   0x0001a0bc       0x3f src/ASF/sam0/drivers/dualtimer/dualtimer.o
 .debug_macro   0x0001a0fb      0x3df src/ASF/sam0/drivers/dualtimer/dualtimer.o
 .debug_macro   0x0001a4da       0x16 src/ASF/sam0/drivers/dualtimer/dualtimer.o
 .debug_macro   0x0001a4f0      0x510 src/font/microsoftSansSerif_8pt/microsoftSansSerif_8pt.o
 .debug_macro   0x0001aa00      0x2bf src/font/microsoftSansSerif_8pt/microsoftSansSerif_8pt.o
 .debug_macro   0x0001acbf      0x440 src/font/microsoftSansSerif_8pt/microsoftSansSerif_8pt.o
 .debug_macro   0x0001b0ff       0x16 src/font/microsoftSansSerif_8pt/microsoftSansSerif_8pt.o
 .debug_macro   0x0001b115       0x58 src/font/microsoftSansSerif_8pt/microsoftSansSerif_8pt.o
 .debug_macro   0x0001b16d       0x12 src/font/microsoftSansSerif_8pt/microsoftSansSerif_8pt.o
 .debug_macro   0x0001b17f       0xa4 src/font/microsoftSansSerif_8pt/microsoftSansSerif_8pt.o
 .debug_macro   0x0001b223      0x51f src/MemoryLCD/MemLCD.o
 .debug_macro   0x0001b742       0x10 src/MemoryLCD/MemLCD.o
 .debug_macro   0x0001b752      0x47a src/ASF/sam0/drivers/gpio/gpio.o
 .debug_macro   0x0001bbcc      0x4a7 src/ASF/sam0/drivers/spi/spi.o
 .debug_macro   0x0001c073       0x10 src/ASF/sam0/drivers/spi/spi.o
 .debug_macro   0x0001c083       0x16 src/ASF/sam0/drivers/spi/spi.o
 .debug_macro   0x0001c099       0x1c src/ASF/sam0/drivers/spi/spi.o
 .debug_macro   0x0001c0b5      0x4b1 src/ASF/sam0/drivers/spi/spi_callback.o
 .debug_macro   0x0001c566      0x474 src/ASF/sam0/drivers/system/system_sam_b.o
 .debug_macro   0x0001c9da       0x10 src/ASF/sam0/drivers/system/system_sam_b.o
 .debug_macro   0x0001c9ea      0x478 src/ASF/sam0/drivers/timer/timer.o
 .debug_macro   0x0001ce62      0x272 src/ASF/sam0/utils/cmsis/samb11/source/gcc/startup_samb11.o
 .debug_macro   0x0001d0d4       0x3a src/ASF/sam0/utils/cmsis/samb11/source/gcc/startup_samb11.o
 .debug_macro   0x0001d10e      0x50b src/main_sam_b.o

.debug_line     0x00000000     0x6f83
 .debug_line    0x00000000      0xa23 src/ASF/sam0/drivers/dualtimer/dualtimer.o
 .debug_line    0x00000a23      0xac1 src/font/microsoftSansSerif_8pt/microsoftSansSerif_8pt.o
 .debug_line    0x000014e4      0xca0 src/MemoryLCD/MemLCD.o
 .debug_line    0x00002184      0xb4a src/ASF/sam0/drivers/gpio/gpio.o
 .debug_line    0x00002cce      0xbba src/ASF/sam0/drivers/spi/spi.o
 .debug_line    0x00003888      0xb7b src/ASF/sam0/drivers/spi/spi_callback.o
 .debug_line    0x00004403     0x10ac src/ASF/sam0/drivers/system/system_sam_b.o
 .debug_line    0x000054af      0x9b6 src/ASF/sam0/drivers/timer/timer.o
 .debug_line    0x00005e65      0x644 src/ASF/sam0/utils/cmsis/samb11/source/gcc/startup_samb11.o
 .debug_line    0x000064a9      0xada src/main_sam_b.o

.debug_str      0x00000000   0x123160
 .debug_str     0x00000000   0x11df6c src/ASF/sam0/drivers/dualtimer/dualtimer.o
                             0x11e432 (size before relaxing)
 .debug_str     0x0011df6c     0x218a src/font/microsoftSansSerif_8pt/microsoftSansSerif_8pt.o
                             0x11c6b3 (size before relaxing)
 .debug_str     0x001200f6      0xaf0 src/MemoryLCD/MemLCD.o
                             0x11d31f (size before relaxing)
 .debug_str     0x00120be6     0x1504 src/ASF/sam0/drivers/gpio/gpio.o
                             0x11ed5b (size before relaxing)
 .debug_str     0x001220ea      0x212 src/ASF/sam0/drivers/spi/spi.o
                             0x11c0e0 (size before relaxing)
 .debug_str     0x001222fc      0x1d3 src/ASF/sam0/drivers/spi/spi_callback.o
                             0x11b2c9 (size before relaxing)
 .debug_str     0x001224cf      0x9b8 src/ASF/sam0/drivers/system/system_sam_b.o
                             0x11eeec (size before relaxing)
 .debug_str     0x00122e87      0x199 src/ASF/sam0/drivers/timer/timer.o
                             0x11b336 (size before relaxing)
 .debug_str     0x00123020       0x94 src/ASF/sam0/utils/cmsis/samb11/source/gcc/startup_samb11.o
                             0x105b81 (size before relaxing)
 .debug_str     0x001230b4       0xac src/main_sam_b.o
                             0x11d61c (size before relaxing)

.debug_frame    0x00000000      0x93c
 .debug_frame   0x00000000       0xe4 src/ASF/sam0/drivers/dualtimer/dualtimer.o
 .debug_frame   0x000000e4      0x130 src/MemoryLCD/MemLCD.o
 .debug_frame   0x00000214      0x180 src/ASF/sam0/drivers/gpio/gpio.o
 .debug_frame   0x00000394      0x174 src/ASF/sam0/drivers/spi/spi.o
 .debug_frame   0x00000508      0x100 src/ASF/sam0/drivers/spi/spi_callback.o
 .debug_frame   0x00000608      0x1c8 src/ASF/sam0/drivers/system/system_sam_b.o
 .debug_frame   0x000007d0       0xd0 src/ASF/sam0/drivers/timer/timer.o
 .debug_frame   0x000008a0       0x28 src/ASF/sam0/utils/cmsis/samb11/source/gcc/startup_samb11.o
 .debug_frame   0x000008c8       0x48 src/main_sam_b.o
 .debug_frame   0x00000910       0x2c c:/program files (x86)/atmel/studio/7.0/toolchain/arm/arm-gnu-toolchain/bin/../lib/gcc/arm-none-eabi/5.3.1/../../../../arm-none-eabi/lib/armv6-m\libc_nano.a(lib_a-init.o)

Cross Reference Table

Symbol                                            File
BLACK                                             src/MemoryLCD/MemLCD.o
                                                  src/main_sam_b.o
BLUE                                              src/MemoryLCD/MemLCD.o
                                                  src/main_sam_b.o
CYAN                                              src/MemoryLCD/MemLCD.o
                                                  src/main_sam_b.o
ClearBuffer                                       src/MemoryLCD/MemLCD.o
                                                  src/main_sam_b.o
ClearDisplay                                      src/MemoryLCD/MemLCD.o
Display                                           src/MemoryLCD/MemLCD.o
GREEN                                             src/MemoryLCD/MemLCD.o
                                                  src/main_sam_b.o
MAGENTA                                           src/MemoryLCD/MemLCD.o
RED                                               src/MemoryLCD/MemLCD.o
                                                  src/main_sam_b.o
Setup                                             src/MemoryLCD/MemLCD.o
                                                  src/main_sam_b.o
SystemCoreClock                                   src/ASF/sam0/utils/cmsis/samb11/source/system_samb11.o
SystemCoreClockUpdate                             src/ASF/sam0/utils/cmsis/samb11/source/system_samb11.o
SystemInit                                        src/ASF/sam0/utils/cmsis/samb11/source/system_samb11.o
Transfer                                          src/MemoryLCD/MemLCD.o
                                                  src/main_sam_b.o
WHITE                                             src/MemoryLCD/MemLCD.o
                                                  src/main_sam_b.o
YELLOW                                            src/MemoryLCD/MemLCD.o
_Jv_RegisterClasses                               c:/program files (x86)/atmel/studio/7.0/toolchain/arm/arm-gnu-toolchain/bin/../lib/gcc/arm-none-eabi/5.3.1/armv6-m/crtbegin.o
__bss_end__                                       c:/program files (x86)/atmel/studio/7.0/toolchain/arm/arm-gnu-toolchain/bin/../lib/gcc/arm-none-eabi/5.3.1/../../../../arm-none-eabi/lib/armv6-m/crt0.o
__bss_start__                                     c:/program files (x86)/atmel/studio/7.0/toolchain/arm/arm-gnu-toolchain/bin/../lib/gcc/arm-none-eabi/5.3.1/../../../../arm-none-eabi/lib/armv6-m/crt0.o
__call_exitprocs                                  c:/program files (x86)/atmel/studio/7.0/toolchain/arm/arm-gnu-toolchain/bin/../lib/gcc/arm-none-eabi/5.3.1/../../../../arm-none-eabi/lib/armv6-m\libc_nano.a(lib_a-exit.o)
__deregister_frame_info                           c:/program files (x86)/atmel/studio/7.0/toolchain/arm/arm-gnu-toolchain/bin/../lib/gcc/arm-none-eabi/5.3.1/armv6-m/crtbegin.o
__dso_handle                                      c:/program files (x86)/atmel/studio/7.0/toolchain/arm/arm-gnu-toolchain/bin/../lib/gcc/arm-none-eabi/5.3.1/armv6-m/crtbegin.o
__init_array_end                                  c:/program files (x86)/atmel/studio/7.0/toolchain/arm/arm-gnu-toolchain/bin/../lib/gcc/arm-none-eabi/5.3.1/../../../../arm-none-eabi/lib/armv6-m\libc_nano.a(lib_a-init.o)
__init_array_start                                c:/program files (x86)/atmel/studio/7.0/toolchain/arm/arm-gnu-toolchain/bin/../lib/gcc/arm-none-eabi/5.3.1/../../../../arm-none-eabi/lib/armv6-m\libc_nano.a(lib_a-init.o)
__libc_fini_array                                 c:/program files (x86)/atmel/studio/7.0/toolchain/arm/arm-gnu-toolchain/bin/../lib/gcc/arm-none-eabi/5.3.1/../../../../arm-none-eabi/lib/armv6-m/crt0.o
__libc_init_array                                 c:/program files (x86)/atmel/studio/7.0/toolchain/arm/arm-gnu-toolchain/bin/../lib/gcc/arm-none-eabi/5.3.1/../../../../arm-none-eabi/lib/armv6-m\libc_nano.a(lib_a-init.o)
                                                  src/ASF/sam0/utils/cmsis/samb11/source/gcc/startup_samb11.o
                                                  c:/program files (x86)/atmel/studio/7.0/toolchain/arm/arm-gnu-toolchain/bin/../lib/gcc/arm-none-eabi/5.3.1/../../../../arm-none-eabi/lib/armv6-m/crt0.o
__preinit_array_end                               c:/program files (x86)/atmel/studio/7.0/toolchain/arm/arm-gnu-toolchain/bin/../lib/gcc/arm-none-eabi/5.3.1/../../../../arm-none-eabi/lib/armv6-m\libc_nano.a(lib_a-init.o)
__preinit_array_start                             c:/program files (x86)/atmel/studio/7.0/toolchain/arm/arm-gnu-toolchain/bin/../lib/gcc/arm-none-eabi/5.3.1/../../../../arm-none-eabi/lib/armv6-m\libc_nano.a(lib_a-init.o)
__register_frame_info                             c:/program files (x86)/atmel/studio/7.0/toolchain/arm/arm-gnu-toolchain/bin/../lib/gcc/arm-none-eabi/5.3.1/armv6-m/crtbegin.o
__sf_fake_stderr                                  c:/program files (x86)/atmel/studio/7.0/toolchain/arm/arm-gnu-toolchain/bin/../lib/gcc/arm-none-eabi/5.3.1/../../../../arm-none-eabi/lib/armv6-m\libc_nano.a(lib_a-impure.o)
__sf_fake_stdin                                   c:/program files (x86)/atmel/studio/7.0/toolchain/arm/arm-gnu-toolchain/bin/../lib/gcc/arm-none-eabi/5.3.1/../../../../arm-none-eabi/lib/armv6-m\libc_nano.a(lib_a-impure.o)
__sf_fake_stdout                                  c:/program files (x86)/atmel/studio/7.0/toolchain/arm/arm-gnu-toolchain/bin/../lib/gcc/arm-none-eabi/5.3.1/../../../../arm-none-eabi/lib/armv6-m\libc_nano.a(lib_a-impure.o)
__stack                                           c:/program files (x86)/atmel/studio/7.0/toolchain/arm/arm-gnu-toolchain/bin/../lib/gcc/arm-none-eabi/5.3.1/../../../../arm-none-eabi/lib/armv6-m/crt0.o
_close                                            src/ASF/sam0/utils/syscalls/gcc/syscalls.o
_end                                              src/ASF/sam0/utils/syscalls/gcc/syscalls.o
_erelocate                                        src/ASF/sam0/utils/cmsis/samb11/source/gcc/startup_samb11.o
_etext                                            src/ASF/sam0/utils/cmsis/samb11/source/gcc/startup_samb11.o
_exit                                             src/ASF/sam0/utils/syscalls/gcc/syscalls.o
                                                  c:/program files (x86)/atmel/studio/7.0/toolchain/arm/arm-gnu-toolchain/bin/../lib/gcc/arm-none-eabi/5.3.1/../../../../arm-none-eabi/lib/armv6-m\libc_nano.a(lib_a-exit.o)
_ezero                                            src/ASF/sam0/utils/cmsis/samb11/source/gcc/startup_samb11.o
_fini                                             c:/program files (x86)/atmel/studio/7.0/toolchain/arm/arm-gnu-toolchain/bin/../lib/gcc/arm-none-eabi/5.3.1/armv6-m/crti.o
_fstat                                            src/ASF/sam0/utils/syscalls/gcc/syscalls.o
_getpid                                           src/ASF/sam0/utils/syscalls/gcc/syscalls.o
_global_impure_ptr                                c:/program files (x86)/atmel/studio/7.0/toolchain/arm/arm-gnu-toolchain/bin/../lib/gcc/arm-none-eabi/5.3.1/../../../../arm-none-eabi/lib/armv6-m\libc_nano.a(lib_a-impure.o)
                                                  c:/program files (x86)/atmel/studio/7.0/toolchain/arm/arm-gnu-toolchain/bin/../lib/gcc/arm-none-eabi/5.3.1/../../../../arm-none-eabi/lib/armv6-m\libc_nano.a(lib_a-exit.o)
_gpio_instances                                   src/ASF/sam0/drivers/gpio/gpio.o
_impure_ptr                                       c:/program files (x86)/atmel/studio/7.0/toolchain/arm/arm-gnu-toolchain/bin/../lib/gcc/arm-none-eabi/5.3.1/../../../../arm-none-eabi/lib/armv6-m\libc_nano.a(lib_a-impure.o)
_init                                             c:/program files (x86)/atmel/studio/7.0/toolchain/arm/arm-gnu-toolchain/bin/../lib/gcc/arm-none-eabi/5.3.1/armv6-m/crti.o
                                                  c:/program files (x86)/atmel/studio/7.0/toolchain/arm/arm-gnu-toolchain/bin/../lib/gcc/arm-none-eabi/5.3.1/../../../../arm-none-eabi/lib/armv6-m\libc_nano.a(lib_a-init.o)
_isatty                                           src/ASF/sam0/utils/syscalls/gcc/syscalls.o
_kill                                             src/ASF/sam0/utils/syscalls/gcc/syscalls.o
_lseek                                            src/ASF/sam0/utils/syscalls/gcc/syscalls.o
_mainCRTStartup                                   c:/program files (x86)/atmel/studio/7.0/toolchain/arm/arm-gnu-toolchain/bin/../lib/gcc/arm-none-eabi/5.3.1/../../../../arm-none-eabi/lib/armv6-m/crt0.o
_sbrk                                             src/ASF/sam0/utils/syscalls/gcc/syscalls.o
_spi_instances                                    src/ASF/sam0/drivers/spi/spi_callback.o
                                                  src/ASF/sam0/drivers/spi/spi.o
_srelocate                                        src/ASF/sam0/utils/cmsis/samb11/source/gcc/startup_samb11.o
_start                                            c:/program files (x86)/atmel/studio/7.0/toolchain/arm/arm-gnu-toolchain/bin/../lib/gcc/arm-none-eabi/5.3.1/../../../../arm-none-eabi/lib/armv6-m/crt0.o
_szero                                            src/ASF/sam0/utils/cmsis/samb11/source/gcc/startup_samb11.o
app_entry                                         src/ASF/sam0/utils/cmsis/samb11/source/gcc/startup_samb11.o
atexit                                            c:/program files (x86)/atmel/studio/7.0/toolchain/arm/arm-gnu-toolchain/bin/../lib/gcc/arm-none-eabi/5.3.1/../../../../arm-none-eabi/lib/armv6-m/crt0.o
board_init                                        src/ASF/sam0/boards/samb11_xplained_pro/board_init.o
cpu_irq_enter_critical                            src/ASF/common/utils/interrupt/interrupt_sam_nvic.o
cpu_irq_leave_critical                            src/ASF/common/utils/interrupt/interrupt_sam_nvic.o
draw_string                                       src/MemoryLCD/MemLCD.o
                                                  src/main_sam_b.o
dualtimer_clear_interrupt_status                  src/ASF/sam0/drivers/dualtimer/dualtimer.o
dualtimer_disable                                 src/ASF/sam0/drivers/dualtimer/dualtimer.o
dualtimer_enable                                  src/ASF/sam0/drivers/dualtimer/dualtimer.o
dualtimer_get_config_defaults                     src/ASF/sam0/drivers/dualtimer/dualtimer.o
                                                  src/main_sam_b.o
dualtimer_get_interrupt_status                    src/ASF/sam0/drivers/dualtimer/dualtimer.o
dualtimer_get_status                              src/ASF/sam0/drivers/dualtimer/dualtimer.o
dualtimer_get_value                               src/ASF/sam0/drivers/dualtimer/dualtimer.o
                                                  src/main_sam_b.o
                                                  src/MemoryLCD/MemLCD.o
dualtimer_init                                    src/ASF/sam0/drivers/dualtimer/dualtimer.o
                                                  src/main_sam_b.o
dualtimer_register_callback                       src/ASF/sam0/drivers/dualtimer/dualtimer.o
dualtimer_set_counter                             src/ASF/sam0/drivers/dualtimer/dualtimer.o
                                                  src/main_sam_b.o
                                                  src/MemoryLCD/MemLCD.o
dualtimer_unregister_callback                     src/ASF/sam0/drivers/dualtimer/dualtimer.o
exit                                              c:/program files (x86)/atmel/studio/7.0/toolchain/arm/arm-gnu-toolchain/bin/../lib/gcc/arm-none-eabi/5.3.1/../../../../arm-none-eabi/lib/armv6-m\libc_nano.a(lib_a-exit.o)
                                                  c:/program files (x86)/atmel/studio/7.0/toolchain/arm/arm-gnu-toolchain/bin/../lib/gcc/arm-none-eabi/5.3.1/../../../../arm-none-eabi/lib/armv6-m/crt0.o
frameBuffer                                       src/main_sam_b.o
g_interrupt_enabled                               src/ASF/common/utils/interrupt/interrupt_sam_nvic.o
generate_color_test_pattern                       src/MemoryLCD/MemLCD.o
gpio_disable_callback                             src/ASF/sam0/drivers/gpio/gpio.o
gpio_enable_callback                              src/ASF/sam0/drivers/gpio/gpio.o
gpio_get_config_defaults                          src/ASF/sam0/drivers/gpio/gpio.o
                                                  src/main_sam_b.o
                                                  src/ASF/sam0/drivers/spi/spi.o
gpio_init                                         src/ASF/sam0/drivers/gpio/gpio.o
gpio_pin_get_input_level                          src/ASF/sam0/drivers/gpio/gpio.o
gpio_pin_get_output_level                         src/ASF/sam0/drivers/gpio/gpio.o
gpio_pin_set_config                               src/ASF/sam0/drivers/gpio/gpio.o
                                                  src/main_sam_b.o
                                                  src/ASF/sam0/drivers/spi/spi.o
gpio_pin_set_output_level                         src/ASF/sam0/drivers/gpio/gpio.o
                                                  src/main_sam_b.o
                                                  src/ASF/sam0/drivers/spi/spi.o
                                                  src/MemoryLCD/MemLCD.o
gpio_pin_toggle_output_level                      src/ASF/sam0/drivers/gpio/gpio.o
                                                  src/main_sam_b.o
gpio_pinmux_cofiguration                          src/ASF/sam0/drivers/gpio/gpio.o
                                                  src/ASF/sam0/drivers/spi/spi.o
gpio_register_callback                            src/ASF/sam0/drivers/gpio/gpio.o
gpio_unregister_callback                          src/ASF/sam0/drivers/gpio/gpio.o
hardware_init_hook                                c:/program files (x86)/atmel/studio/7.0/toolchain/arm/arm-gnu-toolchain/bin/../lib/gcc/arm-none-eabi/5.3.1/../../../../arm-none-eabi/lib/armv6-m/crt0.o
link                                              src/ASF/sam0/utils/syscalls/gcc/syscalls.o
main                                              src/main_sam_b.o
                                                  src/ASF/sam0/utils/cmsis/samb11/source/gcc/startup_samb11.o
                                                  c:/program files (x86)/atmel/studio/7.0/toolchain/arm/arm-gnu-toolchain/bin/../lib/gcc/arm-none-eabi/5.3.1/../../../../arm-none-eabi/lib/armv6-m/crt0.o
memset                                            c:/program files (x86)/atmel/studio/7.0/toolchain/arm/arm-gnu-toolchain/bin/../lib/gcc/arm-none-eabi/5.3.1/../../../../arm-none-eabi/lib/armv6-m\libc_nano.a(lib_a-memset.o)
                                                  c:/program files (x86)/atmel/studio/7.0/toolchain/arm/arm-gnu-toolchain/bin/../lib/gcc/arm-none-eabi/5.3.1/../../../../arm-none-eabi/lib/armv6-m/crt0.o
microsoftSansSerif_8ptBitmaps                     src/font/microsoftSansSerif_8pt/microsoftSansSerif_8pt.o
                                                  src/MemoryLCD/MemLCD.o
microsoftSansSerif_8ptDescriptors                 src/font/microsoftSansSerif_8pt/microsoftSansSerif_8pt.o
                                                  src/MemoryLCD/MemLCD.o
microsoftSansSerif_8ptFontInfo                    src/font/microsoftSansSerif_8pt/microsoftSansSerif_8pt.o
                                                  src/MemoryLCD/MemLCD.o
module                                            src/main_sam_b.o
software_init_hook                                c:/program files (x86)/atmel/studio/7.0/toolchain/arm/arm-gnu-toolchain/bin/../lib/gcc/arm-none-eabi/5.3.1/../../../../arm-none-eabi/lib/armv6-m/crt0.o
spi_attach_slave                                  src/ASF/sam0/drivers/spi/spi.o
                                                  src/MemoryLCD/MemLCD.o
spi_disable                                       src/ASF/sam0/drivers/spi/spi.o
spi_disable_callback                              src/ASF/sam0/drivers/spi/spi_callback.o
spi_enable                                        src/ASF/sam0/drivers/spi/spi.o
                                                  src/MemoryLCD/MemLCD.o
spi_enable_callback                               src/ASF/sam0/drivers/spi/spi_callback.o
spi_flash_clock_init                              src/ASF/sam0/drivers/spi_flash/spi_flash.o
spi_flash_enter_low_power_mode                    src/ASF/sam0/drivers/spi_flash/spi_flash.o
spi_flash_erase                                   src/ASF/sam0/drivers/spi_flash/spi_flash.o
spi_flash_init                                    src/ASF/sam0/drivers/spi_flash/spi_flash.o
spi_flash_leave_low_power_mode                    src/ASF/sam0/drivers/spi_flash/spi_flash.o
spi_flash_rdid                                    src/ASF/sam0/drivers/spi_flash/spi_flash.o
spi_flash_read                                    src/ASF/sam0/drivers/spi_flash/spi_flash.o
spi_flash_sector_erase                            src/ASF/sam0/drivers/spi_flash/spi_flash.o
spi_flash_turn_off                                src/ASF/sam0/drivers/spi_flash/spi_flash.o
spi_flash_turn_on                                 src/ASF/sam0/drivers/spi_flash/spi_flash.o
spi_flash_write                                   src/ASF/sam0/drivers/spi_flash/spi_flash.o
spi_get_config_defaults                           src/ASF/sam0/drivers/spi/spi.o
                                                  src/MemoryLCD/MemLCD.o
spi_init                                          src/ASF/sam0/drivers/spi/spi.o
                                                  src/MemoryLCD/MemLCD.o
spi_lock                                          src/ASF/sam0/drivers/spi/spi.o
spi_read                                          src/ASF/sam0/drivers/spi/spi.o
spi_read_buffer_job                               src/ASF/sam0/drivers/spi/spi_callback.o
spi_read_buffer_wait                              src/ASF/sam0/drivers/spi/spi.o
spi_register_callback                             src/ASF/sam0/drivers/spi/spi_callback.o
spi_reset                                         src/ASF/sam0/drivers/spi/spi.o
spi_rx0_isr_handler                               src/ASF/sam0/drivers/spi/spi_callback.o
                                                  src/ASF/sam0/drivers/spi/spi.o
spi_rx1_isr_handler                               src/ASF/sam0/drivers/spi/spi_callback.o
                                                  src/ASF/sam0/drivers/spi/spi.o
spi_select_slave                                  src/ASF/sam0/drivers/spi/spi.o
spi_slave_inst_get_config_defaults                src/ASF/sam0/drivers/spi/spi.o
                                                  src/MemoryLCD/MemLCD.o
spi_transceive_buffer_job                         src/ASF/sam0/drivers/spi/spi_callback.o
spi_transceive_buffer_wait                        src/ASF/sam0/drivers/spi/spi.o
spi_transceive_wait                               src/ASF/sam0/drivers/spi/spi.o
spi_tx0_isr_handler                               src/ASF/sam0/drivers/spi/spi_callback.o
                                                  src/ASF/sam0/drivers/spi/spi.o
spi_tx1_isr_handler                               src/ASF/sam0/drivers/spi/spi_callback.o
                                                  src/ASF/sam0/drivers/spi/spi.o
spi_unlock                                        src/ASF/sam0/drivers/spi/spi.o
spi_unregister_callback                           src/ASF/sam0/drivers/spi/spi_callback.o
spi_write                                         src/ASF/sam0/drivers/spi/spi.o
                                                  src/MemoryLCD/MemLCD.o
spi_write_buffer_job                              src/ASF/sam0/drivers/spi/spi_callback.o
spi_write_buffer_wait                             src/ASF/sam0/drivers/spi/spi.o
                                                  src/MemoryLCD/MemLCD.o
system_board_init                                 src/ASF/sam0/boards/samb11_xplained_pro/board_init.o
system_calibration_get_config_defaults            src/ASF/sam0/drivers/system/system_sam_b.o
system_calibration_get_interrupt_status           src/ASF/sam0/drivers/system/system_sam_b.o
system_calibration_set_config                     src/ASF/sam0/drivers/system/system_sam_b.o
system_clock_aon_config                           src/ASF/sam0/drivers/system/system_sam_b.o
system_clock_config                               src/ASF/sam0/drivers/system/system_sam_b.o
                                                  src/main_sam_b.o
system_clock_get_value                            src/ASF/sam0/drivers/system/system_sam_b.o
system_clock_peripheral_aon_disable               src/ASF/sam0/drivers/system/system_sam_b.o
system_clock_peripheral_aon_enable                src/ASF/sam0/drivers/system/system_sam_b.o
system_clock_peripheral_disable                   src/ASF/sam0/drivers/system/system_sam_b.o
                                                  src/ASF/sam0/drivers/spi/spi.o
system_clock_peripheral_enable                    src/ASF/sam0/drivers/system/system_sam_b.o
                                                  src/ASF/sam0/drivers/spi_flash/spi_flash.o
                                                  src/ASF/sam0/drivers/spi/spi.o
system_clock_peripheral_freq_config               src/ASF/sam0/drivers/system/system_sam_b.o
                                                  src/ASF/sam0/drivers/spi_flash/spi_flash.o
system_clock_value                                src/ASF/sam0/drivers/system/system_sam_b.o
system_global_reset                               src/ASF/sam0/drivers/system/system_sam_b.o
system_osc_calibration_clear_status               src/ASF/sam0/drivers/system/system_sam_b.o
system_osc_calibration_disable                    src/ASF/sam0/drivers/system/system_sam_b.o
system_osc_calibration_enable                     src/ASF/sam0/drivers/system/system_sam_b.o
system_osc_calibration_get_status                 src/ASF/sam0/drivers/system/system_sam_b.o
system_osc_calibration_result                     src/ASF/sam0/drivers/system/system_sam_b.o
system_peripheral_reset                           src/ASF/sam0/drivers/system/system_sam_b.o
                                                  src/ASF/sam0/drivers/timer/timer.o
                                                  src/ASF/sam0/drivers/spi_flash/spi_flash.o
                                                  src/ASF/sam0/drivers/spi/spi.o
                                                  src/ASF/sam0/drivers/dualtimer/dualtimer.o
system_register_isr                               src/ASF/sam0/drivers/system/system_sam_b.o
                                                  src/ASF/sam0/drivers/timer/timer.o
                                                  src/ASF/sam0/drivers/spi/spi.o
                                                  src/ASF/sam0/drivers/gpio/gpio.o
                                                  src/ASF/sam0/drivers/dualtimer/dualtimer.o
system_rtc_calibration_clear_status               src/ASF/sam0/drivers/system/system_sam_b.o
system_rtc_calibration_disable                    src/ASF/sam0/drivers/system/system_sam_b.o
system_rtc_calibration_enable                     src/ASF/sam0/drivers/system/system_sam_b.o
system_rtc_calibration_get_status                 src/ASF/sam0/drivers/system/system_sam_b.o
system_rtc_calibration_result                     src/ASF/sam0/drivers/system/system_sam_b.o
system_unregister_isr                             src/ASF/sam0/drivers/system/system_sam_b.o
timer_clear_interrupt_status                      src/ASF/sam0/drivers/timer/timer.o
timer_disable                                     src/ASF/sam0/drivers/timer/timer.o
timer_enable                                      src/ASF/sam0/drivers/timer/timer.o
                                                  src/main_sam_b.o
timer_get_config_defaults                         src/ASF/sam0/drivers/timer/timer.o
                                                  src/main_sam_b.o
timer_get_interrupt_status                        src/ASF/sam0/drivers/timer/timer.o
timer_get_value                                   src/ASF/sam0/drivers/timer/timer.o
timer_init                                        src/ASF/sam0/drivers/timer/timer.o
                                                  src/main_sam_b.o
timer_register_callback                           src/ASF/sam0/drivers/timer/timer.o
                                                  src/main_sam_b.o
timer_set_value                                   src/ASF/sam0/drivers/timer/timer.o
timer_unregister_callback                         src/ASF/sam0/drivers/timer/timer.o
