Archive member included to satisfy reference by file (symbol)

c:/program files (x86)/atmel/studio/7.0/toolchain/arm/arm-gnu-toolchain/bin/../lib/gcc/arm-none-eabi/5.3.1/../../../../arm-none-eabi/lib/armv6-m\libc_nano.a(lib_a-exit.o)
                              c:/program files (x86)/atmel/studio/7.0/toolchain/arm/arm-gnu-toolchain/bin/../lib/gcc/arm-none-eabi/5.3.1/../../../../arm-none-eabi/lib/armv6-m/crt0.o (exit)
c:/program files (x86)/atmel/studio/7.0/toolchain/arm/arm-gnu-toolchain/bin/../lib/gcc/arm-none-eabi/5.3.1/../../../../arm-none-eabi/lib/armv6-m\libc_nano.a(lib_a-impure.o)
                              c:/program files (x86)/atmel/studio/7.0/toolchain/arm/arm-gnu-toolchain/bin/../lib/gcc/arm-none-eabi/5.3.1/../../../../arm-none-eabi/lib/armv6-m\libc_nano.a(lib_a-exit.o) (_global_impure_ptr)
c:/program files (x86)/atmel/studio/7.0/toolchain/arm/arm-gnu-toolchain/bin/../lib/gcc/arm-none-eabi/5.3.1/../../../../arm-none-eabi/lib/armv6-m\libc_nano.a(lib_a-init.o)
                              c:/program files (x86)/atmel/studio/7.0/toolchain/arm/arm-gnu-toolchain/bin/../lib/gcc/arm-none-eabi/5.3.1/../../../../arm-none-eabi/lib/armv6-m/crt0.o (__libc_init_array)
c:/program files (x86)/atmel/studio/7.0/toolchain/arm/arm-gnu-toolchain/bin/../lib/gcc/arm-none-eabi/5.3.1/../../../../arm-none-eabi/lib/armv6-m\libc_nano.a(lib_a-memset.o)
                              c:/program files (x86)/atmel/studio/7.0/toolchain/arm/arm-gnu-toolchain/bin/../lib/gcc/arm-none-eabi/5.3.1/../../../../arm-none-eabi/lib/armv6-m/crt0.o (memset)

Allocating common symbols
Common symbol       size              file

system_clock_value  0x4               src/ASF/sam0/drivers/system/system_sam_b.o
module              0x30              src/main_sam_b.o
_gpio_instances     0xd8              src/ASF/sam0/drivers/gpio/gpio.o
_spi_instances      0x8               src/ASF/sam0/drivers/spi/spi_callback.o
frameBuffer         0x1800            src/main_sam_b.o

Discarded input sections

 .text          0x00000000        0x0 c:/program files (x86)/atmel/studio/7.0/toolchain/arm/arm-gnu-toolchain/bin/../lib/gcc/arm-none-eabi/5.3.1/armv6-m/crti.o
 .data          0x00000000        0x0 c:/program files (x86)/atmel/studio/7.0/toolchain/arm/arm-gnu-toolchain/bin/../lib/gcc/arm-none-eabi/5.3.1/armv6-m/crti.o
 .bss           0x00000000        0x0 c:/program files (x86)/atmel/studio/7.0/toolchain/arm/arm-gnu-toolchain/bin/../lib/gcc/arm-none-eabi/5.3.1/armv6-m/crti.o
 .data          0x00000000        0x4 c:/program files (x86)/atmel/studio/7.0/toolchain/arm/arm-gnu-toolchain/bin/../lib/gcc/arm-none-eabi/5.3.1/armv6-m/crtbegin.o
 .text          0x00000000       0x78 c:/program files (x86)/atmel/studio/7.0/toolchain/arm/arm-gnu-toolchain/bin/../lib/gcc/arm-none-eabi/5.3.1/../../../../arm-none-eabi/lib/armv6-m/crt0.o
 .data          0x00000000        0x0 c:/program files (x86)/atmel/studio/7.0/toolchain/arm/arm-gnu-toolchain/bin/../lib/gcc/arm-none-eabi/5.3.1/../../../../arm-none-eabi/lib/armv6-m/crt0.o
 .bss           0x00000000        0x0 c:/program files (x86)/atmel/studio/7.0/toolchain/arm/arm-gnu-toolchain/bin/../lib/gcc/arm-none-eabi/5.3.1/../../../../arm-none-eabi/lib/armv6-m/crt0.o
 .ARM.extab     0x00000000        0x0 c:/program files (x86)/atmel/studio/7.0/toolchain/arm/arm-gnu-toolchain/bin/../lib/gcc/arm-none-eabi/5.3.1/../../../../arm-none-eabi/lib/armv6-m/crt0.o
 .ARM.exidx     0x00000000        0x8 c:/program files (x86)/atmel/studio/7.0/toolchain/arm/arm-gnu-toolchain/bin/../lib/gcc/arm-none-eabi/5.3.1/../../../../arm-none-eabi/lib/armv6-m/crt0.o
 .ARM.attributes
                0x00000000       0x1b c:/program files (x86)/atmel/studio/7.0/toolchain/arm/arm-gnu-toolchain/bin/../lib/gcc/arm-none-eabi/5.3.1/../../../../arm-none-eabi/lib/armv6-m/crt0.o
 .group         0x00000000        0x8 microsoftSansSerif_8pt.o
 .text          0x00000000        0x0 microsoftSansSerif_8pt.o
 .data          0x00000000        0x0 microsoftSansSerif_8pt.o
 .bss           0x00000000        0x0 microsoftSansSerif_8pt.o
 .debug_info    0x00000000       0x21 microsoftSansSerif_8pt.o
 .debug_abbrev  0x00000000       0x13 microsoftSansSerif_8pt.o
 .debug_aranges
                0x00000000       0x18 microsoftSansSerif_8pt.o
 .debug_macro   0x00000000       0x11 microsoftSansSerif_8pt.o
 .debug_macro   0x00000000      0x83e microsoftSansSerif_8pt.o
 .debug_line    0x00000000       0x3e microsoftSansSerif_8pt.o
 .debug_str     0x00000000     0x23e4 microsoftSansSerif_8pt.o
 .comment       0x00000000       0x5a microsoftSansSerif_8pt.o
 .ARM.attributes
                0x00000000       0x31 microsoftSansSerif_8pt.o
 .group         0x00000000        0x8 src/ASF/sam0/drivers/dualtimer/dualtimer.o
 .group         0x00000000        0x8 src/ASF/sam0/drivers/dualtimer/dualtimer.o
 .group         0x00000000        0x8 src/ASF/sam0/drivers/dualtimer/dualtimer.o
 .group         0x00000000        0x8 src/ASF/sam0/drivers/dualtimer/dualtimer.o
[...]
Memory Configuration

Name             Origin             Length             Attributes
ram              0x10008000         0x00017800         xrw
lram             0x1001f800         0x00000800         xrw
*default*        0x00000000         0xffffffff

Linker script and memory map

LOAD c:/program files (x86)/atmel/studio/7.0/toolchain/arm/arm-gnu-toolchain/bin/../lib/gcc/arm-none-eabi/5.3.1/armv6-m/crti.o
LOAD c:/program files (x86)/atmel/studio/7.0/toolchain/arm/arm-gnu-toolchain/bin/../lib/gcc/arm-none-eabi/5.3.1/armv6-m/crtbegin.o
LOAD c:/program files (x86)/atmel/studio/7.0/toolchain/arm/arm-gnu-toolchain/bin/../lib/gcc/arm-none-eabi/5.3.1/../../../../arm-none-eabi/lib/armv6-m/crt0.o
LOAD microsoftSansSerif_8pt.o
LOAD src/ASF/sam0/drivers/dualtimer/dualtimer.o
LOAD src/MemoryLCD/MemLCD.o
LOAD src/ASF/common/utils/interrupt/interrupt_sam_nvic.o
LOAD src/ASF/sam0/boards/samb11_xplained_pro/board_init.o
LOAD src/ASF/sam0/drivers/gpio/gpio.o
LOAD src/ASF/sam0/drivers/spi/spi.o
LOAD src/ASF/sam0/drivers/spi/spi_callback.o
LOAD src/ASF/sam0/drivers/spi_flash/spi_flash.o
LOAD src/ASF/sam0/drivers/system/system_sam_b.o
LOAD src/ASF/sam0/drivers/timer/timer.o
LOAD src/ASF/sam0/utils/cmsis/samb11/source/gcc/startup_samb11.o
LOAD src/ASF/sam0/utils/cmsis/samb11/source/system_samb11.o
LOAD src/ASF/sam0/utils/syscalls/gcc/syscalls.o
LOAD src/main_sam_b.o
START GROUP
LOAD ../src/ASF/thirdparty/CMSIS/Lib/GCC\libarm_cortexM0l_math.a
LOAD c:/program files (x86)/atmel/studio/7.0/toolchain/arm/arm-gnu-toolchain/bin/../lib/gcc/arm-none-eabi/5.3.1/../../../../arm-none-eabi/lib/armv6-m\libm.a
END GROUP
START GROUP
LOAD c:/program files (x86)/atmel/studio/7.0/toolchain/arm/arm-gnu-toolchain/bin/../lib/gcc/arm-none-eabi/5.3.1/armv6-m\libgcc.a
LOAD c:/program files (x86)/atmel/studio/7.0/toolchain/arm/arm-gnu-toolchain/bin/../lib/gcc/arm-none-eabi/5.3.1/../../../../arm-none-eabi/lib/armv6-m\libc_nano.a
END GROUP
START GROUP
LOAD c:/program files (x86)/atmel/studio/7.0/toolchain/arm/arm-gnu-toolchain/bin/../lib/gcc/arm-none-eabi/5.3.1/armv6-m\libgcc.a
LOAD c:/program files (x86)/atmel/studio/7.0/toolchain/arm/arm-gnu-toolchain/bin/../lib/gcc/arm-none-eabi/5.3.1/../../../../arm-none-eabi/lib/armv6-m\libc_nano.a
END GROUP
LOAD c:/program files (x86)/atmel/studio/7.0/toolchain/arm/arm-gnu-toolchain/bin/../lib/gcc/arm-none-eabi/5.3.1/armv6-m/crtend.o
LOAD c:/program files (x86)/atmel/studio/7.0/toolchain/arm/arm-gnu-toolchain/bin/../lib/gcc/arm-none-eabi/5.3.1/armv6-m/crtn.o
                0x00000800                STACK_SIZE = DEFINED (STACK_SIZE)?STACK_SIZE:DEFINED (__stack_size__)?__stack_size__:0x800

.text           0x10008000     0x2268
                0x10008000                . = ALIGN (0x4)
                0x10008000                _sfixed = .
 *(.test.main .text.app_entry)
 .text.app_entry
                0x10008000       0x88 src/ASF/sam0/utils/cmsis/samb11/source/gcc/startup_samb11.o
                0x10008000                app_entry
 *(.text .text.* .gnu.linkonce.t.*)
 .text          0x10008088       0x60 c:/program files (x86)/atmel/studio/7.0/toolchain/arm/arm-gnu-toolchain/bin/../lib/gcc/arm-none-eabi/5.3.1/armv6-m/crtbegin.o
 .text.dualtimer_isr_handler
                0x100080e8       0x44 src/ASF/sam0/drivers/dualtimer/dualtimer.o
 .text.dualtimer_get_config_defaults
                0x1000812c       0x24 src/ASF/sam0/drivers/dualtimer/dualtimer.o
                0x1000812c                dualtimer_get_config_defaults
 .text.dualtimer_get_value
                0x10008150       0x14 src/ASF/sam0/drivers/dualtimer/dualtimer.o
                0x10008150                dualtimer_get_value
 .text.dualtimer_set_counter
                0x10008164       0x28 src/ASF/sam0/drivers/dualtimer/dualtimer.o
                0x10008164                dualtimer_set_counter
 .text.dualtimer_enable
                0x1000818c       0x24 src/ASF/sam0/drivers/dualtimer/dualtimer.o
                0x1000818c                dualtimer_enable
 .text.dualtimer_init
                0x100081b0      0x104 src/ASF/sam0/drivers/dualtimer/dualtimer.o
                0x100081b0                dualtimer_init
 .text.draw_pixel
                0x100082b4       0x44 src/MemoryLCD/MemLCD.o
 .text.delay_us
                0x100082f8       0x24 src/MemoryLCD/MemLCD.o
 .text.Setup    0x1000831c       0x74 src/MemoryLCD/MemLCD.o
                0x1000831c                Setup
 .text.generate_color_test_pattern
                0x10008390       0xd4 src/MemoryLCD/MemLCD.o
                0x10008390                generate_color_test_pattern
 .text.Transfer
                0x10008464       0xdc src/MemoryLCD/MemLCD.o
                0x10008464                Transfer
 .text.ClearDisplay
                0x10008540       0x40 src/MemoryLCD/MemLCD.o
                0x10008540                ClearDisplay
 .text.ClearBuffer
                0x10008580       0x20 src/MemoryLCD/MemLCD.o
                0x10008580                ClearBuffer
 .text.gpio_get_config_defaults
                0x100085a0       0x10 src/ASF/sam0/drivers/gpio/gpio.o
                0x100085a0                gpio_get_config_defaults
 .text.gpio_pin_set_config
                0x100085b0      0x1b8 src/ASF/sam0/drivers/gpio/gpio.o
                0x100085b0                gpio_pin_set_config
 .text.gpio_pin_set_output_level
                0x10008768       0x8c src/ASF/sam0/drivers/gpio/gpio.o
                0x10008768                gpio_pin_set_output_level
 .text.gpio_pin_toggle_output_level
                0x100087f4       0x4c src/ASF/sam0/drivers/gpio/gpio.o
                0x100087f4                gpio_pin_toggle_output_level
 .text.gpio_pinmux_cofiguration
                0x10008840      0x14c src/ASF/sam0/drivers/gpio/gpio.o
                0x10008840                gpio_pinmux_cofiguration
 .text.spi_slave_inst_get_config_defaults
                0x1000898c        0xc src/ASF/sam0/drivers/spi/spi.o
                0x1000898c                spi_slave_inst_get_config_defaults
 .text.spi_get_config_defaults
                0x10008998       0x2c src/ASF/sam0/drivers/spi/spi.o
                0x10008998                spi_get_config_defaults
 .text.spi_attach_slave
                0x100089c4       0x40 src/ASF/sam0/drivers/spi/spi.o
                0x100089c4                spi_attach_slave
 .text.spi_enable
                0x10008a04       0x38 src/ASF/sam0/drivers/spi/spi.o
                0x10008a04                spi_enable
 .text.spi_disable
                0x10008a3c       0x74 src/ASF/sam0/drivers/spi/spi.o
                0x10008a3c                spi_disable
 .text.spi_reset
                0x10008ab0       0x3c src/ASF/sam0/drivers/spi/spi.o
                0x10008ab0                spi_reset
 .text.spi_init
                0x10008aec      0x1cc src/ASF/sam0/drivers/spi/spi.o
                0x10008aec                spi_init
 .text.spi_write
                0x10008cb8       0x10 src/ASF/sam0/drivers/spi/spi.o
                0x10008cb8                spi_write
 .text.spi_transceive_buffer_wait
                0x10008cc8       0x84 src/ASF/sam0/drivers/spi/spi.o
                0x10008cc8                spi_transceive_buffer_wait
 .text.spi_write_buffer_wait
                0x10008d4c       0x10 src/ASF/sam0/drivers/spi/spi.o
                0x10008d4c                spi_write_buffer_wait
 .text.spi_rx0_isr_handler
                0x10008d5c      0x12c src/ASF/sam0/drivers/spi/spi_callback.o
                0x10008d5c                spi_rx0_isr_handler
 .text.spi_tx0_isr_handler
                0x10008e88      0x104 src/ASF/sam0/drivers/spi/spi_callback.o
                0x10008e88                spi_tx0_isr_handler
 .text.spi_rx1_isr_handler
                0x10008f8c      0x12c src/ASF/sam0/drivers/spi/spi_callback.o
                0x10008f8c                spi_rx1_isr_handler
 .text.spi_tx1_isr_handler
                0x100090b8      0x104 src/ASF/sam0/drivers/spi/spi_callback.o
                0x100090b8                spi_tx1_isr_handler
 .text.system_clock_config
                0x100091bc       0x84 src/ASF/sam0/drivers/system/system_sam_b.o
                0x100091bc                system_clock_config
 .text.system_clock_peripheral_enable
                0x10009240      0x35c src/ASF/sam0/drivers/system/system_sam_b.o
                0x10009240                system_clock_peripheral_enable
 .text.system_clock_peripheral_disable
                0x1000959c      0x36c src/ASF/sam0/drivers/system/system_sam_b.o
                0x1000959c                system_clock_peripheral_disable
 .text.system_peripheral_reset
                0x10009908      0x468 src/ASF/sam0/drivers/system/system_sam_b.o
                0x10009908                system_peripheral_reset
 .text.system_register_isr
                0x10009d70       0x10 src/ASF/sam0/drivers/system/system_sam_b.o
                0x10009d70                system_register_isr
 .text.timer_get_config_defaults
                0x10009d80        0xc src/ASF/sam0/drivers/timer/timer.o
                0x10009d80                timer_get_config_defaults
 .text.timer_clear_interrupt_status
                0x10009d8c       0x14 src/ASF/sam0/drivers/timer/timer.o
                0x10009d8c                timer_clear_interrupt_status
 .text.timer_isr_handler
                0x10009da0       0x24 src/ASF/sam0/drivers/timer/timer.o
 .text.timer_enable
                0x10009dc4       0x10 src/ASF/sam0/drivers/timer/timer.o
                0x10009dc4                timer_enable
 .text.timer_register_callback
                0x10009dd4        0xc src/ASF/sam0/drivers/timer/timer.o
                0x10009dd4                timer_register_callback
 .text.timer_init
                0x10009de0       0x3c src/ASF/sam0/drivers/timer/timer.o
                0x10009de0                timer_init
 .text.timer_callback
                0x10009e1c       0x10 src/main_sam_b.o
 .text.delay_us
                0x10009e2c       0x24 src/main_sam_b.o
 .text.main     0x10009e50       0xec src/main_sam_b.o
                0x10009e50                main
 .text.__libc_init_array
                0x10009f3c       0x4c c:/program files (x86)/atmel/studio/7.0/toolchain/arm/arm-gnu-toolchain/bin/../lib/gcc/arm-none-eabi/5.3.1/../../../../arm-none-eabi/lib/armv6-m\libc_nano.a(lib_a-init.o)
                0x10009f3c                __libc_init_array
 *(.glue_7t)
 .glue_7t       0x10009f88        0x0 linker stubs
 *(.glue_7)
 .glue_7        0x10009f88        0x0 linker stubs
 *(.rodata .rodata* .gnu.linkonce.r.*)
 .rodata.system_clock_peripheral_enable
                0x10009f88       0xd8 src/ASF/sam0/drivers/system/system_sam_b.o
 .rodata.system_clock_peripheral_disable
                0x1000a060       0xd8 src/ASF/sam0/drivers/system/system_sam_b.o
 .rodata.system_peripheral_reset
                0x1000a138      0x110 src/ASF/sam0/drivers/system/system_sam_b.o
 *(.ARM.extab* .gnu.linkonce.armextab.*)
                0x1000a248                . = ALIGN (0x4)
 *(.init)
 .init          0x1000a248        0x4 c:/program files (x86)/atmel/studio/7.0/toolchain/arm/arm-gnu-toolchain/bin/../lib/gcc/arm-none-eabi/5.3.1/armv6-m/crti.o
                0x1000a248                _init
 .init          0x1000a24c        0x8 c:/program files (x86)/atmel/studio/7.0/toolchain/arm/arm-gnu-toolchain/bin/../lib/gcc/arm-none-eabi/5.3.1/armv6-m/crtn.o
                0x1000a254                . = ALIGN (0x4)
                0x1000a254                __preinit_array_start = .
 *(.preinit_array)
                0x1000a254                __preinit_array_end = .
                0x1000a254                . = ALIGN (0x4)
                0x1000a254                __init_array_start = .
 *(SORT(.init_array.*))
 *(.init_array)
 .init_array    0x1000a254        0x4 c:/program files (x86)/atmel/studio/7.0/toolchain/arm/arm-gnu-toolchain/bin/../lib/gcc/arm-none-eabi/5.3.1/armv6-m/crtbegin.o
                0x1000a258                __init_array_end = .
                0x1000a258                . = ALIGN (0x4)
 *crtbegin.o(.ctors)
 *(EXCLUDE_FILE(*crtend.o) .ctors)
 *(SORT(.ctors.*))
 *crtend.o(.ctors)
                0x1000a258                . = ALIGN (0x4)
 *(.fini)
 .fini          0x1000a258        0x4 c:/program files (x86)/atmel/studio/7.0/toolchain/arm/arm-gnu-toolchain/bin/../lib/gcc/arm-none-eabi/5.3.1/armv6-m/crti.o
                0x1000a258                _fini
 .fini          0x1000a25c        0x8 c:/program files (x86)/atmel/studio/7.0/toolchain/arm/arm-gnu-toolchain/bin/../lib/gcc/arm-none-eabi/5.3.1/armv6-m/crtn.o
                0x1000a264                . = ALIGN (0x4)
                0x1000a264                __fini_array_start = .
 *(.fini_array)
 .fini_array    0x1000a264        0x4 c:/program files (x86)/atmel/studio/7.0/toolchain/arm/arm-gnu-toolchain/bin/../lib/gcc/arm-none-eabi/5.3.1/armv6-m/crtbegin.o
 *(SORT(.fini_array.*))
                0x1000a268                __fini_array_end = .
 *crtbegin.o(.dtors)
 *(EXCLUDE_FILE(*crtend.o) .dtors)
 *(SORT(.dtors.*))
 *crtend.o(.dtors)
                0x1000a268                . = ALIGN (0x4)
                0x1000a268                _efixed = .

.vfp11_veneer   0x1000a268        0x0
 .vfp11_veneer  0x1000a268        0x0 linker stubs

.v4_bx          0x1000a268        0x0
 .v4_bx         0x1000a268        0x0 linker stubs

.iplt           0x1000a268        0x0
 .iplt          0x1000a268        0x0 c:/program files (x86)/atmel/studio/7.0/toolchain/arm/arm-gnu-toolchain/bin/../lib/gcc/arm-none-eabi/5.3.1/armv6-m/crtbegin.o

.eh_frame       0x1000a268        0x0
 .eh_frame      0x1000a268        0x0 c:/program files (x86)/atmel/studio/7.0/toolchain/arm/arm-gnu-toolchain/bin/../lib/gcc/arm-none-eabi/5.3.1/armv6-m/crtbegin.o

.rel.dyn        0x1000a268        0x0
 .rel.iplt      0x1000a268        0x0 c:/program files (x86)/atmel/studio/7.0/toolchain/arm/arm-gnu-toolchain/bin/../lib/gcc/arm-none-eabi/5.3.1/armv6-m/crtbegin.o

.jcr            0x1000a268        0x0
 .jcr           0x1000a268        0x0 c:/program files (x86)/atmel/studio/7.0/toolchain/arm/arm-gnu-toolchain/bin/../lib/gcc/arm-none-eabi/5.3.1/armv6-m/crtbegin.o

.igot.plt       0x1000a268        0x0
 .igot.plt      0x1000a268        0x0 c:/program files (x86)/atmel/studio/7.0/toolchain/arm/arm-gnu-toolchain/bin/../lib/gcc/arm-none-eabi/5.3.1/armv6-m/crtbegin.o
                0x1000a268                . = ALIGN (0x4)
                0x1000a268                _etext = .

.relocate       0x1000a268        0x0
                0x1000a268                . = ALIGN (0x4)
                0x1000a268                _srelocate = .
 *(.ramfunc .ramfunc.*)
 *(.data .data.*)
                0x1000a268                . = ALIGN (0x4)
                0x1000a268                _erelocate = .

.bss            0x1000a268     0x1868
                0x1000a268                . = ALIGN (0x4)
                0x1000a268                _sbss = .
                0x1000a268                _szero = .
 *(.bss .bss.*)
 .bss           0x1000a268       0x1c c:/program files (x86)/atmel/studio/7.0/toolchain/arm/arm-gnu-toolchain/bin/../lib/gcc/arm-none-eabi/5.3.1/armv6-m/crtbegin.o
 .bss.dualtimer_callback_timer1
                0x1000a284        0x4 src/ASF/sam0/drivers/dualtimer/dualtimer.o
 .bss.dualtimer_callback_timer2
                0x1000a288        0x4 src/ASF/sam0/drivers/dualtimer/dualtimer.o
 .bss.flag_direction_both
                0x1000a28c        0x2 src/ASF/sam0/drivers/spi/spi_callback.o
 .bss.dummy_write
                0x1000a28e        0x2 src/ASF/sam0/drivers/spi/spi_callback.o
 .bss.timer_callback
                0x1000a290        0x4 src/ASF/sam0/drivers/timer/timer.o
 *(COMMON)
 COMMON         0x1000a294        0x8 src/ASF/sam0/drivers/spi/spi_callback.o
                0x1000a294                _spi_instances
 COMMON         0x1000a29c        0x4 src/ASF/sam0/drivers/system/system_sam_b.o
                0x1000a29c                system_clock_value
 COMMON         0x1000a2a0     0x1830 src/main_sam_b.o
                0x1000a2a0                module
                0x1000a2d0                frameBuffer
                0x1000bad0                . = ALIGN (0x4)
                0x1000bad0                _ebss = .
                0x1000bad0                _ezero = .

.stack          0x1000bad0      0x800
                0x1000bad0                . = ALIGN (0x8)
                0x1000bad0                _sstack = .
                0x1000c2d0                . = (. + STACK_SIZE)
 *fill*         0x1000bad0      0x800 
                0x1000c2d0                . = ALIGN (0x8)
                0x1000c2d0                _estack = .
                [!provide]                PROVIDE (__exidx_start, .)

.ARM.exidx
 *(.ARM.exidx* .gnu.linkonce.armexidx.*)
                [!provide]                PROVIDE (__exidx_end, .)
                0x1000c2d0                . = ALIGN (0x4)
                0x1000c2d0                _end = .
OUTPUT(SmartwatchT.elf elf32-littlearm)

.ARM.attributes
                0x00000000       0x28
 .ARM.attributes
                0x00000000       0x1e c:/program files (x86)/atmel/studio/7.0/toolchain/arm/arm-gnu-toolchain/bin/../lib/gcc/arm-none-eabi/5.3.1/armv6-m/crti.o
 .ARM.attributes
                0x0000001e       0x2c c:/program files (x86)/atmel/studio/7.0/toolchain/arm/arm-gnu-toolchain/bin/../lib/gcc/arm-none-eabi/5.3.1/armv6-m/crtbegin.o
 .ARM.attributes
                0x0000004a       0x31 src/ASF/sam0/drivers/dualtimer/dualtimer.o
 .ARM.attributes
                0x0000007b       0x31 src/MemoryLCD/MemLCD.o
 .ARM.attributes
                0x000000ac       0x31 src/ASF/sam0/drivers/gpio/gpio.o
 .ARM.attributes
                0x000000dd       0x31 src/ASF/sam0/drivers/spi/spi.o
 .ARM.attributes
                0x0000010e       0x31 src/ASF/sam0/drivers/spi/spi_callback.o
 .ARM.attributes
                0x0000013f       0x31 src/ASF/sam0/drivers/system/system_sam_b.o
 .ARM.attributes
                0x00000170       0x31 src/ASF/sam0/drivers/timer/timer.o
 .ARM.attributes
                0x000001a1       0x31 src/ASF/sam0/utils/cmsis/samb11/source/gcc/startup_samb11.o
 .ARM.attributes
                0x000001d2       0x31 src/main_sam_b.o
 .ARM.attributes
                0x00000203       0x2c c:/program files (x86)/atmel/studio/7.0/toolchain/arm/arm-gnu-toolchain/bin/../lib/gcc/arm-none-eabi/5.3.1/../../../../arm-none-eabi/lib/armv6-m\libc_nano.a(lib_a-init.o)
 .ARM.attributes
                0x0000022f       0x1e c:/program files (x86)/atmel/studio/7.0/toolchain/arm/arm-gnu-toolchain/bin/../lib/gcc/arm-none-eabi/5.3.1/armv6-m/crtn.o

.comment        0x00000000       0x59
 .comment       0x00000000       0x59 src/ASF/sam0/drivers/dualtimer/dualtimer.o
                                 0x5a (size before relaxing)
 .comment       0x00000059       0x5a src/MemoryLCD/MemLCD.o
 .comment       0x00000059       0x5a src/ASF/sam0/drivers/gpio/gpio.o
 .comment       0x00000059       0x5a src/ASF/sam0/drivers/spi/spi.o
 .comment       0x00000059       0x5a src/ASF/sam0/drivers/spi/spi_callback.o
 .comment       0x00000059       0x5a src/ASF/sam0/drivers/system/system_sam_b.o
 .comment       0x00000059       0x5a src/ASF/sam0/drivers/timer/timer.o
 .comment       0x00000059       0x5a src/ASF/sam0/utils/cmsis/samb11/source/gcc/startup_samb11.o
 .comment       0x00000059       0x5a src/main_sam_b.o

.debug_info     0x00000000    0x1a4f7
 .debug_info    0x00000000     0x60cd src/ASF/sam0/drivers/dualtimer/dualtimer.o
 .debug_info    0x000060cd     0x1564 src/MemoryLCD/MemLCD.o
 .debug_info    0x00007631     0x786b src/ASF/sam0/drivers/gpio/gpio.o
 .debug_info    0x0000ee9c     0x1d35 src/ASF/sam0/drivers/spi/spi.o
 .debug_info    0x00010bd1     0x133b src/ASF/sam0/drivers/spi/spi_callback.o
 .debug_info    0x00011f0c     0x63b4 src/ASF/sam0/drivers/system/system_sam_b.o
 .debug_info    0x000182c0      0xdc7 src/ASF/sam0/drivers/timer/timer.o
 .debug_info    0x00019087      0x113 src/ASF/sam0/utils/cmsis/samb11/source/gcc/startup_samb11.o
 .debug_info    0x0001919a     0x135d src/main_sam_b.o

.debug_abbrev   0x00000000     0x18a7
 .debug_abbrev  0x00000000      0x2e4 src/ASF/sam0/drivers/dualtimer/dualtimer.o
 .debug_abbrev  0x000002e4      0x329 src/MemoryLCD/MemLCD.o
 .debug_abbrev  0x0000060d      0x360 src/ASF/sam0/drivers/gpio/gpio.o
 .debug_abbrev  0x0000096d      0x364 src/ASF/sam0/drivers/spi/spi.o
 .debug_abbrev  0x00000cd1      0x360 src/ASF/sam0/drivers/spi/spi_callback.o
 .debug_abbrev  0x00001031      0x2b5 src/ASF/sam0/drivers/system/system_sam_b.o
 .debug_abbrev  0x000012e6      0x277 src/ASF/sam0/drivers/timer/timer.o
 .debug_abbrev  0x0000155d       0x86 src/ASF/sam0/utils/cmsis/samb11/source/gcc/startup_samb11.o
 .debug_abbrev  0x000015e3      0x2c4 src/main_sam_b.o

.debug_loc      0x00000000     0x2c93
 .debug_loc     0x00000000      0x203 src/ASF/sam0/drivers/dualtimer/dualtimer.o
 .debug_loc     0x00000203      0x672 src/MemoryLCD/MemLCD.o
 .debug_loc     0x00000875      0xa61 src/ASF/sam0/drivers/gpio/gpio.o
 .debug_loc     0x000012d6      0x9d3 src/ASF/sam0/drivers/spi/spi.o
 .debug_loc     0x00001ca9      0x816 src/ASF/sam0/drivers/spi/spi_callback.o
 .debug_loc     0x000024bf      0x6a7 src/ASF/sam0/drivers/system/system_sam_b.o
 .debug_loc     0x00002b66       0x6c src/ASF/sam0/drivers/timer/timer.o
 .debug_loc     0x00002bd2       0x20 src/ASF/sam0/utils/cmsis/samb11/source/gcc/startup_samb11.o
 .debug_loc     0x00002bf2       0xa1 src/main_sam_b.o

.debug_aranges  0x00000000      0x408
 .debug_aranges
                0x00000000       0x78 src/ASF/sam0/drivers/dualtimer/dualtimer.o
 .debug_aranges
                0x00000078       0x58 src/MemoryLCD/MemLCD.o
 .debug_aranges
                0x000000d0       0x90 src/ASF/sam0/drivers/gpio/gpio.o
 .debug_aranges
                0x00000160       0x98 src/ASF/sam0/drivers/spi/spi.o
 .debug_aranges
                0x000001f8       0x70 src/ASF/sam0/drivers/spi/spi_callback.o
 .debug_aranges
                0x00000268       0xe0 src/ASF/sam0/drivers/system/system_sam_b.o
 .debug_aranges
                0x00000348       0x70 src/ASF/sam0/drivers/timer/timer.o
 .debug_aranges
                0x000003b8       0x20 src/ASF/sam0/utils/cmsis/samb11/source/gcc/startup_samb11.o
 .debug_aranges
                0x000003d8       0x30 src/main_sam_b.o

.debug_ranges   0x00000000      0x3d8
 .debug_ranges  0x00000000       0x68 src/ASF/sam0/drivers/dualtimer/dualtimer.o
 .debug_ranges  0x00000068       0xa8 src/MemoryLCD/MemLCD.o
 .debug_ranges  0x00000110       0x80 src/ASF/sam0/drivers/gpio/gpio.o
 .debug_ranges  0x00000190       0x88 src/ASF/sam0/drivers/spi/spi.o
 .debug_ranges  0x00000218       0x60 src/ASF/sam0/drivers/spi/spi_callback.o
 .debug_ranges  0x00000278       0xd0 src/ASF/sam0/drivers/system/system_sam_b.o
 .debug_ranges  0x00000348       0x60 src/ASF/sam0/drivers/timer/timer.o
 .debug_ranges  0x000003a8       0x10 src/ASF/sam0/utils/cmsis/samb11/source/gcc/startup_samb11.o
 .debug_ranges  0x000003b8       0x20 src/main_sam_b.o

.debug_macro    0x00000000    0x1c8bd
 .debug_macro   0x00000000      0x47a src/ASF/sam0/drivers/dualtimer/dualtimer.o
 .debug_macro   0x0000047a      0x16d src/ASF/sam0/drivers/dualtimer/dualtimer.o
 .debug_macro   0x000005e7      0x652 src/ASF/sam0/drivers/dualtimer/dualtimer.o
 .debug_macro   0x00000c39       0x22 src/ASF/sam0/drivers/dualtimer/dualtimer.o
 .debug_macro   0x00000c5b       0x87 src/ASF/sam0/drivers/dualtimer/dualtimer.o
 .debug_macro   0x00000ce2       0x44 src/ASF/sam0/drivers/dualtimer/dualtimer.o
 .debug_macro   0x00000d26       0xfd src/ASF/sam0/drivers/dualtimer/dualtimer.o
 .debug_macro   0x00000e23       0x22 src/ASF/sam0/drivers/dualtimer/dualtimer.o
 .debug_macro   0x00000e45      0x1df src/ASF/sam0/drivers/dualtimer/dualtimer.o
 .debug_macro   0x00001024       0x10 src/ASF/sam0/drivers/dualtimer/dualtimer.o
 .debug_macro   0x00001034       0x76 src/ASF/sam0/drivers/dualtimer/dualtimer.o
 .debug_macro   0x000010aa       0x16 src/ASF/sam0/drivers/dualtimer/dualtimer.o
 .debug_macro   0x000010c0      0x6e5 src/ASF/sam0/drivers/dualtimer/dualtimer.o
 .debug_macro   0x000017a5      0xde2 src/ASF/sam0/drivers/dualtimer/dualtimer.o
 .debug_macro   0x00002587       0x22 src/ASF/sam0/drivers/dualtimer/dualtimer.o
 .debug_macro   0x000025a9       0x40 src/ASF/sam0/drivers/dualtimer/dualtimer.o
 .debug_macro   0x000025e9       0x3a src/ASF/sam0/drivers/dualtimer/dualtimer.o
 .debug_macro   0x00002623       0x1f src/ASF/sam0/drivers/dualtimer/dualtimer.o
 .debug_macro   0x00002642      0x242 src/ASF/sam0/drivers/dualtimer/dualtimer.o
 .debug_macro   0x00002884      0x3b8 src/ASF/sam0/drivers/dualtimer/dualtimer.o
 .debug_macro   0x00002c3c      0x7ea src/ASF/sam0/drivers/dualtimer/dualtimer.o
 .debug_macro   0x00003426     0x2324 src/ASF/sam0/drivers/dualtimer/dualtimer.o
 .debug_macro   0x0000574a      0x4d4 src/ASF/sam0/drivers/dualtimer/dualtimer.o
 .debug_macro   0x00005c1e      0x516 src/ASF/sam0/drivers/dualtimer/dualtimer.o
 .debug_macro   0x00006134      0x5e3 src/ASF/sam0/drivers/dualtimer/dualtimer.o
 .debug_macro   0x00006717      0x4ab src/ASF/sam0/drivers/dualtimer/dualtimer.o
 .debug_macro   0x00006bc2      0xe22 src/ASF/sam0/drivers/dualtimer/dualtimer.o
 .debug_macro   0x000079e4     0x895c src/ASF/sam0/drivers/dualtimer/dualtimer.o
 .debug_macro   0x00010340      0x2bb src/ASF/sam0/drivers/dualtimer/dualtimer.o
 .debug_macro   0x000105fb      0x107 src/ASF/sam0/drivers/dualtimer/dualtimer.o
 .debug_macro   0x00010702      0x791 src/ASF/sam0/drivers/dualtimer/dualtimer.o
 .debug_macro   0x00010e93     0x1520 src/ASF/sam0/drivers/dualtimer/dualtimer.o
 .debug_macro   0x000123b3      0x4d1 src/ASF/sam0/drivers/dualtimer/dualtimer.o
 .debug_macro   0x00012884      0x4ac src/ASF/sam0/drivers/dualtimer/dualtimer.o
 .debug_macro   0x00012d30      0xe0c src/ASF/sam0/drivers/dualtimer/dualtimer.o
 .debug_macro   0x00013b3c      0x4bd src/ASF/sam0/drivers/dualtimer/dualtimer.o
 .debug_macro   0x00013ff9      0x453 src/ASF/sam0/drivers/dualtimer/dualtimer.o
 .debug_macro   0x0001444c      0x318 src/ASF/sam0/drivers/dualtimer/dualtimer.o
 .debug_macro   0x00014764       0x6a src/ASF/sam0/drivers/dualtimer/dualtimer.o
 .debug_macro   0x000147ce       0xb2 src/ASF/sam0/drivers/dualtimer/dualtimer.o
 .debug_macro   0x00014880      0x24f src/ASF/sam0/drivers/dualtimer/dualtimer.o
 .debug_macro   0x00014acf       0x5e src/ASF/sam0/drivers/dualtimer/dualtimer.o
 .debug_macro   0x00014b2d       0x5e src/ASF/sam0/drivers/dualtimer/dualtimer.o
 .debug_macro   0x00014b8b       0x46 src/ASF/sam0/drivers/dualtimer/dualtimer.o
 .debug_macro   0x00014bd1       0x46 src/ASF/sam0/drivers/dualtimer/dualtimer.o
 .debug_macro   0x00014c17       0x58 src/ASF/sam0/drivers/dualtimer/dualtimer.o
 .debug_macro   0x00014c6f       0x58 src/ASF/sam0/drivers/dualtimer/dualtimer.o
 .debug_macro   0x00014cc7       0x88 src/ASF/sam0/drivers/dualtimer/dualtimer.o
 .debug_macro   0x00014d4f       0x88 src/ASF/sam0/drivers/dualtimer/dualtimer.o
 .debug_macro   0x00014dd7      0x17f src/ASF/sam0/drivers/dualtimer/dualtimer.o
 .debug_macro   0x00014f56      0x31a src/ASF/sam0/drivers/dualtimer/dualtimer.o
 .debug_macro   0x00015270       0x22 src/ASF/sam0/drivers/dualtimer/dualtimer.o
 .debug_macro   0x00015292       0x1c src/ASF/sam0/drivers/dualtimer/dualtimer.o
 .debug_macro   0x000152ae       0x6a src/ASF/sam0/drivers/dualtimer/dualtimer.o
 .debug_macro   0x00015318       0x76 src/ASF/sam0/drivers/dualtimer/dualtimer.o
 .debug_macro   0x0001538e       0x94 src/ASF/sam0/drivers/dualtimer/dualtimer.o
 .debug_macro   0x00015422       0x94 src/ASF/sam0/drivers/dualtimer/dualtimer.o
 .debug_macro   0x000154b6       0x94 src/ASF/sam0/drivers/dualtimer/dualtimer.o
 .debug_macro   0x0001554a       0x64 src/ASF/sam0/drivers/dualtimer/dualtimer.o
 .debug_macro   0x000155ae       0xf7 src/ASF/sam0/drivers/dualtimer/dualtimer.o
 .debug_macro   0x000156a5       0x5e src/ASF/sam0/drivers/dualtimer/dualtimer.o
 .debug_macro   0x00015703       0x70 src/ASF/sam0/drivers/dualtimer/dualtimer.o
 .debug_macro   0x00015773       0x5e src/ASF/sam0/drivers/dualtimer/dualtimer.o
 .debug_macro   0x000157d1      0x1bd src/ASF/sam0/drivers/dualtimer/dualtimer.o
 .debug_macro   0x0001598e     0x3477 src/ASF/sam0/drivers/dualtimer/dualtimer.o
 .debug_macro   0x00018e05       0x43 src/ASF/sam0/drivers/dualtimer/dualtimer.o
 .debug_macro   0x00018e48       0x52 src/ASF/sam0/drivers/dualtimer/dualtimer.o
 .debug_macro   0x00018e9a       0x35 src/ASF/sam0/drivers/dualtimer/dualtimer.o
 .debug_macro   0x00018ecf       0x9c src/ASF/sam0/drivers/dualtimer/dualtimer.o
 .debug_macro   0x00018f6b       0x16 src/ASF/sam0/drivers/dualtimer/dualtimer.o
 .debug_macro   0x00018f81       0x35 src/ASF/sam0/drivers/dualtimer/dualtimer.o
 .debug_macro   0x00018fb6      0x330 src/ASF/sam0/drivers/dualtimer/dualtimer.o
 .debug_macro   0x000192e6       0x10 src/ASF/sam0/drivers/dualtimer/dualtimer.o
 .debug_macro   0x000192f6       0x52 src/ASF/sam0/drivers/dualtimer/dualtimer.o
 .debug_macro   0x00019348       0x16 src/ASF/sam0/drivers/dualtimer/dualtimer.o
 .debug_macro   0x0001935e       0x43 src/ASF/sam0/drivers/dualtimer/dualtimer.o
 .debug_macro   0x000193a1      0x187 src/ASF/sam0/drivers/dualtimer/dualtimer.o
 .debug_macro   0x00019528       0x22 src/ASF/sam0/drivers/dualtimer/dualtimer.o
 .debug_macro   0x0001954a       0x3a src/ASF/sam0/drivers/dualtimer/dualtimer.o
 .debug_macro   0x00019584       0x10 src/ASF/sam0/drivers/dualtimer/dualtimer.o
 .debug_macro   0x00019594       0x40 src/ASF/sam0/drivers/dualtimer/dualtimer.o
 .debug_macro   0x000195d4       0x6c src/ASF/sam0/drivers/dualtimer/dualtimer.o
 .debug_macro   0x00019640       0x16 src/ASF/sam0/drivers/dualtimer/dualtimer.o
 .debug_macro   0x00019656      0x182 src/ASF/sam0/drivers/dualtimer/dualtimer.o
 .debug_macro   0x000197d8       0x16 src/ASF/sam0/drivers/dualtimer/dualtimer.o
 .debug_macro   0x000197ee       0x16 src/ASF/sam0/drivers/dualtimer/dualtimer.o
 .debug_macro   0x00019804       0x29 src/ASF/sam0/drivers/dualtimer/dualtimer.o
 .debug_macro   0x0001982d       0x51 src/ASF/sam0/drivers/dualtimer/dualtimer.o
 .debug_macro   0x0001987e       0x3f src/ASF/sam0/drivers/dualtimer/dualtimer.o
 .debug_macro   0x000198bd      0x3df src/ASF/sam0/drivers/dualtimer/dualtimer.o
 .debug_macro   0x00019c9c       0x16 src/ASF/sam0/drivers/dualtimer/dualtimer.o
 .debug_macro   0x00019cb2      0x511 src/MemoryLCD/MemLCD.o
 .debug_macro   0x0001a1c3      0x2bf src/MemoryLCD/MemLCD.o
 .debug_macro   0x0001a482      0x440 src/MemoryLCD/MemLCD.o
 .debug_macro   0x0001a8c2       0x16 src/MemoryLCD/MemLCD.o
 .debug_macro   0x0001a8d8       0x58 src/MemoryLCD/MemLCD.o
 .debug_macro   0x0001a930       0x12 src/MemoryLCD/MemLCD.o
 .debug_macro   0x0001a942       0xa4 src/MemoryLCD/MemLCD.o
 .debug_macro   0x0001a9e6       0x10 src/MemoryLCD/MemLCD.o
 .debug_macro   0x0001a9f6      0x47a src/ASF/sam0/drivers/gpio/gpio.o
 .debug_macro   0x0001ae70      0x4a7 src/ASF/sam0/drivers/spi/spi.o
 .debug_macro   0x0001b317       0x10 src/ASF/sam0/drivers/spi/spi.o
 .debug_macro   0x0001b327       0x16 src/ASF/sam0/drivers/spi/spi.o
 .debug_macro   0x0001b33d       0x1c src/ASF/sam0/drivers/spi/spi.o
 .debug_macro   0x0001b359      0x4b1 src/ASF/sam0/drivers/spi/spi_callback.o
 .debug_macro   0x0001b80a      0x474 src/ASF/sam0/drivers/system/system_sam_b.o
 .debug_macro   0x0001bc7e       0x10 src/ASF/sam0/drivers/system/system_sam_b.o
 .debug_macro   0x0001bc8e      0x478 src/ASF/sam0/drivers/timer/timer.o
 .debug_macro   0x0001c106      0x272 src/ASF/sam0/utils/cmsis/samb11/source/gcc/startup_samb11.o
 .debug_macro   0x0001c378       0x3a src/ASF/sam0/utils/cmsis/samb11/source/gcc/startup_samb11.o
 .debug_macro   0x0001c3b2      0x50b src/main_sam_b.o

.debug_line     0x00000000     0x641f
 .debug_line    0x00000000      0xa23 src/ASF/sam0/drivers/dualtimer/dualtimer.o
 .debug_line    0x00000a23      0xbe9 src/MemoryLCD/MemLCD.o
 .debug_line    0x0000160c      0xb4a src/ASF/sam0/drivers/gpio/gpio.o
 .debug_line    0x00002156      0xbba src/ASF/sam0/drivers/spi/spi.o
 .debug_line    0x00002d10      0xb7b src/ASF/sam0/drivers/spi/spi_callback.o
 .debug_line    0x0000388b     0x10ac src/ASF/sam0/drivers/system/system_sam_b.o
 .debug_line    0x00004937      0x9b6 src/ASF/sam0/drivers/timer/timer.o
 .debug_line    0x000052ed      0x644 src/ASF/sam0/utils/cmsis/samb11/source/gcc/startup_samb11.o
 .debug_line    0x00005931      0xaee src/main_sam_b.o

.debug_str      0x00000000   0x123031
 .debug_str     0x00000000   0x11df6c src/ASF/sam0/drivers/dualtimer/dualtimer.o
                             0x11e432 (size before relaxing)
 .debug_str     0x0011df6c     0x2b5f src/MemoryLCD/MemLCD.o
                             0x11d220 (size before relaxing)
 .debug_str     0x00120acb     0x1504 src/ASF/sam0/drivers/gpio/gpio.o
                             0x11ed5b (size before relaxing)
 .debug_str     0x00121fcf      0x212 src/ASF/sam0/drivers/spi/spi.o
                             0x11c0e0 (size before relaxing)
 .debug_str     0x001221e1      0x1d3 src/ASF/sam0/drivers/spi/spi_callback.o
                             0x11b2c9 (size before relaxing)
 .debug_str     0x001223b4      0x9b8 src/ASF/sam0/drivers/system/system_sam_b.o
                             0x11eeec (size before relaxing)
 .debug_str     0x00122d6c      0x199 src/ASF/sam0/drivers/timer/timer.o
                             0x11b336 (size before relaxing)
 .debug_str     0x00122f05       0x94 src/ASF/sam0/utils/cmsis/samb11/source/gcc/startup_samb11.o
                             0x105b81 (size before relaxing)
 .debug_str     0x00122f99       0x98 src/main_sam_b.o
                             0x11d5ec (size before relaxing)

.debug_frame    0x00000000      0x928
 .debug_frame   0x00000000       0xe4 src/ASF/sam0/drivers/dualtimer/dualtimer.o
 .debug_frame   0x000000e4      0x104 src/MemoryLCD/MemLCD.o
 .debug_frame   0x000001e8      0x180 src/ASF/sam0/drivers/gpio/gpio.o
 .debug_frame   0x00000368      0x174 src/ASF/sam0/drivers/spi/spi.o
 .debug_frame   0x000004dc      0x100 src/ASF/sam0/drivers/spi/spi_callback.o
 .debug_frame   0x000005dc      0x1c8 src/ASF/sam0/drivers/system/system_sam_b.o
 .debug_frame   0x000007a4       0xd0 src/ASF/sam0/drivers/timer/timer.o
 .debug_frame   0x00000874       0x28 src/ASF/sam0/utils/cmsis/samb11/source/gcc/startup_samb11.o
 .debug_frame   0x0000089c       0x60 src/main_sam_b.o
 .debug_frame   0x000008fc       0x2c c:/program files (x86)/atmel/studio/7.0/toolchain/arm/arm-gnu-toolchain/bin/../lib/gcc/arm-none-eabi/5.3.1/../../../../arm-none-eabi/lib/armv6-m\libc_nano.a(lib_a-init.o)

Cross Reference Table

Symbol                                            File
BLACK                                             src/MemoryLCD/MemLCD.o
BLUE                                              src/MemoryLCD/MemLCD.o
CYAN                                              src/MemoryLCD/MemLCD.o
ClearBuffer                                       src/MemoryLCD/MemLCD.o
                                                  src/main_sam_b.o
ClearDisplay                                      src/MemoryLCD/MemLCD.o
                                                  src/main_sam_b.o
Display                                           src/MemoryLCD/MemLCD.o
GREEN                                             src/MemoryLCD/MemLCD.o
MAGENTA                                           src/MemoryLCD/MemLCD.o
RED                                               src/MemoryLCD/MemLCD.o
Setup                                             src/MemoryLCD/MemLCD.o
                                                  src/main_sam_b.o
SystemCoreClock                                   src/ASF/sam0/utils/cmsis/samb11/source/system_samb11.o
SystemCoreClockUpdate                             src/ASF/sam0/utils/cmsis/samb11/source/system_samb11.o
SystemInit                                        src/ASF/sam0/utils/cmsis/samb11/source/system_samb11.o
Transfer                                          src/MemoryLCD/MemLCD.o
                                                  src/main_sam_b.o
WHITE                                             src/MemoryLCD/MemLCD.o
YELLOW                                            src/MemoryLCD/MemLCD.o
_Jv_RegisterClasses                               c:/program files (x86)/atmel/studio/7.0/toolchain/arm/arm-gnu-toolchain/bin/../lib/gcc/arm-none-eabi/5.3.1/armv6-m/crtbegin.o
__bss_end__                                       c:/program files (x86)/atmel/studio/7.0/toolchain/arm/arm-gnu-toolchain/bin/../lib/gcc/arm-none-eabi/5.3.1/../../../../arm-none-eabi/lib/armv6-m/crt0.o
__bss_start__                                     c:/program files (x86)/atmel/studio/7.0/toolchain/arm/arm-gnu-toolchain/bin/../lib/gcc/arm-none-eabi/5.3.1/../../../../arm-none-eabi/lib/armv6-m/crt0.o
__call_exitprocs                                  c:/program files (x86)/atmel/studio/7.0/toolchain/arm/arm-gnu-toolchain/bin/../lib/gcc/arm-none-eabi/5.3.1/../../../../arm-none-eabi/lib/armv6-m\libc_nano.a(lib_a-exit.o)
__deregister_frame_info                           c:/program files (x86)/atmel/studio/7.0/toolchain/arm/arm-gnu-toolchain/bin/../lib/gcc/arm-none-eabi/5.3.1/armv6-m/crtbegin.o
__dso_handle                                      c:/program files (x86)/atmel/studio/7.0/toolchain/arm/arm-gnu-toolchain/bin/../lib/gcc/arm-none-eabi/5.3.1/armv6-m/crtbegin.o
__init_array_end                                  c:/program files (x86)/atmel/studio/7.0/toolchain/arm/arm-gnu-toolchain/bin/../lib/gcc/arm-none-eabi/5.3.1/../../../../arm-none-eabi/lib/armv6-m\libc_nano.a(lib_a-init.o)
__init_array_start                                c:/program files (x86)/atmel/studio/7.0/toolchain/arm/arm-gnu-toolchain/bin/../lib/gcc/arm-none-eabi/5.3.1/../../../../arm-none-eabi/lib/armv6-m\libc_nano.a(lib_a-init.o)
__libc_fini_array                                 c:/program files (x86)/atmel/studio/7.0/toolchain/arm/arm-gnu-toolchain/bin/../lib/gcc/arm-none-eabi/5.3.1/../../../../arm-none-eabi/lib/armv6-m/crt0.o
__libc_init_array                                 c:/program files (x86)/atmel/studio/7.0/toolchain/arm/arm-gnu-toolchain/bin/../lib/gcc/arm-none-eabi/5.3.1/../../../../arm-none-eabi/lib/armv6-m\libc_nano.a(lib_a-init.o)
                                                  src/ASF/sam0/utils/cmsis/samb11/source/gcc/startup_samb11.o
                                                  c:/program files (x86)/atmel/studio/7.0/toolchain/arm/arm-gnu-toolchain/bin/../lib/gcc/arm-none-eabi/5.3.1/../../../../arm-none-eabi/lib/armv6-m/crt0.o
__preinit_array_end                               c:/program files (x86)/atmel/studio/7.0/toolchain/arm/arm-gnu-toolchain/bin/../lib/gcc/arm-none-eabi/5.3.1/../../../../arm-none-eabi/lib/armv6-m\libc_nano.a(lib_a-init.o)
__preinit_array_start                             c:/program files (x86)/atmel/studio/7.0/toolchain/arm/arm-gnu-toolchain/bin/../lib/gcc/arm-none-eabi/5.3.1/../../../../arm-none-eabi/lib/armv6-m\libc_nano.a(lib_a-init.o)
__register_frame_info                             c:/program files (x86)/atmel/studio/7.0/toolchain/arm/arm-gnu-toolchain/bin/../lib/gcc/arm-none-eabi/5.3.1/armv6-m/crtbegin.o
__sf_fake_stderr                                  c:/program files (x86)/atmel/studio/7.0/toolchain/arm/arm-gnu-toolchain/bin/../lib/gcc/arm-none-eabi/5.3.1/../../../../arm-none-eabi/lib/armv6-m\libc_nano.a(lib_a-impure.o)
__sf_fake_stdin                                   c:/program files (x86)/atmel/studio/7.0/toolchain/arm/arm-gnu-toolchain/bin/../lib/gcc/arm-none-eabi/5.3.1/../../../../arm-none-eabi/lib/armv6-m\libc_nano.a(lib_a-impure.o)
__sf_fake_stdout                                  c:/program files (x86)/atmel/studio/7.0/toolchain/arm/arm-gnu-toolchain/bin/../lib/gcc/arm-none-eabi/5.3.1/../../../../arm-none-eabi/lib/armv6-m\libc_nano.a(lib_a-impure.o)
__stack                                           c:/program files (x86)/atmel/studio/7.0/toolchain/arm/arm-gnu-toolchain/bin/../lib/gcc/arm-none-eabi/5.3.1/../../../../arm-none-eabi/lib/armv6-m/crt0.o
_close                                            src/ASF/sam0/utils/syscalls/gcc/syscalls.o
_end                                              src/ASF/sam0/utils/syscalls/gcc/syscalls.o
_erelocate                                        src/ASF/sam0/utils/cmsis/samb11/source/gcc/startup_samb11.o
_etext                                            src/ASF/sam0/utils/cmsis/samb11/source/gcc/startup_samb11.o
_exit                                             src/ASF/sam0/utils/syscalls/gcc/syscalls.o
                                                  c:/program files (x86)/atmel/studio/7.0/toolchain/arm/arm-gnu-toolchain/bin/../lib/gcc/arm-none-eabi/5.3.1/../../../../arm-none-eabi/lib/armv6-m\libc_nano.a(lib_a-exit.o)
_ezero                                            src/ASF/sam0/utils/cmsis/samb11/source/gcc/startup_samb11.o
_fini                                             c:/program files (x86)/atmel/studio/7.0/toolchain/arm/arm-gnu-toolchain/bin/../lib/gcc/arm-none-eabi/5.3.1/armv6-m/crti.o
_fstat                                            src/ASF/sam0/utils/syscalls/gcc/syscalls.o
_getpid                                           src/ASF/sam0/utils/syscalls/gcc/syscalls.o
_global_impure_ptr                                c:/program files (x86)/atmel/studio/7.0/toolchain/arm/arm-gnu-toolchain/bin/../lib/gcc/arm-none-eabi/5.3.1/../../../../arm-none-eabi/lib/armv6-m\libc_nano.a(lib_a-impure.o)
                                                  c:/program files (x86)/atmel/studio/7.0/toolchain/arm/arm-gnu-toolchain/bin/../lib/gcc/arm-none-eabi/5.3.1/../../../../arm-none-eabi/lib/armv6-m\libc_nano.a(lib_a-exit.o)
_gpio_instances                                   src/ASF/sam0/drivers/gpio/gpio.o
_impure_ptr                                       c:/program files (x86)/atmel/studio/7.0/toolchain/arm/arm-gnu-toolchain/bin/../lib/gcc/arm-none-eabi/5.3.1/../../../../arm-none-eabi/lib/armv6-m\libc_nano.a(lib_a-impure.o)
_init                                             c:/program files (x86)/atmel/studio/7.0/toolchain/arm/arm-gnu-toolchain/bin/../lib/gcc/arm-none-eabi/5.3.1/armv6-m/crti.o
                                                  c:/program files (x86)/atmel/studio/7.0/toolchain/arm/arm-gnu-toolchain/bin/../lib/gcc/arm-none-eabi/5.3.1/../../../../arm-none-eabi/lib/armv6-m\libc_nano.a(lib_a-init.o)
_isatty                                           src/ASF/sam0/utils/syscalls/gcc/syscalls.o
_kill                                             src/ASF/sam0/utils/syscalls/gcc/syscalls.o
_lseek                                            src/ASF/sam0/utils/syscalls/gcc/syscalls.o
_mainCRTStartup                                   c:/program files (x86)/atmel/studio/7.0/toolchain/arm/arm-gnu-toolchain/bin/../lib/gcc/arm-none-eabi/5.3.1/../../../../arm-none-eabi/lib/armv6-m/crt0.o
_sbrk                                             src/ASF/sam0/utils/syscalls/gcc/syscalls.o
_spi_instances                                    src/ASF/sam0/drivers/spi/spi_callback.o
                                                  src/ASF/sam0/drivers/spi/spi.o
_srelocate                                        src/ASF/sam0/utils/cmsis/samb11/source/gcc/startup_samb11.o
_start                                            c:/program files (x86)/atmel/studio/7.0/toolchain/arm/arm-gnu-toolchain/bin/../lib/gcc/arm-none-eabi/5.3.1/../../../../arm-none-eabi/lib/armv6-m/crt0.o
_szero                                            src/ASF/sam0/utils/cmsis/samb11/source/gcc/startup_samb11.o
app_entry                                         src/ASF/sam0/utils/cmsis/samb11/source/gcc/startup_samb11.o
atexit                                            c:/program files (x86)/atmel/studio/7.0/toolchain/arm/arm-gnu-toolchain/bin/../lib/gcc/arm-none-eabi/5.3.1/../../../../arm-none-eabi/lib/armv6-m/crt0.o
board_init                                        src/ASF/sam0/boards/samb11_xplained_pro/board_init.o
cpu_irq_enter_critical                            src/ASF/common/utils/interrupt/interrupt_sam_nvic.o
cpu_irq_leave_critical                            src/ASF/common/utils/interrupt/interrupt_sam_nvic.o
dualtimer_clear_interrupt_status                  src/ASF/sam0/drivers/dualtimer/dualtimer.o
dualtimer_disable                                 src/ASF/sam0/drivers/dualtimer/dualtimer.o
dualtimer_enable                                  src/ASF/sam0/drivers/dualtimer/dualtimer.o
dualtimer_get_config_defaults                     src/ASF/sam0/drivers/dualtimer/dualtimer.o
                                                  src/main_sam_b.o
dualtimer_get_interrupt_status                    src/ASF/sam0/drivers/dualtimer/dualtimer.o
dualtimer_get_status                              src/ASF/sam0/drivers/dualtimer/dualtimer.o
dualtimer_get_value                               src/ASF/sam0/drivers/dualtimer/dualtimer.o
                                                  src/main_sam_b.o
                                                  src/MemoryLCD/MemLCD.o
dualtimer_init                                    src/ASF/sam0/drivers/dualtimer/dualtimer.o
                                                  src/main_sam_b.o
dualtimer_register_callback                       src/ASF/sam0/drivers/dualtimer/dualtimer.o
dualtimer_set_counter                             src/ASF/sam0/drivers/dualtimer/dualtimer.o
                                                  src/main_sam_b.o
                                                  src/MemoryLCD/MemLCD.o
dualtimer_unregister_callback                     src/ASF/sam0/drivers/dualtimer/dualtimer.o
exit                                              c:/program files (x86)/atmel/studio/7.0/toolchain/arm/arm-gnu-toolchain/bin/../lib/gcc/arm-none-eabi/5.3.1/../../../../arm-none-eabi/lib/armv6-m\libc_nano.a(lib_a-exit.o)
                                                  c:/program files (x86)/atmel/studio/7.0/toolchain/arm/arm-gnu-toolchain/bin/../lib/gcc/arm-none-eabi/5.3.1/../../../../arm-none-eabi/lib/armv6-m/crt0.o
frameBuffer                                       src/main_sam_b.o
g_interrupt_enabled                               src/ASF/common/utils/interrupt/interrupt_sam_nvic.o
generate_color_test_pattern                       src/MemoryLCD/MemLCD.o
gpio_disable_callback                             src/ASF/sam0/drivers/gpio/gpio.o
gpio_enable_callback                              src/ASF/sam0/drivers/gpio/gpio.o
gpio_get_config_defaults                          src/ASF/sam0/drivers/gpio/gpio.o
                                                  src/main_sam_b.o
                                                  src/ASF/sam0/drivers/spi/spi.o
gpio_init                                         src/ASF/sam0/drivers/gpio/gpio.o
gpio_pin_get_input_level                          src/ASF/sam0/drivers/gpio/gpio.o
gpio_pin_get_output_level                         src/ASF/sam0/drivers/gpio/gpio.o
gpio_pin_set_config                               src/ASF/sam0/drivers/gpio/gpio.o
                                                  src/main_sam_b.o
                                                  src/ASF/sam0/drivers/spi/spi.o
gpio_pin_set_output_level                         src/ASF/sam0/drivers/gpio/gpio.o
                                                  src/main_sam_b.o
                                                  src/ASF/sam0/drivers/spi/spi.o
                                                  src/MemoryLCD/MemLCD.o
gpio_pin_toggle_output_level                      src/ASF/sam0/drivers/gpio/gpio.o
                                                  src/main_sam_b.o
gpio_pinmux_cofiguration                          src/ASF/sam0/drivers/gpio/gpio.o
                                                  src/ASF/sam0/drivers/spi/spi.o
gpio_register_callback                            src/ASF/sam0/drivers/gpio/gpio.o
gpio_unregister_callback                          src/ASF/sam0/drivers/gpio/gpio.o
hardware_init_hook                                c:/program files (x86)/atmel/studio/7.0/toolchain/arm/arm-gnu-toolchain/bin/../lib/gcc/arm-none-eabi/5.3.1/../../../../arm-none-eabi/lib/armv6-m/crt0.o
link                                              src/ASF/sam0/utils/syscalls/gcc/syscalls.o
main                                              src/main_sam_b.o
                                                  src/ASF/sam0/utils/cmsis/samb11/source/gcc/startup_samb11.o
                                                  c:/program files (x86)/atmel/studio/7.0/toolchain/arm/arm-gnu-toolchain/bin/../lib/gcc/arm-none-eabi/5.3.1/../../../../arm-none-eabi/lib/armv6-m/crt0.o
memset                                            c:/program files (x86)/atmel/studio/7.0/toolchain/arm/arm-gnu-toolchain/bin/../lib/gcc/arm-none-eabi/5.3.1/../../../../arm-none-eabi/lib/armv6-m\libc_nano.a(lib_a-memset.o)
                                                  c:/program files (x86)/atmel/studio/7.0/toolchain/arm/arm-gnu-toolchain/bin/../lib/gcc/arm-none-eabi/5.3.1/../../../../arm-none-eabi/lib/armv6-m/crt0.o
module                                            src/main_sam_b.o
software_init_hook                                c:/program files (x86)/atmel/studio/7.0/toolchain/arm/arm-gnu-toolchain/bin/../lib/gcc/arm-none-eabi/5.3.1/../../../../arm-none-eabi/lib/armv6-m/crt0.o
spi_attach_slave                                  src/ASF/sam0/drivers/spi/spi.o
                                                  src/MemoryLCD/MemLCD.o
spi_disable                                       src/ASF/sam0/drivers/spi/spi.o
spi_disable_callback                              src/ASF/sam0/drivers/spi/spi_callback.o
spi_enable                                        src/ASF/sam0/drivers/spi/spi.o
                                                  src/MemoryLCD/MemLCD.o
spi_enable_callback                               src/ASF/sam0/drivers/spi/spi_callback.o
spi_flash_clock_init                              src/ASF/sam0/drivers/spi_flash/spi_flash.o
spi_flash_enter_low_power_mode                    src/ASF/sam0/drivers/spi_flash/spi_flash.o
spi_flash_erase                                   src/ASF/sam0/drivers/spi_flash/spi_flash.o
spi_flash_init                                    src/ASF/sam0/drivers/spi_flash/spi_flash.o
spi_flash_leave_low_power_mode                    src/ASF/sam0/drivers/spi_flash/spi_flash.o
spi_flash_rdid                                    src/ASF/sam0/drivers/spi_flash/spi_flash.o
spi_flash_read                                    src/ASF/sam0/drivers/spi_flash/spi_flash.o
spi_flash_sector_erase                            src/ASF/sam0/drivers/spi_flash/spi_flash.o
spi_flash_turn_off                                src/ASF/sam0/drivers/spi_flash/spi_flash.o
spi_flash_turn_on                                 src/ASF/sam0/drivers/spi_flash/spi_flash.o
spi_flash_write                                   src/ASF/sam0/drivers/spi_flash/spi_flash.o
spi_get_config_defaults                           src/ASF/sam0/drivers/spi/spi.o
                                                  src/MemoryLCD/MemLCD.o
spi_init                                          src/ASF/sam0/drivers/spi/spi.o
                                                  src/MemoryLCD/MemLCD.o
spi_lock                                          src/ASF/sam0/drivers/spi/spi.o
spi_read                                          src/ASF/sam0/drivers/spi/spi.o
spi_read_buffer_job                               src/ASF/sam0/drivers/spi/spi_callback.o
spi_read_buffer_wait                              src/ASF/sam0/drivers/spi/spi.o
spi_register_callback                             src/ASF/sam0/drivers/spi/spi_callback.o
spi_reset                                         src/ASF/sam0/drivers/spi/spi.o
spi_rx0_isr_handler                               src/ASF/sam0/drivers/spi/spi_callback.o
                                                  src/ASF/sam0/drivers/spi/spi.o
spi_rx1_isr_handler                               src/ASF/sam0/drivers/spi/spi_callback.o
                                                  src/ASF/sam0/drivers/spi/spi.o
spi_select_slave                                  src/ASF/sam0/drivers/spi/spi.o
spi_slave_inst_get_config_defaults                src/ASF/sam0/drivers/spi/spi.o
                                                  src/MemoryLCD/MemLCD.o
spi_transceive_buffer_job                         src/ASF/sam0/drivers/spi/spi_callback.o
spi_transceive_buffer_wait                        src/ASF/sam0/drivers/spi/spi.o
spi_transceive_wait                               src/ASF/sam0/drivers/spi/spi.o
spi_tx0_isr_handler                               src/ASF/sam0/drivers/spi/spi_callback.o
                                                  src/ASF/sam0/drivers/spi/spi.o
spi_tx1_isr_handler                               src/ASF/sam0/drivers/spi/spi_callback.o
                                                  src/ASF/sam0/drivers/spi/spi.o
spi_unlock                                        src/ASF/sam0/drivers/spi/spi.o
spi_unregister_callback                           src/ASF/sam0/drivers/spi/spi_callback.o
spi_write                                         src/ASF/sam0/drivers/spi/spi.o
                                                  src/MemoryLCD/MemLCD.o
spi_write_buffer_job                              src/ASF/sam0/drivers/spi/spi_callback.o
spi_write_buffer_wait                             src/ASF/sam0/drivers/spi/spi.o
                                                  src/MemoryLCD/MemLCD.o
system_board_init                                 src/ASF/sam0/boards/samb11_xplained_pro/board_init.o
system_calibration_get_config_defaults            src/ASF/sam0/drivers/system/system_sam_b.o
system_calibration_get_interrupt_status           src/ASF/sam0/drivers/system/system_sam_b.o
system_calibration_set_config                     src/ASF/sam0/drivers/system/system_sam_b.o
system_clock_aon_config                           src/ASF/sam0/drivers/system/system_sam_b.o
system_clock_config                               src/ASF/sam0/drivers/system/system_sam_b.o
                                                  src/main_sam_b.o
system_clock_get_value                            src/ASF/sam0/drivers/system/system_sam_b.o
system_clock_peripheral_aon_disable               src/ASF/sam0/drivers/system/system_sam_b.o
system_clock_peripheral_aon_enable                src/ASF/sam0/drivers/system/system_sam_b.o
system_clock_peripheral_disable                   src/ASF/sam0/drivers/system/system_sam_b.o
                                                  src/ASF/sam0/drivers/spi/spi.o
system_clock_peripheral_enable                    src/ASF/sam0/drivers/system/system_sam_b.o
                                                  src/ASF/sam0/drivers/spi_flash/spi_flash.o
                                                  src/ASF/sam0/drivers/spi/spi.o
system_clock_peripheral_freq_config               src/ASF/sam0/drivers/system/system_sam_b.o
                                                  src/ASF/sam0/drivers/spi_flash/spi_flash.o
system_clock_value                                src/ASF/sam0/drivers/system/system_sam_b.o
system_global_reset                               src/ASF/sam0/drivers/system/system_sam_b.o
system_osc_calibration_clear_status               src/ASF/sam0/drivers/system/system_sam_b.o
system_osc_calibration_disable                    src/ASF/sam0/drivers/system/system_sam_b.o
system_osc_calibration_enable                     src/ASF/sam0/drivers/system/system_sam_b.o
system_osc_calibration_get_status                 src/ASF/sam0/drivers/system/system_sam_b.o
system_osc_calibration_result                     src/ASF/sam0/drivers/system/system_sam_b.o
system_peripheral_reset                           src/ASF/sam0/drivers/system/system_sam_b.o
                                                  src/ASF/sam0/drivers/timer/timer.o
                                                  src/ASF/sam0/drivers/spi_flash/spi_flash.o
                                                  src/ASF/sam0/drivers/spi/spi.o
                                                  src/ASF/sam0/drivers/dualtimer/dualtimer.o
system_register_isr                               src/ASF/sam0/drivers/system/system_sam_b.o
                                                  src/ASF/sam0/drivers/timer/timer.o
                                                  src/ASF/sam0/drivers/spi/spi.o
                                                  src/ASF/sam0/drivers/gpio/gpio.o
                                                  src/ASF/sam0/drivers/dualtimer/dualtimer.o
system_rtc_calibration_clear_status               src/ASF/sam0/drivers/system/system_sam_b.o
system_rtc_calibration_disable                    src/ASF/sam0/drivers/system/system_sam_b.o
system_rtc_calibration_enable                     src/ASF/sam0/drivers/system/system_sam_b.o
system_rtc_calibration_get_status                 src/ASF/sam0/drivers/system/system_sam_b.o
system_rtc_calibration_result                     src/ASF/sam0/drivers/system/system_sam_b.o
system_unregister_isr                             src/ASF/sam0/drivers/system/system_sam_b.o
timer_clear_interrupt_status                      src/ASF/sam0/drivers/timer/timer.o
timer_disable                                     src/ASF/sam0/drivers/timer/timer.o
timer_enable                                      src/ASF/sam0/drivers/timer/timer.o
                                                  src/main_sam_b.o
timer_get_config_defaults                         src/ASF/sam0/drivers/timer/timer.o
                                                  src/main_sam_b.o
timer_get_interrupt_status                        src/ASF/sam0/drivers/timer/timer.o
timer_get_value                                   src/ASF/sam0/drivers/timer/timer.o
timer_init                                        src/ASF/sam0/drivers/timer/timer.o
                                                  src/main_sam_b.o
timer_register_callback                           src/ASF/sam0/drivers/timer/timer.o
                                                  src/main_sam_b.o
timer_set_value                                   src/ASF/sam0/drivers/timer/timer.o
timer_unregister_callback                         src/ASF/sam0/drivers/timer/timer.o
